[     845ms] Error: Unable to parse import map Unterminated string in JSON at position 25169 (line 120 column 202) in: {
  "imports": {
    "@hotwired\/turbo-rails": "\/\/cdn.shopify.com\/shopifycloud\/shopify\/assets\/turbo.min-06a04d9db4c3be9f421fc219b2ec24c63baf991eccbf8889b2f58fc32ae57789.js",
    "@hotwired\/stimulus": "\/\/cdn.shopify.com\/shopifycloud\/shopify\/assets\/stimulus.min-db071f6abc13bd6dcc6bb5e9ef6cb5b8ac23c9428c059f7e8d602325937dde40.js",
    "@hotwired\/stimulus-loading": "\/\/cdn.shopify.com\/shopifycloud\/shopify\/assets\/stimulus-loading-9baa52ea3b2eb0f7e14ff9ae46eab356ff4331366fa1dbfe77cc1993bffd48e6.js",
    "d3": "\/\/cdn.shopify.com\/shopifycloud\/shopify\/assets\/d3-b5274cda7710290ac8dd8862d50a6e2e2f8c7591f9a9b0ec9f407c6b8204c1f8.js",
    "d3-array": "\/\/cdn.shopify.com\/shopifycloud\/shopify\/assets\/d3-array-b65aa1ecd7e6e96b4566eb6b58880cf541e747fcd8dfaa262418bcd633c61827.js",
    "d3-axis": "\/\/cdn.shopify.com\/shopifycloud\/shopify\/assets\/d3-axis-62ebe85ec44eed63cbe71323cb7de42235d0368b3a128fc298e0c07735265d23.js",
    "d3-brush": "\/\/cdn.shopify.com\/shopifycloud\/shopify\/assets\/d3-brush-0fb30f56abfde536e4804f1d7c76b45145a8bd2b3fa236ac5f0b3d39d798d237.js",
    "d3-chord": "\/\/cdn.shopify.com\/shopifycloud\/shopify\/assets\/d3-chord-808712cea235de593846837759564867c9c87ef3ca19ac51053b494dd5c35877.js",
    "d3-color": "\/\/cdn.shopify.com\/shopifycloud\/shopify\/assets\/d3-color-4fd1e2730b45cc00986248bd6fea8fed159a4fa433ee779351e4e2241136a816.js",
    "d3-contour": "\/\/cdn.shopify.com\/shopifycloud\/shopify\/assets\/d3-contour-4bdd73ccf3a934b8d4177dfacbb2003057c331086954fa7f1a9a82907bf5fcc5.js",
    "d3-delaunay": "\/\/cdn.shopify.com\/shopifycloud\/shopify\/assets\/d3-delaunay-2fa9b1069365769ad91584f51500f62840938d701ae37033f2baf85efa7e8ebb.js",
    "d3-dispatch": "\/\/cdn.shopify.com\/shopifycloud\/shopify\/assets\/d3-dispatch-161a73a7084ab5f0f1772f8d279e311634464e7e49de39eb9e09ec4bdc5f3071.js",
    "d3-drag": "\/\/cdn.shopify.com\/shopifycloud\/shopify\/assets\/d3-drag-f1cf9085f7e86e81edff1c282fb6fd4b0f8cb2b18d0dc5ee558770dbe791e313.js",
    "d3-dsv": "\/\/cdn.shopify.com\/shopifycloud\/shopify\/assets\/d3-dsv-e68d55250771927e5613adcc2169583f356c89d24390c7159a7a330ff1bd7421.js",
    "d3-ease": "\/\/cdn.shopify.com\/shopifycloud\/shopify\/assets\/d3-ease-1c101bceb99382a7a5bae45bed612da5f0b323bfab8417e09ef911f8efb8a218.js",
    "d3-fetch": "\/\/cdn.shopify.com\/shopifycloud\/shopify\/assets\/d3-fetch-0dac6a782a12092284296f0ed9d2666465e30e3f1ed8c6bda6f50cb8150f2606.js",
    "d3-force": "\/\/cdn.shopify.com\/shopifycloud\/shopify\/assets\/d3-force-812963fb502c1456016e363bbdc838e1dd7710597b6e79678bbf58bc0c41fe0a.js",
    "d3-format": "\/\/cdn.shopify.com\/shopifycloud\/shopify\/assets\/d3-format-61a91bae5acff27a403fb4b1709e1712ef5e75e86a7cd433dfca3439690d16c6.js",
    "d3-geo": "\/\/cdn.shopify.com\/shopifycloud\/shopify\/assets\/d3-geo-3260a15393853f3493d93fcc5f8ae2ef5d7b227a3cebedfe647233fe6c149bf7.js",
    "d3-hierarchy": "\/\/cdn.shopify.com\/shopifycloud\/shopify\/assets\/d3-hierarchy-5c136104de3d566192e1f2fd78a7b3029d1693259778348c5ada283a314bb23c.js",
    "d3-interpolate": "\/\/cdn.shopify.com\/shopifycloud\/shopify\/assets\/d3-interpolate-35bb3032bcf9e150b64c5b2243a444b5882af4924093b67a2149652b1a19a3d3.js",
    "d3-path": "\/\/cdn.shopify.com\/shopifycloud\/shopify\/assets\/d3-path-26adfcabbf9ce46eb8591156ee74634160ec8c9cf6f9603c5f29706920c7f3b5.js",
    "d3-polygon": "\/\/cdn.shopify.com\/shopifycloud\/shopify\/assets\/d3-polygon-f44b82c01a08f378ae348c16270f42db5402a9b9558974bcd97b4c6d4a22da63.js",
    "d3-quadtree": "\/\/cdn.shopify.com\/shopifycloud\/shopify\/assets\/d3-quadtree-3d8e1ba1cc79f67f022dfbbc241c11e5a7a934da37ee701f0c043879b3459c21.js",
    "d3-random": "\/\/cdn.shopify.com\/shopifycloud\/shopify\/assets\/d3-random-82f104a7fce3e54998c7060ea48b021e2f13babb44fe4f5a49716ca730a61d45.js",
    "d3-scale": "\/\/cdn.shopify.com\/shopifycloud\/shopify\/assets\/d3-scale-2a9cf4e3b2d32add092fefc528476a25785b9eb4062188910b1e1a38ee1520ff.js",
    "d3-scale-chromatic": "\/\/cdn.shopify.com\/shopifycloud\/shopify\/assets\/d3-scale-chromatic-5fd3ec16a560ced05dff3ec15d5d4b3595bbf3ae73806e9e6c106e9bb43d79ff.js",
    "d3-selection": "\/\/cdn.shopify.com\/shopifycloud\/shopify\/assets\/d3-selection-ff1da52d405ad35aeb16903194118d6043567ec5b8bf148bda407debc6616e59.js",
    "d3-shape": "\/\/cdn.shopify.com\/shopifycloud\/shopify\/assets\/d3-shape-fd99b65ebe3300ae637eee8e18d703ebac681aee152151f79cb4a9ad7d2f988b.js",
    "d3-time": "\/\/cdn.shopify.com\/shopifycloud\/shopify\/assets\/d3-time-f8edcde513303b25073bed86170452aab5ea5551f94d0aed8be1f0bbfe595ed8.js",
    "d3-time-format": "\/\/cdn.shopify.com\/shopifycloud\/shopify\/assets\/d3-time-format-77a712f88c39075dc421d2c28109a141e68d87573fb5e6d84af2e559a6ba9de7.js",
    "d3-timer": "\/\/cdn.shopify.com\/shopifycloud\/shopify\/assets\/d3-timer-ccb0a5624298cb9f61bf905b8a4293f6775a0688978ef19315a4804a2d689f33.js",
    "d3-transition": "\/\/cdn.shopify.com\/shopifycloud\/shopify\/assets\/d3-transition-4cdfa5291cc0014afd34eb5056574ddafaa4a523f57ebd334203b7c660ac9156.js",
    "d3-zoom": "\/\/cdn.shopify.com\/shopifycloud\/shopify\/assets\/d3-zoom-c32942a3a005dd697e20a44a5350127a90d3ab6129e43fb635d69bb41e2f40cd.js",
    "delaunator": "\/\/cdn.shopify.com\/shopifycloud\/shopify\/assets\/delaunator-1c0ea03aab04171e3270500ec676f714a94e13ddb855d797663ea3855eefbf19.js",
    "internmap": "\/\/cdn.shopify.com\/shopifycloud\/shopify\/assets\/internmap-5968697f1f457eff24ec45263b03da81038372cd0c9f636a79e69a143c5109ce.js",
    "robust-predicates": "\/\/cdn.shopify.com\/shopifycloud\/shopify\/assets\/robust-predicates-3b93f6310a2bf04a10182d534ef21eaf0370ef176f1231c3c26f9d3ce1b21e77.js",
    "turbo_power": "\/\/cdn.shopify.com\/shopifycloud\/shopify\/assets\/turbo_power-bcde62cfa732b58649d7cfff7c6a53d732e49cc0db6bf066323969a990a1f7b9.js",
    "prism": "\/\/cdn.shopify.com\/shopifycloud\/shopify\/assets\/prism-a2e160957cea3b09e33edff462315288975af6648a599193e3ed4acdd6f9bb40.js",
    "@shopify\/opentelemetry-mini-client-private": "\/\/cdn.shopify.com\/shopifycloud\/shopify\/assets\/@shopify\/opentelemetry-mini-client-7fee19ddef97f15f2bac3ab63b28488de19a0baa3d860e6b67a20a5750788624.js",
    "@shopify\/condense-number": "\/\/cdn.shopify.com\/shopifycloud\/shopify\/assets\/@shopify\/condense-number-2e4f944f84cc03bdc3ef205c9fe832d12032b6e2b272433bad7ce9cac7fda1f8.js",
    "@shopify\/universal-cart": "\/\/cdn.shopify.com\/shopifycloud\/shopify\/assets\/@shopify\/universal-cart-81acc2f743d71f6f9470eae51d8a326f12ebe0227569dabfefbffcad9c3a58b7.js",
    "@shopify\/web-components": "\/\/cdn.shopify.com\/shopifycloud\/shopify\/assets\/@shopify\/storefront-web-components-2e486868ac0d3175db7e06ee67cc1b91968d4dce1b2aee74e17b6b6e62cad3fa.js",
    "@shopify\/checkout-kit": "\/\/cdn.shopify.com\/shopifycloud\/shopify\/assets\/@shopify\/checkout-kit-f88599a7c45d12f11c2ee64400791a206892a8a96945c5c7971410f8dd00a79f.js",
    "developer_dashboard\/controllers\/catalog_api_form_controller": "\/\/cdn.shopify.com\/shopifycloud\/shopify\/assets\/developer_dashboard\/controllers\/catalog_api_form_controller-44ef119085a8eb0158b67059a302f21f36ec9c056a219984250a381343b35188.js",
    "developer_dashboard\/controllers\/catalog_form_controller": "\/\/cdn.shopify.com\/shopifycloud\/shopify\/assets\/developer_dashboard\/controllers\/catalog_form_controller-c4059ed15c13800c14510ca518f90a29401a8f61ad5dea12c32319389bc4197b.js",
    "developer_dashboard\/controllers\/catalog_image_attach_controller": "\/\/cdn.shopify.com\/shopifycloud\/shopify\/assets\/developer_dashboard\/controllers\/catalog_image_attach_controller-f2a379125eb251872c187b162692e0b5da7d48db885e3c2e706b49d72711110d.js",
    "developer_dashboard\/controllers\/catalog_log_controller": "\/\/cdn.shopify.com\/shopifycloud\/shopify\/assets\/developer_dashboard\/controllers\/catalog_log_controller-a84d78de55d4e7e1b1671273064e97659f48ff94a6a609cbaa88fb087f4eaf10.js",
    "developer_dashboard\/controllers\/catalog_settings_controller": "\/\/cdn.shopify.com\/shopifycloud\/shopify\/assets\/developer_dashboard\/controllers\/catalog_settings_controller-387715ad741abbe6e6bdd7b1e09baef5814282add9732b44ff910777c725d3a8.js",
    "developer_dashboard\/controllers\/app_module\/app_access_controller": "\/\/cdn.shopify.com\/shopifycloud\/shopify\/assets\/developer_dashboard\/controllers\/app_module\/app_access_controller-544292568dc469d67b182475b8c3c70d4262cc4535759248a642fda7ad1969e5.js",
    "developer_dashboard\/controllers\/app_module_controller": "\/\/cdn.shopify.com\/shopifycloud\/shopify\/assets\/developer_dashboard\/controllers\/app_module_controller-f46e09266ebcb5ae1fd9bb2e9d74a065188012d8f7a5f5620b37101e598925a2.js",
    "developer_dashboard\/controllers\/components\/text_value_filter_controller": "\/\/cdn.shopify.com\/shopifycloud\/shopify\/assets\/developer_dashboard\/controllers\/components\/text_value_filter_controller-80eaaa5fe71475f385f7dbb67a32c92438883cf57bb6d9b5c39938e1a1b252fb.js",
    "developer_dashboard\/controllers\/logs_chart_selection_controller": "\/\/cdn.shopify.com\/shopifycloud\/shopify\/assets\/developer_dashboard\/controllers\/logs_chart_selection_controller-e7ade098b7b3b7562c63edfe9c92509169f4f752141fd34582ad85fb2da1dede.js",
    "developer_dashboard\/controllers\/collaboration_request_submit_controller": "\/\/cdn.shopify.com\/shopifycloud\/shopify\/assets\/developer_dashboard\/controllers\/collaboration_request_submit_controller-b1fc953a020d0273025df910250082f1a4f1abda02285d68e84e885739a86da9.js",
    "developer_dashboard\/controllers\/permissions_tree_controller": "\/\/cdn.shopify.com\/shopifycloud\/shopify\/assets\/developer_dashboard\/controllers\/permissions_tree_controller-f64d5ce5c962c5e01f09efef4d8c53a69ab99ddd5e338a736c1018639950f40e.js",
    "developer_dashboard\/controllers\/store_url_debounce_controller": "\/\/cdn.shopify.com\/shopifycloud\/shopify\/assets\/developer_dashboard\/controllers\/store_url_debounce_controller-afa96c58c695de1d3d0e78dff3a5695d6fab3234e8e1630059f731fa06e771ca.js",
    "developer_dashboard\/controllers\/stores_search_controller": "\/\/cdn.shopify.com\/shopifycloud\/shopify\/assets\/developer_dashboard\/controllers\/stores_search_controller-7ebe990e455f546561d19efc685226511657da80d42dfb527cd7b7e7ab88006a.js",
    "developer_dashboard\/application": "\/\/cdn.shopify.com\/shopifycloud\/shopify\/assets\/developer_dashboard\/application-f41545d80202eae4ec2e37a0321af03e482ce1f9dd68ac61ba0b4afc71fdf2f3.js",
    "developer_dashboard\/controllers\/application": "\/\/cdn.shopify.com\/shopifycloud\/shopify\/assets\/developer_dashboard\/controllers\/application-48e8b4d3dfcce7f7f8225f64dfd4717ff1874643325602d9eed09ad17b95cb76.js",
    "developer_dashboard\/controllers\/chart_controller": "\/\/cdn.shopify.com\/shopifycloud\/shopify\/assets\/developer_dashboard\/controllers\/chart_controller-0cd496902b02126ce8014214e261cf22b31d166476891c0832ef688ec27a5766.js",
    "developer_dashboard\/controllers\/classlist_controller": "\/\/cdn.shopify.com\/shopifycloud\/shopify\/assets\/developer_dashboard\/controllers\/classlist_controller-39df42d6c286118ad81bae79a8e14c5d2b24062fdb1bacae1e76627045c7c2f8.js",
    "developer_dashboard\/controllers\/components\/attribute_filter_controller": "\/\/cdn.shopify.com\/shopifycloud\/shopify\/assets\/developer_dashboard\/controllers\/components\/attribute_filter_controller-f5e0c15090699e7d65b9ec9341eccfe0c752a0432a338484fbe1adc8000cf1b2.js",
    "developer_dashboard\/controllers\/components\/button_controller": "\/\/cdn.shopify.com\/shopifycloud\/shopify\/assets\/developer_dashboard\/controllers\/components\/button_controller-170514ed4e5c565dddf7fd181e1905a85bd3045a8356d57a16a43edf15b92bdb.js",
    "developer_dashboard\/controllers\/components\/code_block_controller": "\/\/cdn.shopify.com\/shopifycloud\/shopify\/assets\/developer_dashboard\/controllers\/components\/code_block_controller-bd82cf7ff2fe8400488192312c12b3b8f90f3d60a6712b7a3adfe0b989da45d4.js",
    "developer_dashboard\/controllers\/components\/popover_controller": "\/\/cdn.shopify.com\/shopifycloud\/shopify\/assets\/developer_dashboard\/controllers\/components\/popover_controller-adf1a4a05771d6b23707e93158347ea6c4adf417da1fe3936fb725dbb3213c74.js",
    "developer_dashboard\/controllers\/components\/search_field_controller": "\/\/cdn.shopify.com\/shopifycloud\/shopify\/assets\/developer_dashboard\/controllers\/components\/search_field_controller-38db4c206a85108d856a18c942294012d0dbd8680dba8f348861ed850cb2a6b3.js",
    "developer_dashboard\/controllers\/components\/searchable_filter_controller": "\/\/cdn.shopify.com\/shopifycloud\/shopify\/assets\/developer_dashboard\/controllers\/components\/searchable_filter_controller-8157263763753f138bfba0daa8d543fa29b1bf225b375edc895a0de7795ab0b3.js",
    "developer_dashboard\/controllers\/components\/searchable_multi_select_filter_controller": "\/\/cdn.shopify.com\/shopifycloud\/shopify\/assets\/developer_dashboard\/controllers\/components\/searchable_multi_select_filter_controller-3dcc0f6f156826c04a656ca284f673f23271fa8421487c2763b5a0ba12bb31f8.js",
    "developer_dashboard\/controllers\/components\/text_field_controller": "\/\/cdn.shopify.com\/shopifycloud\/shopify\/assets\/developer_dashboard\/controllers\/components\/text_field_controller-76b76cbebc247d1914fd132e3f1e95f902ed5959a7830b75dfc418ba3ce392e5.js",
    "developer_dashboard\/controllers\/components\/tooltip_controller": "\/\/cdn.shopify.com\/shopifycloud\/shopify\/assets\/developer_dashboard\/controllers\/components\/tooltip_controller-e9b119c27e5cb587c2bf75e25c6f7749c076350417ef2fd94cfffaa8daa835c2.js",
    "developer_dashboard\/controllers\/copy_to_clipboard_controller": "\/\/cdn.shopify.com\/shopifycloud\/shopify\/assets\/developer_dashboard\/controllers\/copy_to_clipboard_controller-da7f6d231c5e73117e9f38c149600ffe81439d69f26bfcacb23b79d3daf303f8.js",
    "developer_dashboard\/controllers\/custom_select_controller": "\/\/cdn.shopify.com\/shopifycloud\/shopify\/assets\/developer_dashboard\/controllers\/custom_select_controller-ecd47fd0dd3b8ab7dce536064d7984c8dfec72798e14ab7cb40918ecbfef0a8c.js",
    "developer_dashboard\/controllers\/date_time_picker_controller": "\/\/cdn.shopify.com\/shopifycloud\/shopify\/assets\/developer_dashboard\/controllers\/date_time_picker_controller-e2d4f77624d5e97ede558178e5f78716acf22d436c0d8784a3d7a6420914686f.js",
    "developer_dashboard\/controllers\/disclosure_controller": "\/\/cdn.shopify.com\/shopifycloud\/shopify\/assets\/developer_dashboard\/controllers\/disclosure_controller-8193357118b9ec83d84bee59a96466a14d5611f3bea419f0f11a6703c262b627.js",
    "developer_dashboard\/controllers\/dom_node_controller": "\/\/cdn.shopify.com\/shopifycloud\/shopify\/assets\/developer_dashboard\/controllers\/dom_node_controller-005147de2fc3ccccab0f0e8b03d94cb5616249a3fe11798bbef6ad90db5de8fa.js",
    "developer_dashboard\/controllers\/dux_controller": "\/\/cdn.shopify.com\/shopifycloud\/shopify\/assets\/developer_dashboard\/controllers\/dux_controller-c555b5eb17f597d526763792032108cdea4c99415b1f172665daf6debcad0f25.js",
    "developer_dashboard\/controllers\/filter_controller": "\/\/cdn.shopify.com\/shopifycloud\/shopify\/assets\/developer_dashboard\/controllers\/filter_controller-0b222191a8eed85c468cdd72fdeffbc5c7f4d2c4bf8b4add7f88000184f8feb9.js",
    "developer_dashboard\/controllers\/form_controller": "\/\/cdn.shopify.com\/shopifycloud\/shopify\/assets\/developer_dashboard\/controllers\/form_controller-b40079ebb477b12b393a47f724babf2ee44eb3b7dbe97e8cb52e15c580ae71b5.js",
    "developer_dashboard\/controllers\/home_metric_tabs_controller": "\/\/cdn.shopify.com\/shopifycloud\/shopify\/assets\/developer_dashboard\/controllers\/home_metric_tabs_controller-92f5213140b86584b58a0d6bc1b87484fb8a16c4a03b7c352e0a0c8b3fd64cba.js",
    "developer_dashboard\/controllers": "\/\/cdn.shopify.com\/shopifycloud\/shopify\/assets\/developer_dashboard\/controllers\/index-599dcfc0d0d1bb75107e18cdbfbecd9fc0641746f361ced33d16c940599ccdc0.js",
    "developer_dashboard\/controllers\/modal_controller": "\/\/cdn.shopify.com\/shopifycloud\/shopify\/assets\/developer_dashboard\/controllers\/modal_controller-77759e967e19d91e0b76b3b78426f9ff97309e32946b976b22756344777df99d.js",
    "developer_dashboard\/controllers\/navigation_controller": "\/\/cdn.shopify.com\/shopifycloud\/shopify\/assets\/developer_dashboard\/controllers\/navigation_controller-37707d866111dd558329dd7846f7efcad8c09615c025319115a72b1f1235894d.js",
    "developer_dashboard\/controllers\/row_link_controller": "\/\/cdn.shopify.com\/shopifycloud\/shopify\/assets\/developer_dashboard\/controllers\/row_link_controller-5f8e5234645a1402a20a26b6a3b40ed7e5829af95ad19b88f5982cd71a0369f3.js",
    "developer_dashboard\/controllers\/shell_controller": "\/\/cdn.shopify.com\/shopifycloud\/shopify\/assets\/developer_dashboard\/controllers\/shell_controller-0f3ce096493b4d839001541d82fb59efbc63d844f8f3319e0fe0b4bf6b719e07.js",
    "developer_dashboard\/controllers\/show_secret_controller": "\/\/cdn.shopify.com\/shopifycloud\/shopify\/assets\/developer_dashboard\/controllers\/show_secret_controller-bd099ecc030dd6a6ea568c31d610fc7e21178351e14888a054866ac67964f23b.js",
    "developer_dashboard\/controllers\/sync_text_controller": "\/\/cdn.shopify.com\/shopifycloud\/shopify\/assets\/developer_dashboard\/controllers\/sync_text_controller-cd30d4378ed50a35fc83cf75e0267cb5cab97a5f96e4cda6f023e166ff3882fb.js",
    "developer_dashboard\/controllers\/tablist_controller": "\/\/cdn.shopify.com\/shopifycloud\/shopify\/assets\/developer_dashboard\/controllers\/tablist_controller-e38433b85bf8ec0edf29c872d38a55dc0111f765cbbe5a24111dbd6be1a75279.js",
    "developer_dashboard\/controllers\/tabs_controller": "\/\/cdn.shopify.com\/shopifycloud\/shopify\/assets\/developer_dashboard\/controllers\/tabs_controller-066cbdf766b41af88e36dbb42a067107f913281d5adc74a5f596c3ea85d9ae02.js",
    "developer_dashboard\/controllers\/telemetry_controller": "\/\/cdn.shopify.com\/shopifycloud\/shopify\/assets\/developer_dashboard\/controllers\/telemetry_controller-c44526e985d04e27baaa04ab728066573b06576b90cad4d1b6522c0b91ed9543.js",
    "developer_dashboard\/controllers\/time_range_picker_controller": "\/\/cdn.shopify.com\/shopifycloud\/shopify\/assets\/developer_dashboard\/controllers\/time_range_picker_controller-f1bc9ade63fed1128ebd15c724f5da4c0a68a4c690035af965c3bc1bd65e02ef.js",
    "developer_dashboard\/controllers\/toast_controller": "\/\/cdn.shopify.com\/shopifycloud\/shopify\/assets\/developer_dashboard\/controllers\/toast_controller-4e48c206b8997876ccbdd55d838a0f4a0a9f30d1fc7809d149a961ad6d63738f.js",
    "developer_dashboard\/controllers\/turbo_errors_controller": "\/\/cdn.shopify.com\/shopifycloud\/shopify\/assets\/developer_dashboard\/controllers\/turbo_errors_controller-2ff1e87c5b4c182b6c9ca41a4dac9f6cc72f35a23743a87a273a1fde52a3bb3c.js",
    "developer_dashboard\/controllers\/url_query_controller": "\/\/cdn.shopify.com\/shopifycloud\/shopify\/assets\/developer_dashboard\/controllers\/url_query_controller-f8a3505525f49030a3d5f1145b644b9379fa0f26a40d2efda12126f705f91422.js",
    "developer_dashboard\/controllers\/visibility_controller": "\/\/cdn.shopify.com\/shopifycloud\/shopify\/assets\/developer_dashboard\/controllers\/visibility_controller-8a71b9fec631a63714a54b96f42531656ede4ad3f8fb725556c211e70cc9e1b1.js",
    "developer_dashboard\/util\/d3\/charts\/2d\/base\/chartRenderer": "\/\/cdn.shopify.com\/shopifycloud\/shopify\/assets\/developer_dashboard\/util\/d3\/charts\/2d\/base\/chartRenderer-61a644809066adb680a9f7d32b5c3fc0e59745c30eb2d08f7c7318deff5fdc3d.js",
    "developer_dashboard\/util\/d3\/charts\/2d\/base\/labelRenderer": "\/\/cdn.shopify.com\/shopifycloud\/shopify\/assets\/developer_dashboard\/util\/d3\/charts\/2d\/base\/labelRenderer-56f4f59bd763851c62c157fbfb2fef042ff33671f125b2e382106601a732756d.js",
    "developer_dashboard\/util\/d3\/charts\/2d\/base\/legendRenderer": "\/\/cdn.shopify.com\/shopifycloud\/shopify\/assets\/developer_dashboard\/util\/d3\/charts\/2d\/base\/legendRenderer-0e546395636e8708cfbffd60f9ca62dbd3f761186d1fd01a03349c51078b6ced.js",
    "developer_dashboard\/util\/d3\/charts\/2d\/base\/scale": "\/\/cdn.shopify.com\/shopifycloud\/shopify\/assets\/developer_dashboard\/util\/d3\/charts\/2d\/base\/scale-c1b352277f759d7208bf750b99b2d139f4bc16e9baf4b08d5ebf3562e6a92fa7.js",
    "developer_dashboard\/util\/d3\/charts\/2d\/base\/tooltipRenderer": "\/\/cdn.shopify.com\/shopifycloud\/shopify\/assets\/developer_dashboard\/util\/d3\/charts\/2d\/base\/tooltipRenderer-b2c3c1d7d2aef0a5722807e7833ef605f5d9fa0890e9a7fe5b734f660a11f916.js",
    "developer_dashboard\/util\/d3\/charts\/2d\/horizontal\/horizontalBarRenderer": "\/\/cdn.shopify.com\/shopifycloud\/shopify\/assets\/developer_dashboard\/util\/d3\/charts\/2d\/horizontal\/horizontalBarRenderer-7c6297c4da564b9f8f669dceaf51c38609b5d1cd4db185a68eb40a7c76fa5001.js",
    "developer_dashboard\/util\/d3\/charts\/2d\/horizontal\/horizontalChartRenderer": "\/\/cdn.shopify.com\/shopifycloud\/shopify\/assets\/developer_dashboard\/util\/d3\/charts\/2d\/horizontal\/horizontalChartRenderer-db9af76a6cb9aea60ecc23ead9cf10b1ad43cd5e31feef94c25d6b81de729803.js",
    "developer_dashboard\/util\/d3\/charts\/2d\/horizontal\/horizontalTooltipRenderer": "\/\/cdn.shopify.com\/shopifycloud\/shopify\/assets\/developer_dashboard\/util\/d3\/charts\/2d\/horizontal\/horizontalTooltipRenderer-b0f47fa58d3e40bce040065e1c947a7bd005e6a7b67b848f4cd84658b56f21d5.js",
    "developer_dashboard\/util\/d3\/charts\/2d\/horizontal\/scale": "\/\/cdn.shopify.com\/shopifycloud\/shopify\/assets\/developer_dashboard\/util\/d3\/charts\/2d\/horizontal\/scale-e89d60bb2aa1abcebc1c7e82090c43b14bc37521915c4f2b9126d804443732fe.js",
    "developer_dashboard\/util\/d3\/charts\/2d\/vertical\/scale": "\/\/cdn.shopify.com\/shopifycloud\/shopify\/assets\/developer_dashboard\/util\/d3\/charts\/2d\/vertical\/scale-bee7ba408525ec5391974ecdf4b84b6dd8e30c02801e4e888cabceff3012a8b4.js",
    "developer_dashboard\/util\/d3\/charts\/2d\/vertical\/verticalBarRenderer": "\/\/cdn.shopify.com\/shopifycloud\/shopify\/assets\/developer_dashboard\/util\/d3\/charts\/2d\/vertical\/verticalBarRenderer-920b6593055c0751ae723d3502dd47d4df9346009c17e18b84fda56a8cd1ba96.js",
    "developer_dashboard\/util\/d3\/charts\/2d\/vertical\/verticalChartRenderer": "\/\/cdn.shopify.com\/shopifycloud\/shopify\/assets\/developer_dashboard\/util\/d3\/charts\/2d\/vertical\/verticalChartRenderer-5a5b33b90baf2a04282e6028c942918020dc3d2a34e65524d293beb4f38711fe.js",
    "developer_dashboard\/util\/d3\/charts\/2d\/vertical\/verticalLineRenderer": "\/\/cdn.shopify.com\/shopifycloud\/shopify\/assets\/developer_dashboard\/util\/d3\/charts\/2d\/vertical\/verticalLineRenderer-9841a135068d7973bf75a1119db3d3c862250a9f5956e291d02c931e1da779cf.js",
    "developer_dashboard\/util\/d3\/charts\/2d\/vertical\/verticalTooltipRenderer": "\/\/cdn.shopify.com\/shopifycloud\/shopify\/assets\/developer_dashboard\/util\/d3\/charts\/2d\/vertical\/verticalTooltipRenderer-06461677d72e8978bd3a9639dd2a88af9ea2a2a4cfcb63fcbc198a2dc2cc4def.js",
    "developer_dashboard\/util\/d3\/registry\/chartRegistry": "\/\/cdn.shopify.com\/shopifycloud\/shopify\/assets\/developer_dashboard\/util\/d3\/registry\/chartRegistry-31e33b546251a17acea09036fba09f6349ff56eca48759ad00f4b38cd83a4fe8.js",
    "developer_dashboard\/util\/d3\/registry\/init": "\/\/cdn.shopify.com\/shopifycloud\/shopify\/assets\/developer_dashboard\/util\/d3\/registry\/init-4ed4dead9fd3318056ebf456ea5806fdbf11a780367e22ab596ac83b1f4a02ee.js",
    "developer_dashboard\/util\/errorHandler": "\/\/cdn.shopify.com\/shopifycloud\/shopify\/assets\/developer_dashboard\/util\/errorHandler-6d62169b9bca337102b6e4dee018e988d09f95abc411b4450b99de8c70deb4a7.js",
    "developer_dashboard\/util\/frontend-translations": "\/\/cdn.shopify.com\/shopifycloud\/shopify\/assets\/developer_dashboard\/util\/frontend-translations-115b621f34065995186ddfe74e6769193b6d215910b3eb9077566b26d0c96d9f.js",
    "developer_dashboard\/util\/helpers": "\/\/cdn.shopify.com\/shopifycloud\/shopify\/assets\/developer_dashboard\/util\/helpers-a69cde49e25fd88f7d10f9fba8738fc72b312c280fc97ac67f7e445f34b03add.js",
    "developer_dashboard\/util\/i18n\/translate": "\/\/cdn.shopify.com\/shopifycloud\/shopify\/assets\/developer_dashboard\/util\/i18n\/translate-6da6227d5a20566e2c5b01449c84d928db2227aa9bf4c1a80d6bbca368b4f2a3.js",
    "developer_dashboard\/util\/initBugsnag": "\/\/cdn.shopify.com\/shopifycloud\/shopify\/assets\/developer_dashboard\/util\/initBugsnag-60bf67a01c870f98ab0facfb8050b9caca26ba8eb108f5336c9a620647a89f61.js",
    "developer_dashboard\/util\/masks": "\/\/cdn.shopify.com\/shopifycloud\/shopify\/assets\/developer_dashboard\/util\/masks-01b4ddd300d7affeb9a2a0cde8e40030de4f0d9aef2c4fe120175e7498d3daef.js",
    "developer_dashboard\/util\/metrics": "\/\/cdn.shopify.com\/shopifycloud\/shopify\/assets\/developer_dashboard\/util\/metrics-30940a9800a7860906954a2ec659b8510221c943c701e43d7769c0cc3f03d062.js",
    "developer_dashboard\/util\/popoverPositioning": "\/\/cdn.shopify.com\/shopifycloud\/shopify\/assets\/developer_dashboard\/util\/popoverPositioning-96be298fb43a3b42ed0807a3bf168048316878fc552e09d08
    at https://cdn.shopify.com/shopifycloud/shopify/assets/importmap-shim-36887bb13a85087895187d2c11b8bdf257866dcdeabceae8a733b2a70af6eaa7.js:2:8333
[     845ms] [ERROR] Error: Unable to parse import map Unterminated string in JSON at position 25169 (line 120 column 202) in: {
  "imports": {
    "@hotwired\/turbo-rails": "\/\/cdn.shopify.com\/shopifycloud\/shopify\/assets\/turbo.min-06a04d9db4c3be9f421fc219b2ec24c63baf991eccbf8889b2f58fc32ae57789.js",
    "@hotwired\/stimulus": "\/\/cdn.shopify.com\/shopifycloud\/shopify\/assets\/stimulus.min-db071f6abc13bd6dcc6bb5e9ef6cb5b8ac23c9428c059f7e8d602325937dde40.js",
    "@hotwired\/stimulus-loading": "\/\/cdn.shopify.com\/shopifycloud\/shopify\/assets\/stimulus-loading-9baa52ea3b2eb0f7e14ff9ae46eab356ff4331366fa1dbfe77cc1993bffd48e6.js",
    "d3": "\/\/cdn.shopify.com\/shopifycloud\/shopify\/assets\/d3-b5274cda7710290ac8dd8862d50a6e2e2f8c7591f9a9b0ec9f407c6b8204c1f8.js",
    "d3-array": "\/\/cdn.shopify.com\/shopifycloud\/shopify\/assets\/d3-array-b65aa1ecd7e6e96b4566eb6b58880cf541e747fcd8dfaa262418bcd633c61827.js",
    "d3-axis": "\/\/cdn.shopify.com\/shopifycloud\/shopify\/assets\/d3-axis-62ebe85ec44eed63cbe71323cb7de42235d0368b3a128fc298e0c07735265d23.js",
    "d3-brush": "\/\/cdn.shopify.com\/shopifycloud\/shopify\/assets\/d3-brush-0fb30f56abfde536e4804f1d7c76b45145a8bd2b3fa236ac5f0b3d39d798d237.js",
    "d3-chord": "\/\/cdn.shopify.com\/shopifycloud\/shopify\/assets\/d3-chord-808712cea235de593846837759564867c9c87ef3ca19ac51053b494dd5c35877.js",
    "d3-color": "\/\/cdn.shopify.com\/shopifycloud\/shopify\/assets\/d3-color-4fd1e2730b45cc00986248bd6fea8fed159a4fa433ee779351e4e2241136a816.js",
    "d3-contour": "\/\/cdn.shopify.com\/shopifycloud\/shopify\/assets\/d3-contour-4bdd73ccf3a934b8d4177dfacbb2003057c331086954fa7f1a9a82907bf5fcc5.js",
    "d3-delaunay": "\/\/cdn.shopify.com\/shopifycloud\/shopify\/assets\/d3-delaunay-2fa9b1069365769ad91584f51500f62840938d701ae37033f2baf85efa7e8ebb.js",
    "d3-dispatch": "\/\/cdn.shopify.com\/shopifycloud\/shopify\/assets\/d3-dispatch-161a73a7084ab5f0f1772f8d279e311634464e7e49de39eb9e09ec4bdc5f3071.js",
    "d3-drag": "\/\/cdn.shopify.com\/shopifycloud\/shopify\/assets\/d3-drag-f1cf9085f7e86e81edff1c282fb6fd4b0f8cb2b18d0dc5ee558770dbe791e313.js",
    "d3-dsv": "\/\/cdn.shopify.com\/shopifycloud\/shopify\/assets\/d3-dsv-e68d55250771927e5613adcc2169583f356c89d24390c7159a7a330ff1bd7421.js",
    "d3-ease": "\/\/cdn.shopify.com\/shopifycloud\/shopify\/assets\/d3-ease-1c101bceb99382a7a5bae45bed612da5f0b323bfab8417e09ef911f8efb8a218.js",
    "d3-fetch": "\/\/cdn.shopify.com\/shopifycloud\/shopify\/assets\/d3-fetch-0dac6a782a12092284296f0ed9d2666465e30e3f1ed8c6bda6f50cb8150f2606.js",
    "d3-force": "\/\/cdn.shopify.com\/shopifycloud\/shopify\/assets\/d3-force-812963fb502c1456016e363bbdc838e1dd7710597b6e79678bbf58bc0c41fe0a.js",
    "d3-format": "\/\/cdn.shopify.com\/shopifycloud\/shopify\/assets\/d3-format-61a91bae5acff27a403fb4b1709e1712ef5e75e86a7cd433dfca3439690d16c6.js",
    "d3-geo": "\/\/cdn.shopify.com\/shopifycloud\/shopify\/assets\/d3-geo-3260a15393853f3493d93fcc5f8ae2ef5d7b227a3cebedfe647233fe6c149bf7.js",
    "d3-hierarchy": "\/\/cdn.shopify.com\/shopifycloud\/shopify\/assets\/d3-hierarchy-5c136104de3d566192e1f2fd78a7b3029d1693259778348c5ada283a314bb23c.js",
    "d3-interpolate": "\/\/cdn.shopify.com\/shopifycloud\/shopify\/assets\/d3-interpolate-35bb3032bcf9e150b64c5b2243a444b5882af4924093b67a2149652b1a19a3d3.js",
    "d3-path": "\/\/cdn.shopify.com\/shopifycloud\/shopify\/assets\/d3-path-26adfcabbf9ce46eb8591156ee74634160ec8c9cf6f9603c5f29706920c7f3b5.js",
    "d3-polygon": "\/\/cdn.shopify.com\/shopifycloud\/shopify\/assets\/d3-polygon-f44b82c01a08f378ae348c16270f42db5402a9b9558974bcd97b4c6d4a22da63.js",
    "d3-quadtree": "\/\/cdn.shopify.com\/shopifycloud\/shopify\/assets\/d3-quadtree-3d8e1ba1cc79f67f022dfbbc241c11e5a7a934da37ee701f0c043879b3459c21.js",
    "d3-random": "\/\/cdn.shopify.com\/shopifycloud\/shopify\/assets\/d3-random-82f104a7fce3e54998c7060ea48b021e2f13babb44fe4f5a49716ca730a61d45.js",
    "d3-scale": "\/\/cdn.shopify.com\/shopifycloud\/shopify\/assets\/d3-scale-2a9cf4e3b2d32add092fefc528476a25785b9eb4062188910b1e1a38ee1520ff.js",
    "d3-scale-chromatic": "\/\/cdn.shopify.com\/shopifycloud\/shopify\/assets\/d3-scale-chromatic-5fd3ec16a560ced05dff3ec15d5d4b3595bbf3ae73806e9e6c106e9bb43d79ff.js",
    "d3-selection": "\/\/cdn.shopify.com\/shopifycloud\/shopify\/assets\/d3-selection-ff1da52d405ad35aeb16903194118d6043567ec5b8bf148bda407debc6616e59.js",
    "d3-shape": "\/\/cdn.shopify.com\/shopifycloud\/shopify\/assets\/d3-shape-fd99b65ebe3300ae637eee8e18d703ebac681aee152151f79cb4a9ad7d2f988b.js",
    "d3-time": "\/\/cdn.shopify.com\/shopifycloud\/shopify\/assets\/d3-time-f8edcde513303b25073bed86170452aab5ea5551f94d0aed8be1f0bbfe595ed8.js",
    "d3-time-format": "\/\/cdn.shopify.com\/shopifycloud\/shopify\/assets\/d3-time-format-77a712f88c39075dc421d2c28109a141e68d87573fb5e6d84af2e559a6ba9de7.js",
    "d3-timer": "\/\/cdn.shopify.com\/shopifycloud\/shopify\/assets\/d3-timer-ccb0a5624298cb9f61bf905b8a4293f6775a0688978ef19315a4804a2d689f33.js",
    "d3-transition": "\/\/cdn.shopify.com\/shopifycloud\/shopify\/assets\/d3-transition-4cdfa5291cc0014afd34eb5056574ddafaa4a523f57ebd334203b7c660ac9156.js",
    "d3-zoom": "\/\/cdn.shopify.com\/shopifycloud\/shopify\/assets\/d3-zoom-c32942a3a005dd697e20a44a5350127a90d3ab6129e43fb635d69bb41e2f40cd.js",
    "delaunator": "\/\/cdn.shopify.com\/shopifycloud\/shopify\/assets\/delaunator-1c0ea03aab04171e3270500ec676f714a94e13ddb855d797663ea3855eefbf19.js",
    "internmap": "\/\/cdn.shopify.com\/shopifycloud\/shopify\/assets\/internmap-5968697f1f457eff24ec45263b03da81038372cd0c9f636a79e69a143c5109ce.js",
    "robust-predicates": "\/\/cdn.shopify.com\/shopifycloud\/shopify\/assets\/robust-predicates-3b93f6310a2bf04a10182d534ef21eaf0370ef176f1231c3c26f9d3ce1b21e77.js",
    "turbo_power": "\/\/cdn.shopify.com\/shopifycloud\/shopify\/assets\/turbo_power-bcde62cfa732b58649d7cfff7c6a53d732e49cc0db6bf066323969a990a1f7b9.js",
    "prism": "\/\/cdn.shopify.com\/shopifycloud\/shopify\/assets\/prism-a2e160957cea3b09e33edff462315288975af6648a599193e3ed4acdd6f9bb40.js",
    "@shopify\/opentelemetry-mini-client-private": "\/\/cdn.shopify.com\/shopifycloud\/shopify\/assets\/@shopify\/opentelemetry-mini-client-7fee19ddef97f15f2bac3ab63b28488de19a0baa3d860e6b67a20a5750788624.js",
    "@shopify\/condense-number": "\/\/cdn.shopify.com\/shopifycloud\/shopify\/assets\/@shopify\/condense-number-2e4f944f84cc03bdc3ef205c9fe832d12032b6e2b272433bad7ce9cac7fda1f8.js",
    "@shopify\/universal-cart": "\/\/cdn.shopify.com\/shopifycloud\/shopify\/assets\/@shopify\/universal-cart-81acc2f743d71f6f9470eae51d8a326f12ebe0227569dabfefbffcad9c3a58b7.js",
    "@shopify\/web-components": "\/\/cdn.shopify.com\/shopifycloud\/shopify\/assets\/@shopify\/storefront-web-components-2e486868ac0d3175db7e06ee67cc1b91968d4dce1b2aee74e17b6b6e62cad3fa.js",
    "@shopify\/checkout-kit": "\/\/cdn.shopify.com\/shopifycloud\/shopify\/assets\/@shopify\/checkout-kit-f88599a7c45d12f11c2ee64400791a206892a8a96945c5c7971410f8dd00a79f.js",
    "developer_dashboard\/controllers\/catalog_api_form_controller": "\/\/cdn.shopify.com\/shopifycloud\/shopify\/assets\/developer_dashboard\/controllers\/catalog_api_form_controller-44ef119085a8eb0158b67059a302f21f36ec9c056a219984250a381343b35188.js",
    "developer_dashboard\/controllers\/catalog_form_controller": "\/\/cdn.shopify.com\/shopifycloud\/shopify\/assets\/developer_dashboard\/controllers\/catalog_form_controller-c4059ed15c13800c14510ca518f90a29401a8f61ad5dea12c32319389bc4197b.js",
    "developer_dashboard\/controllers\/catalog_image_attach_controller": "\/\/cdn.shopify.com\/shopifycloud\/shopify\/assets\/developer_dashboard\/controllers\/catalog_image_attach_controller-f2a379125eb251872c187b162692e0b5da7d48db885e3c2e706b49d72711110d.js",
    "developer_dashboard\/controllers\/catalog_log_controller": "\/\/cdn.shopify.com\/shopifycloud\/shopify\/assets\/developer_dashboard\/controllers\/catalog_log_controller-a84d78de55d4e7e1b1671273064e97659f48ff94a6a609cbaa88fb087f4eaf10.js",
    "developer_dashboard\/controllers\/catalog_settings_controller": "\/\/cdn.shopify.com\/shopifycloud\/shopify\/assets\/developer_dashboard\/controllers\/catalog_settings_controller-387715ad741abbe6e6bdd7b1e09baef5814282add9732b44ff910777c725d3a8.js",
    "developer_dashboard\/controllers\/app_module\/app_access_controller": "\/\/cdn.shopify.com\/shopifycloud\/shopify\/assets\/developer_dashboard\/controllers\/app_module\/app_access_controller-544292568dc469d67b182475b8c3c70d4262cc4535759248a642fda7ad1969e5.js",
    "developer_dashboard\/controllers\/app_module_controller": "\/\/cdn.shopify.com\/shopifycloud\/shopify\/assets\/developer_dashboard\/controllers\/app_module_controller-f46e09266ebcb5ae1fd9bb2e9d74a065188012d8f7a5f5620b37101e598925a2.js",
    "developer_dashboard\/controllers\/components\/text_value_filter_controller": "\/\/cdn.shopify.com\/shopifycloud\/shopify\/assets\/developer_dashboard\/controllers\/components\/text_value_filter_controller-80eaaa5fe71475f385f7dbb67a32c92438883cf57bb6d9b5c39938e1a1b252fb.js",
    "developer_dashboard\/controllers\/logs_chart_selection_controller": "\/\/cdn.shopify.com\/shopifycloud\/shopify\/assets\/developer_dashboard\/controllers\/logs_chart_selection_controller-e7ade098b7b3b7562c63edfe9c92509169f4f752141fd34582ad85fb2da1dede.js",
    "developer_dashboard\/controllers\/collaboration_request_submit_controller": "\/\/cdn.shopify.com\/shopifycloud\/shopify\/assets\/developer_dashboard\/controllers\/collaboration_request_submit_controller-b1fc953a020d0273025df910250082f1a4f1abda02285d68e84e885739a86da9.js",
    "developer_dashboard\/controllers\/permissions_tree_controller": "\/\/cdn.shopify.com\/shopifycloud\/shopify\/assets\/developer_dashboard\/controllers\/permissions_tree_controller-f64d5ce5c962c5e01f09efef4d8c53a69ab99ddd5e338a736c1018639950f40e.js",
    "developer_dashboard\/controllers\/store_url_debounce_controller": "\/\/cdn.shopify.com\/shopifycloud\/shopify\/assets\/developer_dashboard\/controllers\/store_url_debounce_controller-afa96c58c695de1d3d0e78dff3a5695d6fab3234e8e1630059f731fa06e771ca.js",
    "developer_dashboard\/controllers\/stores_search_controller": "\/\/cdn.shopify.com\/shopifycloud\/shopify\/assets\/developer_dashboard\/controllers\/stores_search_controller-7ebe990e455f546561d19efc685226511657da80d42dfb527cd7b7e7ab88006a.js",
    "developer_dashboard\/application": "\/\/cdn.shopify.com\/shopifycloud\/shopify\/assets\/developer_dashboard\/application-f41545d80202eae4ec2e37a0321af03e482ce1f9dd68ac61ba0b4afc71fdf2f3.js",
    "developer_dashboard\/controllers\/application": "\/\/cdn.shopify.com\/shopifycloud\/shopify\/assets\/developer_dashboard\/controllers\/application-48e8b4d3dfcce7f7f8225f64dfd4717ff1874643325602d9eed09ad17b95cb76.js",
    "developer_dashboard\/controllers\/chart_controller": "\/\/cdn.shopify.com\/shopifycloud\/shopify\/assets\/developer_dashboard\/controllers\/chart_controller-0cd496902b02126ce8014214e261cf22b31d166476891c0832ef688ec27a5766.js",
    "developer_dashboard\/controllers\/classlist_controller": "\/\/cdn.shopify.com\/shopifycloud\/shopify\/assets\/developer_dashboard\/controllers\/classlist_controller-39df42d6c286118ad81bae79a8e14c5d2b24062fdb1bacae1e76627045c7c2f8.js",
    "developer_dashboard\/controllers\/components\/attribute_filter_controller": "\/\/cdn.shopify.com\/shopifycloud\/shopify\/assets\/developer_dashboard\/controllers\/components\/attribute_filter_controller-f5e0c15090699e7d65b9ec9341eccfe0c752a0432a338484fbe1adc8000cf1b2.js",
    "developer_dashboard\/controllers\/components\/button_controller": "\/\/cdn.shopify.com\/shopifycloud\/shopify\/assets\/developer_dashboard\/controllers\/components\/button_controller-170514ed4e5c565dddf7fd181e1905a85bd3045a8356d57a16a43edf15b92bdb.js",
    "developer_dashboard\/controllers\/components\/code_block_controller": "\/\/cdn.shopify.com\/shopifycloud\/shopify\/assets\/developer_dashboard\/controllers\/components\/code_block_controller-bd82cf7ff2fe8400488192312c12b3b8f90f3d60a6712b7a3adfe0b989da45d4.js",
    "developer_dashboard\/controllers\/components\/popover_controller": "\/\/cdn.shopify.com\/shopifycloud\/shopify\/assets\/developer_dashboard\/controllers\/components\/popover_controller-adf1a4a05771d6b23707e93158347ea6c4adf417da1fe3936fb725dbb3213c74.js",
    "developer_dashboard\/controllers\/components\/search_field_controller": "\/\/cdn.shopify.com\/shopifycloud\/shopify\/assets\/developer_dashboard\/controllers\/components\/search_field_controller-38db4c206a85108d856a18c942294012d0dbd8680dba8f348861ed850cb2a6b3.js",
    "developer_dashboard\/controllers\/components\/searchable_filter_controller": "\/\/cdn.shopify.com\/shopifycloud\/shopify\/assets\/developer_dashboard\/controllers\/components\/searchable_filter_controller-8157263763753f138bfba0daa8d543fa29b1bf225b375edc895a0de7795ab0b3.js",
    "developer_dashboard\/controllers\/components\/searchable_multi_select_filter_controller": "\/\/cdn.shopify.com\/shopifycloud\/shopify\/assets\/developer_dashboard\/controllers\/components\/searchable_multi_select_filter_controller-3dcc0f6f156826c04a656ca284f673f23271fa8421487c2763b5a0ba12bb31f8.js",
    "developer_dashboard\/controllers\/components\/text_field_controller": "\/\/cdn.shopify.com\/shopifycloud\/shopify\/assets\/developer_dashboard\/controllers\/components\/text_field_controller-76b76cbebc247d1914fd132e3f1e95f902ed5959a7830b75dfc418ba3ce392e5.js",
    "developer_dashboard\/controllers\/components\/tooltip_controller": "\/\/cdn.shopify.com\/shopifycloud\/shopify\/assets\/developer_dashboard\/controllers\/components\/tooltip_controller-e9b119c27e5cb587c2bf75e25c6f7749c076350417ef2fd94cfffaa8daa835c2.js",
    "developer_dashboard\/controllers\/copy_to_clipboard_controller": "\/\/cdn.shopify.com\/shopifycloud\/shopify\/assets\/developer_dashboard\/controllers\/copy_to_clipboard_controller-da7f6d231c5e73117e9f38c149600ffe81439d69f26bfcacb23b79d3daf303f8.js",
    "developer_dashboard\/controllers\/custom_select_controller": "\/\/cdn.shopify.com\/shopifycloud\/shopify\/assets\/developer_dashboard\/controllers\/custom_select_controller-ecd47fd0dd3b8ab7dce536064d7984c8dfec72798e14ab7cb40918ecbfef0a8c.js",
    "developer_dashboard\/controllers\/date_time_picker_controller": "\/\/cdn.shopify.com\/shopifycloud\/shopify\/assets\/developer_dashboard\/controllers\/date_time_picker_controller-e2d4f77624d5e97ede558178e5f78716acf22d436c0d8784a3d7a6420914686f.js",
    "developer_dashboard\/controllers\/disclosure_controller": "\/\/cdn.shopify.com\/shopifycloud\/shopify\/assets\/developer_dashboard\/controllers\/disclosure_controller-8193357118b9ec83d84bee59a96466a14d5611f3bea419f0f11a6703c262b627.js",
    "developer_dashboard\/controllers\/dom_node_controller": "\/\/cdn.shopify.com\/shopifycloud\/shopify\/assets\/developer_dashboard\/controllers\/dom_node_controller-005147de2fc3ccccab0f0e8b03d94cb5616249a3fe11798bbef6ad90db5de8fa.js",
    "developer_dashboard\/controllers\/dux_controller": "\/\/cdn.shopify.com\/shopifycloud\/shopify\/assets\/developer_dashboard\/controllers\/dux_controller-c555b5eb17f597d526763792032108cdea4c99415b1f172665daf6debcad0f25.js",
    "developer_dashboard\/controllers\/filter_controller": "\/\/cdn.shopify.com\/shopifycloud\/shopify\/assets\/developer_dashboard\/controllers\/filter_controller-0b222191a8eed85c468cdd72fdeffbc5c7f4d2c4bf8b4add7f88000184f8feb9.js",
    "developer_dashboard\/controllers\/form_controller": "\/\/cdn.shopify.com\/shopifycloud\/shopify\/assets\/developer_dashboard\/controllers\/form_controller-b40079ebb477b12b393a47f724babf2ee44eb3b7dbe97e8cb52e15c580ae71b5.js",
    "developer_dashboard\/controllers\/home_metric_tabs_controller": "\/\/cdn.shopify.com\/shopifycloud\/shopify\/assets\/developer_dashboard\/controllers\/home_metric_tabs_controller-92f5213140b86584b58a0d6bc1b87484fb8a16c4a03b7c352e0a0c8b3fd64cba.js",
    "developer_dashboard\/controllers": "\/\/cdn.shopify.com\/shopifycloud\/shopify\/assets\/developer_dashboard\/controllers\/index-599dcfc0d0d1bb75107e18cdbfbecd9fc0641746f361ced33d16c940599ccdc0.js",
    "developer_dashboard\/controllers\/modal_controller": "\/\/cdn.shopify.com\/shopifycloud\/shopify\/assets\/developer_dashboard\/controllers\/modal_controller-77759e967e19d91e0b76b3b78426f9ff97309e32946b976b22756344777df99d.js",
    "developer_dashboard\/controllers\/navigation_controller": "\/\/cdn.shopify.com\/shopifycloud\/shopify\/assets\/developer_dashboard\/controllers\/navigation_controller-37707d866111dd558329dd7846f7efcad8c09615c025319115a72b1f1235894d.js",
    "developer_dashboard\/controllers\/row_link_controller": "\/\/cdn.shopify.com\/shopifycloud\/shopify\/assets\/developer_dashboard\/controllers\/row_link_controller-5f8e5234645a1402a20a26b6a3b40ed7e5829af95ad19b88f5982cd71a0369f3.js",
    "developer_dashboard\/controllers\/shell_controller": "\/\/cdn.shopify.com\/shopifycloud\/shopify\/assets\/developer_dashboard\/controllers\/shell_controller-0f3ce096493b4d839001541d82fb59efbc63d844f8f3319e0fe0b4bf6b719e07.js",
    "developer_dashboard\/controllers\/show_secret_controller": "\/\/cdn.shopify.com\/shopifycloud\/shopify\/assets\/developer_dashboard\/controllers\/show_secret_controller-bd099ecc030dd6a6ea568c31d610fc7e21178351e14888a054866ac67964f23b.js",
    "developer_dashboard\/controllers\/sync_text_controller": "\/\/cdn.shopify.com\/shopifycloud\/shopify\/assets\/developer_dashboard\/controllers\/sync_text_controller-cd30d4378ed50a35fc83cf75e0267cb5cab97a5f96e4cda6f023e166ff3882fb.js",
    "developer_dashboard\/controllers\/tablist_controller": "\/\/cdn.shopify.com\/shopifycloud\/shopify\/assets\/developer_dashboard\/controllers\/tablist_controller-e38433b85bf8ec0edf29c872d38a55dc0111f765cbbe5a24111dbd6be1a75279.js",
    "developer_dashboard\/controllers\/tabs_controller": "\/\/cdn.shopify.com\/shopifycloud\/shopify\/assets\/developer_dashboard\/controllers\/tabs_controller-066cbdf766b41af88e36dbb42a067107f913281d5adc74a5f596c3ea85d9ae02.js",
    "developer_dashboard\/controllers\/telemetry_controller": "\/\/cdn.shopify.com\/shopifycloud\/shopify\/assets\/developer_dashboard\/controllers\/telemetry_controller-c44526e985d04e27baaa04ab728066573b06576b90cad4d1b6522c0b91ed9543.js",
    "developer_dashboard\/controllers\/time_range_picker_controller": "\/\/cdn.shopify.com\/shopifycloud\/shopify\/assets\/developer_dashboard\/controllers\/time_range_picker_controller-f1bc9ade63fed1128ebd15c724f5da4c0a68a4c690035af965c3bc1bd65e02ef.js",
    "developer_dashboard\/controllers\/toast_controller": "\/\/cdn.shopify.com\/shopifycloud\/shopify\/assets\/developer_dashboard\/controllers\/toast_controller-4e48c206b8997876ccbdd55d838a0f4a0a9f30d1fc7809d149a961ad6d63738f.js",
    "developer_dashboard\/controllers\/turbo_errors_controller": "\/\/cdn.shopify.com\/shopifycloud\/shopify\/assets\/developer_dashboard\/controllers\/turbo_errors_controller-2ff1e87c5b4c182b6c9ca41a4dac9f6cc72f35a23743a87a273a1fde52a3bb3c.js",
    "developer_dashboard\/controllers\/url_query_controller": "\/\/cdn.shopify.com\/shopifycloud\/shopify\/assets\/developer_dashboard\/controllers\/url_query_controller-f8a3505525f49030a3d5f1145b644b9379fa0f26a40d2efda12126f705f91422.js",
    "developer_dashboard\/controllers\/visibility_controller": "\/\/cdn.shopify.com\/shopifycloud\/shopify\/assets\/developer_dashboard\/controllers\/visibility_controller-8a71b9fec631a63714a54b96f42531656ede4ad3f8fb725556c211e70cc9e1b1.js",
    "developer_dashboard\/util\/d3\/charts\/2d\/base\/chartRenderer": "\/\/cdn.shopify.com\/shopifycloud\/shopify\/assets\/developer_dashboard\/util\/d3\/charts\/2d\/base\/chartRenderer-61a644809066adb680a9f7d32b5c3fc0e59745c30eb2d08f7c7318deff5fdc3d.js",
    "developer_dashboard\/util\/d3\/charts\/2d\/base\/labelRenderer": "\/\/cdn.shopify.com\/shopifycloud\/shopify\/assets\/developer_dashboard\/util\/d3\/charts\/2d\/base\/labelRenderer-56f4f59bd763851c62c157fbfb2fef042ff33671f125b2e382106601a732756d.js",
    "developer_dashboard\/util\/d3\/charts\/2d\/base\/legendRenderer": "\/\/cdn.shopify.com\/shopifycloud\/shopify\/assets\/developer_dashboard\/util\/d3\/charts\/2d\/base\/legendRenderer-0e546395636e8708cfbffd60f9ca62dbd3f761186d1fd01a03349c51078b6ced.js",
    "developer_dashboard\/util\/d3\/charts\/2d\/base\/scale": "\/\/cdn.shopify.com\/shopifycloud\/shopify\/assets\/developer_dashboard\/util\/d3\/charts\/2d\/base\/scale-c1b352277f759d7208bf750b99b2d139f4bc16e9baf4b08d5ebf3562e6a92fa7.js",
    "developer_dashboard\/util\/d3\/charts\/2d\/base\/tooltipRenderer": "\/\/cdn.shopify.com\/shopifycloud\/shopify\/assets\/developer_dashboard\/util\/d3\/charts\/2d\/base\/tooltipRenderer-b2c3c1d7d2aef0a5722807e7833ef605f5d9fa0890e9a7fe5b734f660a11f916.js",
    "developer_dashboard\/util\/d3\/charts\/2d\/horizontal\/horizontalBarRenderer": "\/\/cdn.shopify.com\/shopifycloud\/shopify\/assets\/developer_dashboard\/util\/d3\/charts\/2d\/horizontal\/horizontalBarRenderer-7c6297c4da564b9f8f669dceaf51c38609b5d1cd4db185a68eb40a7c76fa5001.js",
    "developer_dashboard\/util\/d3\/charts\/2d\/horizontal\/horizontalChartRenderer": "\/\/cdn.shopify.com\/shopifycloud\/shopify\/assets\/developer_dashboard\/util\/d3\/charts\/2d\/horizontal\/horizontalChartRenderer-db9af76a6cb9aea60ecc23ead9cf10b1ad43cd5e31feef94c25d6b81de729803.js",
    "developer_dashboard\/util\/d3\/charts\/2d\/horizontal\/horizontalTooltipRenderer": "\/\/cdn.shopify.com\/shopifycloud\/shopify\/assets\/developer_dashboard\/util\/d3\/charts\/2d\/horizontal\/horizontalTooltipRenderer-b0f47fa58d3e40bce040065e1c947a7bd005e6a7b67b848f4cd84658b56f21d5.js",
    "developer_dashboard\/util\/d3\/charts\/2d\/horizontal\/scale": "\/\/cdn.shopify.com\/shopifycloud\/shopify\/assets\/developer_dashboard\/util\/d3\/charts\/2d\/horizontal\/scale-e89d60bb2aa1abcebc1c7e82090c43b14bc37521915c4f2b9126d804443732fe.js",
    "developer_dashboard\/util\/d3\/charts\/2d\/vertical\/scale": "\/\/cdn.shopify.com\/shopifycloud\/shopify\/assets\/developer_dashboard\/util\/d3\/charts\/2d\/vertical\/scale-bee7ba408525ec5391974ecdf4b84b6dd8e30c02801e4e888cabceff3012a8b4.js",
    "developer_dashboard\/util\/d3\/charts\/2d\/vertical\/verticalBarRenderer": "\/\/cdn.shopify.com\/shopifycloud\/shopify\/assets\/developer_dashboard\/util\/d3\/charts\/2d\/vertical\/verticalBarRenderer-920b6593055c0751ae723d3502dd47d4df9346009c17e18b84fda56a8cd1ba96.js",
    "developer_dashboard\/util\/d3\/charts\/2d\/vertical\/verticalChartRenderer": "\/\/cdn.shopify.com\/shopifycloud\/shopify\/assets\/developer_dashboard\/util\/d3\/charts\/2d\/vertical\/verticalChartRenderer-5a5b33b90baf2a04282e6028c942918020dc3d2a34e65524d293beb4f38711fe.js",
    "developer_dashboard\/util\/d3\/charts\/2d\/vertical\/verticalLineRenderer": "\/\/cdn.shopify.com\/shopifycloud\/shopify\/assets\/developer_dashboard\/util\/d3\/charts\/2d\/vertical\/verticalLineRenderer-9841a135068d7973bf75a1119db3d3c862250a9f5956e291d02c931e1da779cf.js",
    "developer_dashboard\/util\/d3\/charts\/2d\/vertical\/verticalTooltipRenderer": "\/\/cdn.shopify.com\/shopifycloud\/shopify\/assets\/developer_dashboard\/util\/d3\/charts\/2d\/vertical\/verticalTooltipRenderer-06461677d72e8978bd3a9639dd2a88af9ea2a2a4cfcb63fcbc198a2dc2cc4def.js",
    "developer_dashboard\/util\/d3\/registry\/chartRegistry": "\/\/cdn.shopify.com\/shopifycloud\/shopify\/assets\/developer_dashboard\/util\/d3\/registry\/chartRegistry-31e33b546251a17acea09036fba09f6349ff56eca48759ad00f4b38cd83a4fe8.js",
    "developer_dashboard\/util\/d3\/registry\/init": "\/\/cdn.shopify.com\/shopifycloud\/shopify\/assets\/developer_dashboard\/util\/d3\/registry\/init-4ed4dead9fd3318056ebf456ea5806fdbf11a780367e22ab596ac83b1f4a02ee.js",
    "developer_dashboard\/util\/errorHandler": "\/\/cdn.shopify.com\/shopifycloud\/shopify\/assets\/developer_dashboard\/util\/errorHandler-6d62169b9bca337102b6e4dee018e988d09f95abc411b4450b99de8c70deb4a7.js",
    "developer_dashboard\/util\/frontend-translations": "\/\/cdn.shopify.com\/shopifycloud\/shopify\/assets\/developer_dashboard\/util\/frontend-translations-115b621f34065995186ddfe74e6769193b6d215910b3eb9077566b26d0c96d9f.js",
    "developer_dashboard\/util\/helpers": "\/\/cdn.shopify.com\/shopifycloud\/shopify\/assets\/developer_dashboard\/util\/helpers-a69cde49e25fd88f7d10f9fba8738fc72b312c280fc97ac67f7e445f34b03add.js",
    "developer_dashboard\/util\/i18n\/translate": "\/\/cdn.shopify.com\/shopifycloud\/shopify\/assets\/developer_dashboard\/util\/i18n\/translate-6da6227d5a20566e2c5b01449c84d928db2227aa9bf4c1a80d6bbca368b4f2a3.js",
    "developer_dashboard\/util\/initBugsnag": "\/\/cdn.shopify.com\/shopifycloud\/shopify\/assets\/developer_dashboard\/util\/initBugsnag-60bf67a01c870f98ab0facfb8050b9caca26ba8eb108f5336c9a620647a89f61.js",
    "developer_dashboard\/util\/masks": "\/\/cdn.shopify.com\/shopifycloud\/shopify\/assets\/developer_dashboard\/util\/masks-01b4ddd300d7affeb9a2a0cde8e40030de4f0d9aef2c4fe120175e7498d3daef.js",
    "developer_dashboard\/util\/metrics": "\/\/cdn.shopify.com\/shopifycloud\/shopify\/assets\/developer_dashboard\/util\/metrics-30940a9800a7860906954a2ec659b8510221c943c701e43d7769c0cc3f03d062.js",
    "developer_dashboard\/util\/popoverPositioning": "\/\/cdn.shopify.com\/shopifycloud\/shopify\/assets\/developer_dashboard\/util\/popoverPositioning-96be298fb43a3b42ed0807a3bf168048316878fc552e09d08
    at https://cdn.shopify.com/shopifycloud/shopify/assets/importmap-shim-36887bb13a85087895187d2c11b8bdf257866dcdeabceae8a733b2a70af6eaa7.js:2:8333 @ https://cdn.shopify.com/shopifycloud/shopify/assets/importmap-shim-36887bb13a85087895187d2c11b8bdf257866dcdeabceae8a733b2a70af6eaa7.js:0
