0 verbose cli C:\Program Files\nodejs\node.exe C:\Users\kaspe\AppData\Roaming\npm\node_modules\npm\bin\npm-cli.js
1 info using npm@11.6.2
2 info using node@v20.20.0
3 silly config load:file:C:\Users\kaspe\AppData\Roaming\npm\node_modules\npm\npmrc
4 silly config load:file:C:\dev\Assemblio\.npmrc
5 silly config load:file:C:\Users\kaspe\.npmrc
6 silly config load:file:C:\Users\kaspe\AppData\Roaming\npm\etc\npmrc
7 verbose title npm install recharts
8 verbose argv "install" "recharts"
9 verbose logfile logs-max:10 dir:C:\dev\Assemblio\.npm-cache\_logs\2026-03-02T01_14_43_711Z-
10 verbose logfile C:\dev\Assemblio\.npm-cache\_logs\2026-03-02T01_14_43_711Z-debug-0.log
11 silly logfile start cleaning logs, removing 1 files
12 silly packumentCache heap:4345298944 maxSize:1086324736 maxEntrySize:543162368
13 silly logfile done cleaning log files
14 silly idealTree buildDeps
15 silly fetch manifest recharts@*
16 silly packumentCache full:https://registry.npmjs.org/recharts cache-miss
17 verbose shrinkwrap failed to load node_modules/.package-lock.json out of date, updated: node_modules
18 http fetch GET 200 https://registry.npmjs.org/recharts 299ms (cache miss)
19 silly packumentCache full:https://registry.npmjs.org/recharts set size:undefined disposed:false
20 silly fetch manifest react@19.2.3
21 silly packumentCache full:https://registry.npmjs.org/react cache-miss
22 http fetch GET 200 https://registry.npmjs.org/react 159ms (cache updated)
23 silly packumentCache full:https://registry.npmjs.org/react set size:undefined disposed:false
24 silly fetch manifest react-dom@19.2.3
25 silly packumentCache full:https://registry.npmjs.org/react-dom cache-miss
26 http fetch GET 200 https://registry.npmjs.org/react-dom 189ms (cache updated)
27 silly packumentCache full:https://registry.npmjs.org/react-dom set size:undefined disposed:false
28 silly fetch manifest react-is@^16.8.0 || ^17.0.0 || ^18.0.0 || ^19.0.0
29 silly packumentCache full:https://registry.npmjs.org/react-is cache-miss
30 http fetch GET 200 https://registry.npmjs.org/react-is 164ms (cache updated)
31 silly packumentCache full:https://registry.npmjs.org/react-is set size:undefined disposed:false
32 silly placeDep ROOT recharts@3.7.0 OK for: assemblio-app@0.1.0 want: *
33 silly fetch manifest @reduxjs/toolkit@1.x.x || 2.x.x
34 silly packumentCache full:https://registry.npmjs.org/@reduxjs%2ftoolkit cache-miss
35 silly fetch manifest clsx@^2.1.1
36 silly packumentCache full:https://registry.npmjs.org/clsx cache-miss
37 silly fetch manifest decimal.js-light@^2.5.1
38 silly packumentCache full:https://registry.npmjs.org/decimal.js-light cache-miss
39 silly fetch manifest es-toolkit@^1.39.3
40 silly packumentCache full:https://registry.npmjs.org/es-toolkit cache-miss
41 silly fetch manifest eventemitter3@^5.0.1
42 silly packumentCache full:https://registry.npmjs.org/eventemitter3 cache-miss
43 silly fetch manifest immer@^10.1.1
44 silly packumentCache full:https://registry.npmjs.org/immer cache-miss
45 silly fetch manifest react-redux@8.x.x || 9.x.x
46 silly packumentCache full:https://registry.npmjs.org/react-redux cache-miss
47 silly fetch manifest reselect@5.1.1
48 silly packumentCache full:https://registry.npmjs.org/reselect cache-miss
49 silly fetch manifest tiny-invariant@^1.3.3
50 silly packumentCache full:https://registry.npmjs.org/tiny-invariant cache-miss
51 silly fetch manifest use-sync-external-store@^1.2.2
52 silly packumentCache full:https://registry.npmjs.org/use-sync-external-store cache-miss
53 silly fetch manifest victory-vendor@^37.0.2
54 silly packumentCache full:https://registry.npmjs.org/victory-vendor cache-miss
55 http fetch GET 200 https://registry.npmjs.org/tiny-invariant 146ms (cache miss)
56 silly packumentCache full:https://registry.npmjs.org/tiny-invariant set size:undefined disposed:false
57 http fetch GET 200 https://registry.npmjs.org/clsx 154ms (cache miss)
58 silly packumentCache full:https://registry.npmjs.org/clsx set size:undefined disposed:false
59 http fetch GET 200 https://registry.npmjs.org/victory-vendor 154ms (cache miss)
60 silly packumentCache full:https://registry.npmjs.org/victory-vendor set size:undefined disposed:false
61 http fetch GET 200 https://registry.npmjs.org/eventemitter3 174ms (cache miss)
62 silly packumentCache full:https://registry.npmjs.org/eventemitter3 set size:undefined disposed:false
63 http fetch GET 200 https://registry.npmjs.org/decimal.js-light 188ms (cache miss)
64 silly packumentCache full:https://registry.npmjs.org/decimal.js-light set size:undefined disposed:false
65 http fetch GET 200 https://registry.npmjs.org/immer 202ms (cache miss)
66 silly packumentCache full:https://registry.npmjs.org/immer set size:undefined disposed:false
67 http fetch GET 200 https://registry.npmjs.org/reselect 219ms (cache miss)
68 silly packumentCache full:https://registry.npmjs.org/reselect set size:undefined disposed:false
69 http fetch GET 200 https://registry.npmjs.org/use-sync-external-store 288ms (cache miss)
70 silly packumentCache full:https://registry.npmjs.org/use-sync-external-store set size:undefined disposed:false
71 http fetch GET 200 https://registry.npmjs.org/react-redux 320ms (cache miss)
72 silly packumentCache full:https://registry.npmjs.org/react-redux set size:undefined disposed:false
73 http fetch GET 200 https://registry.npmjs.org/es-toolkit 375ms (cache miss)
74 silly packumentCache full:https://registry.npmjs.org/es-toolkit set size:undefined disposed:false
75 http fetch GET 200 https://registry.npmjs.org/@reduxjs%2ftoolkit 484ms (cache miss)
76 silly packumentCache full:https://registry.npmjs.org/@reduxjs%2ftoolkit set size:undefined disposed:false
77 silly fetch manifest react@^16.8.0 || ^17.0.0 || ^18.0.0 || ^19.0.0
78 silly packumentCache full:https://registry.npmjs.org/react cache-miss
79 http cache https://registry.npmjs.org/react 28ms (cache hit)
80 silly packumentCache full:https://registry.npmjs.org/react set size:6523821 disposed:false
81 silly fetch manifest @types/react@^18.2.25 || ^19
82 silly packumentCache full:https://registry.npmjs.org/@types%2freact cache-miss
83 http fetch GET 200 https://registry.npmjs.org/@types%2freact 71ms (cache revalidated)
84 silly packumentCache full:https://registry.npmjs.org/@types%2freact set size:2588986 disposed:false
85 silly fetch manifest redux@^5.0.0
86 silly packumentCache full:https://registry.npmjs.org/redux cache-miss
87 http fetch GET 200 https://registry.npmjs.org/redux 198ms (cache miss)
88 silly packumentCache full:https://registry.npmjs.org/redux set size:undefined disposed:false
89 silly placeDep ROOT @reduxjs/toolkit@2.11.2 OK for: recharts@3.7.0 want: 1.x.x || 2.x.x
90 silly placeDep ROOT clsx@2.1.1 OK for: recharts@3.7.0 want: ^2.1.1
91 silly placeDep ROOT decimal.js-light@2.5.1 OK for: recharts@3.7.0 want: ^2.5.1
92 silly placeDep ROOT es-toolkit@1.44.0 OK for: recharts@3.7.0 want: ^1.39.3
93 silly placeDep ROOT eventemitter3@5.0.4 OK for: recharts@3.7.0 want: ^5.0.1
94 silly placeDep ROOT immer@10.2.0 OK for: recharts@3.7.0 want: ^10.1.1
95 silly placeDep ROOT react-redux@9.2.0 OK for: recharts@3.7.0 want: 8.x.x || 9.x.x
96 silly placeDep ROOT reselect@5.1.1 OK for: recharts@3.7.0 want: 5.1.1
97 silly placeDep ROOT tiny-invariant@1.3.3 OK for: recharts@3.7.0 want: ^1.3.3
98 silly placeDep ROOT use-sync-external-store@1.6.0 OK for: recharts@3.7.0 want: ^1.2.2
99 silly placeDep ROOT victory-vendor@37.3.6 OK for: recharts@3.7.0 want: ^37.0.2
100 silly fetch manifest @standard-schema/utils@^0.3.0
101 silly packumentCache full:https://registry.npmjs.org/@standard-schema%2futils cache-miss
102 silly fetch manifest immer@^11.0.0
103 silly packumentCache full:https://registry.npmjs.org/immer cache-miss
104 silly fetch manifest redux@^5.0.1
105 silly packumentCache full:https://registry.npmjs.org/redux cache-miss
106 silly fetch manifest redux-thunk@^3.1.0
107 silly packumentCache full:https://registry.npmjs.org/redux-thunk cache-miss
108 silly fetch manifest reselect@^5.1.0
109 silly packumentCache full:https://registry.npmjs.org/reselect cache-miss
110 silly fetch manifest @types/use-sync-external-store@^0.0.6
111 silly packumentCache full:https://registry.npmjs.org/@types%2fuse-sync-external-store cache-miss
112 silly fetch manifest use-sync-external-store@^1.4.0
113 silly packumentCache full:https://registry.npmjs.org/use-sync-external-store cache-miss
114 silly fetch manifest d3-ease@^3.0.1
115 silly packumentCache full:https://registry.npmjs.org/d3-ease cache-miss
116 silly fetch manifest d3-time@^3.0.0
117 silly packumentCache full:https://registry.npmjs.org/d3-time cache-miss
118 silly fetch manifest d3-array@^3.1.6
119 silly packumentCache full:https://registry.npmjs.org/d3-array cache-miss
120 silly fetch manifest d3-scale@^4.0.2
121 silly packumentCache full:https://registry.npmjs.org/d3-scale cache-miss
122 silly fetch manifest d3-shape@^3.1.0
123 silly packumentCache full:https://registry.npmjs.org/d3-shape cache-miss
124 silly fetch manifest d3-timer@^3.0.1
125 silly packumentCache full:https://registry.npmjs.org/d3-timer cache-miss
126 silly fetch manifest @types/d3-ease@^3.0.0
127 silly packumentCache full:https://registry.npmjs.org/@types%2fd3-ease cache-miss
128 silly fetch manifest @types/d3-time@^3.0.0
129 silly packumentCache full:https://registry.npmjs.org/@types%2fd3-time cache-miss
130 http cache https://registry.npmjs.org/immer 28ms (cache hit)
131 silly packumentCache full:https://registry.npmjs.org/immer set size:747136 disposed:false
132 silly fetch manifest d3-interpolate@^3.0.1
133 silly packumentCache full:https://registry.npmjs.org/d3-interpolate cache-miss
134 http cache https://registry.npmjs.org/reselect 35ms (cache hit)
135 silly packumentCache full:https://registry.npmjs.org/reselect set size:910470 disposed:false
136 silly fetch manifest @types/d3-array@^3.0.3
137 silly packumentCache full:https://registry.npmjs.org/@types%2fd3-array cache-miss
138 http cache https://registry.npmjs.org/redux 48ms (cache hit)
139 silly packumentCache full:https://registry.npmjs.org/redux set size:553833 disposed:false
140 silly fetch manifest @types/d3-scale@^4.0.2
141 silly packumentCache full:https://registry.npmjs.org/@types%2fd3-scale cache-miss
142 http cache https://registry.npmjs.org/use-sync-external-store 62ms (cache hit)
143 silly packumentCache full:https://registry.npmjs.org/use-sync-external-store set size:4544327 disposed:false
144 silly fetch manifest @types/d3-shape@^3.1.0
145 silly packumentCache full:https://registry.npmjs.org/@types%2fd3-shape cache-miss
146 http fetch GET 200 https://registry.npmjs.org/@types%2fuse-sync-external-store 147ms (cache miss)
147 silly packumentCache full:https://registry.npmjs.org/@types%2fuse-sync-external-store set size:undefined disposed:false
148 silly fetch manifest @types/d3-timer@^3.0.0
149 silly packumentCache full:https://registry.npmjs.org/@types%2fd3-timer cache-miss
150 http fetch GET 200 https://registry.npmjs.org/@standard-schema%2futils 154ms (cache miss)
151 silly packumentCache full:https://registry.npmjs.org/@standard-schema%2futils set size:undefined disposed:false
152 silly fetch manifest @types/d3-interpolate@^3.0.1
153 silly packumentCache full:https://registry.npmjs.org/@types%2fd3-interpolate cache-miss
154 http fetch GET 200 https://registry.npmjs.org/@types%2fd3-time 147ms (cache miss)
155 silly packumentCache full:https://registry.npmjs.org/@types%2fd3-time set size:undefined disposed:false
156 http fetch GET 200 https://registry.npmjs.org/d3-timer 153ms (cache miss)
157 silly packumentCache full:https://registry.npmjs.org/d3-timer set size:undefined disposed:false
158 http fetch GET 200 https://registry.npmjs.org/d3-time 159ms (cache miss)
159 silly packumentCache full:https://registry.npmjs.org/d3-time set size:undefined disposed:false
160 http fetch GET 200 https://registry.npmjs.org/d3-array 165ms (cache miss)
161 silly packumentCache full:https://registry.npmjs.org/d3-array set size:undefined disposed:false
162 http fetch GET 200 https://registry.npmjs.org/d3-ease 172ms (cache miss)
163 silly packumentCache full:https://registry.npmjs.org/d3-ease set size:undefined disposed:false
164 http fetch GET 200 https://registry.npmjs.org/d3-shape 172ms (cache miss)
165 silly packumentCache full:https://registry.npmjs.org/d3-shape set size:undefined disposed:false
166 http fetch GET 200 https://registry.npmjs.org/d3-scale 188ms (cache miss)
167 silly packumentCache full:https://registry.npmjs.org/d3-scale set size:undefined disposed:false
168 http fetch GET 200 https://registry.npmjs.org/@types%2fd3-timer 66ms (cache miss)
169 silly packumentCache full:https://registry.npmjs.org/@types%2fd3-timer set size:undefined disposed:false
170 http fetch GET 200 https://registry.npmjs.org/@types%2fd3-interpolate 64ms (cache miss)
171 silly packumentCache full:https://registry.npmjs.org/@types%2fd3-interpolate set size:undefined disposed:false
172 http fetch GET 200 https://registry.npmjs.org/@types%2fd3-array 179ms (cache miss)
173 silly packumentCache full:https://registry.npmjs.org/@types%2fd3-array set size:undefined disposed:false
174 http fetch GET 200 https://registry.npmjs.org/@types%2fd3-shape 145ms (cache miss)
175 silly packumentCache full:https://registry.npmjs.org/@types%2fd3-shape set size:undefined disposed:false
176 http fetch GET 200 https://registry.npmjs.org/@types%2fd3-scale 177ms (cache miss)
177 silly packumentCache full:https://registry.npmjs.org/@types%2fd3-scale set size:undefined disposed:false
178 http fetch GET 200 https://registry.npmjs.org/@types%2fd3-ease 228ms (cache miss)
179 silly packumentCache full:https://registry.npmjs.org/@types%2fd3-ease set size:undefined disposed:false
180 http fetch GET 200 https://registry.npmjs.org/redux-thunk 329ms (cache miss)
181 silly packumentCache full:https://registry.npmjs.org/redux-thunk set size:undefined disposed:false
182 http fetch GET 200 https://registry.npmjs.org/d3-interpolate 304ms (cache miss)
183 silly packumentCache full:https://registry.npmjs.org/d3-interpolate set size:undefined disposed:false
184 silly placeDep ROOT @standard-schema/utils@0.3.0 OK for: @reduxjs/toolkit@2.11.2 want: ^0.3.0
185 silly placeDep node_modules/@reduxjs/toolkit immer@11.1.4 OK for: @reduxjs/toolkit@2.11.2 want: ^11.0.0
186 silly placeDep ROOT redux@5.0.1 OK for: @reduxjs/toolkit@2.11.2 want: ^5.0.1
187 silly placeDep ROOT redux-thunk@3.1.0 OK for: @reduxjs/toolkit@2.11.2 want: ^3.1.0
188 silly placeDep ROOT @types/use-sync-external-store@0.0.6 OK for: react-redux@9.2.0 want: ^0.0.6
189 silly placeDep ROOT @types/d3-array@3.2.2 OK for: victory-vendor@37.3.6 want: ^3.0.3
190 silly placeDep ROOT @types/d3-ease@3.0.2 OK for: victory-vendor@37.3.6 want: ^3.0.0
191 silly placeDep ROOT @types/d3-interpolate@3.0.4 OK for: victory-vendor@37.3.6 want: ^3.0.1
192 silly placeDep ROOT @types/d3-scale@4.0.9 OK for: victory-vendor@37.3.6 want: ^4.0.2
193 silly placeDep ROOT @types/d3-shape@3.1.8 OK for: victory-vendor@37.3.6 want: ^3.1.0
194 silly placeDep ROOT @types/d3-time@3.0.4 OK for: victory-vendor@37.3.6 want: ^3.0.0
195 silly placeDep ROOT @types/d3-timer@3.0.2 OK for: victory-vendor@37.3.6 want: ^3.0.0
196 silly placeDep ROOT d3-array@3.2.4 OK for: victory-vendor@37.3.6 want: ^3.1.6
197 silly placeDep ROOT d3-ease@3.0.1 OK for: victory-vendor@37.3.6 want: ^3.0.1
198 silly placeDep ROOT d3-interpolate@3.0.1 OK for: victory-vendor@37.3.6 want: ^3.0.1
199 silly placeDep ROOT d3-scale@4.0.2 OK for: victory-vendor@37.3.6 want: ^4.0.2
200 silly placeDep ROOT d3-shape@3.2.0 OK for: victory-vendor@37.3.6 want: ^3.1.0
201 silly placeDep ROOT d3-time@3.1.0 OK for: victory-vendor@37.3.6 want: ^3.0.0
202 silly placeDep ROOT d3-timer@3.0.1 OK for: victory-vendor@37.3.6 want: ^3.0.1
203 silly fetch manifest @types/d3-color@*
204 silly packumentCache full:https://registry.npmjs.org/@types%2fd3-color cache-miss
205 silly fetch manifest @types/d3-time@*
206 silly packumentCache full:https://registry.npmjs.org/@types%2fd3-time cache-miss
207 silly fetch manifest @types/d3-path@*
208 silly packumentCache full:https://registry.npmjs.org/@types%2fd3-path cache-miss
209 silly fetch manifest internmap@1 - 2
210 silly packumentCache full:https://registry.npmjs.org/internmap cache-miss
211 silly fetch manifest d3-color@1 - 3
212 silly packumentCache full:https://registry.npmjs.org/d3-color cache-miss
213 silly fetch manifest d3-format@1 - 3
214 silly packumentCache full:https://registry.npmjs.org/d3-format cache-miss
215 silly fetch manifest d3-time@2.1.1 - 3
216 silly packumentCache full:https://registry.npmjs.org/d3-time cache-miss
217 silly fetch manifest d3-time-format@2 - 4
218 silly packumentCache full:https://registry.npmjs.org/d3-time-format cache-miss
219 silly fetch manifest d3-path@^3.1.0
220 silly packumentCache full:https://registry.npmjs.org/d3-path cache-miss
221 http cache https://registry.npmjs.org/d3-time 21ms (cache hit)
222 silly packumentCache full:https://registry.npmjs.org/d3-time set size:150406 disposed:false
223 http cache https://registry.npmjs.org/@types%2fd3-time 31ms (cache hit)
224 silly packumentCache full:https://registry.npmjs.org/@types%2fd3-time set size:52652 disposed:false
225 http fetch GET 200 https://registry.npmjs.org/internmap 50ms (cache miss)
226 silly packumentCache full:https://registry.npmjs.org/internmap set size:undefined disposed:false
227 http fetch GET 200 https://registry.npmjs.org/@types%2fd3-path 53ms (cache miss)
228 silly packumentCache full:https://registry.npmjs.org/@types%2fd3-path set size:undefined disposed:false
229 http fetch GET 200 https://registry.npmjs.org/d3-time-format 47ms (cache miss)
230 silly packumentCache full:https://registry.npmjs.org/d3-time-format set size:undefined disposed:false
231 http fetch GET 200 https://registry.npmjs.org/d3-color 61ms (cache miss)
232 silly packumentCache full:https://registry.npmjs.org/d3-color set size:undefined disposed:false
233 http fetch GET 200 https://registry.npmjs.org/d3-format 68ms (cache miss)
234 silly packumentCache full:https://registry.npmjs.org/d3-format set size:undefined disposed:false
235 http fetch GET 200 https://registry.npmjs.org/d3-path 82ms (cache miss)
236 silly packumentCache full:https://registry.npmjs.org/d3-path set size:undefined disposed:false
237 http fetch GET 200 https://registry.npmjs.org/@types%2fd3-color 215ms (cache miss)
238 silly packumentCache full:https://registry.npmjs.org/@types%2fd3-color set size:undefined disposed:false
239 silly placeDep ROOT @types/d3-color@3.1.3 OK for: @types/d3-interpolate@3.0.4 want: *
240 silly placeDep ROOT @types/d3-path@3.1.1 OK for: @types/d3-shape@3.1.8 want: *
241 silly placeDep ROOT internmap@2.0.3 OK for: d3-array@3.2.4 want: 1 - 2
242 silly placeDep ROOT d3-color@3.1.0 OK for: d3-interpolate@3.0.1 want: 1 - 3
243 silly placeDep ROOT d3-format@3.1.2 OK for: d3-scale@4.0.2 want: 1 - 3
244 silly placeDep ROOT d3-time-format@4.1.0 OK for: d3-scale@4.0.2 want: 2 - 4
245 silly placeDep ROOT d3-path@3.1.0 OK for: d3-shape@3.2.0 want: ^3.1.0
246 silly reify moves {}
247 silly audit bulk request {
247 silly audit   '@babel/code-frame': [ '7.29.0' ],
247 silly audit   '@babel/compat-data': [ '7.29.0' ],
247 silly audit   '@babel/core': [ '7.29.0' ],
247 silly audit   '@babel/generator': [ '7.29.1' ],
247 silly audit   '@babel/helper-compilation-targets': [ '7.28.6' ],
247 silly audit   '@babel/helper-globals': [ '7.28.0' ],
247 silly audit   '@babel/helper-module-imports': [ '7.28.6' ],
247 silly audit   '@babel/helper-module-transforms': [ '7.28.6' ],
247 silly audit   '@babel/helper-string-parser': [ '7.27.1' ],
247 silly audit   '@babel/helper-validator-identifier': [ '7.28.5' ],
247 silly audit   '@babel/helper-validator-option': [ '7.27.1' ],
247 silly audit   '@babel/helpers': [ '7.28.6' ],
247 silly audit   '@babel/parser': [ '7.29.0' ],
247 silly audit   '@babel/template': [ '7.28.6' ],
247 silly audit   '@babel/traverse': [ '7.29.0' ],
247 silly audit   '@babel/types': [ '7.29.0' ],
247 silly audit   '@emnapi/core': [ '1.8.1' ],
247 silly audit   '@emnapi/runtime': [ '1.8.1' ],
247 silly audit   '@emnapi/wasi-threads': [ '1.1.0' ],
247 silly audit   '@esbuild/aix-ppc64': [ '0.27.3' ],
247 silly audit   '@esbuild/android-arm': [ '0.27.3' ],
247 silly audit   '@esbuild/android-arm64': [ '0.27.3' ],
247 silly audit   '@esbuild/android-x64': [ '0.27.3' ],
247 silly audit   '@esbuild/darwin-arm64': [ '0.27.3' ],
247 silly audit   '@esbuild/darwin-x64': [ '0.27.3' ],
247 silly audit   '@esbuild/freebsd-arm64': [ '0.27.3' ],
247 silly audit   '@esbuild/freebsd-x64': [ '0.27.3' ],
247 silly audit   '@esbuild/linux-arm': [ '0.27.3' ],
247 silly audit   '@esbuild/linux-arm64': [ '0.27.3' ],
247 silly audit   '@esbuild/linux-ia32': [ '0.27.3' ],
247 silly audit   '@esbuild/linux-loong64': [ '0.27.3' ],
247 silly audit   '@esbuild/linux-mips64el': [ '0.27.3' ],
247 silly audit   '@esbuild/linux-ppc64': [ '0.27.3' ],
247 silly audit   '@esbuild/linux-riscv64': [ '0.27.3' ],
247 silly audit   '@esbuild/linux-s390x': [ '0.27.3' ],
247 silly audit   '@esbuild/linux-x64': [ '0.27.3' ],
247 silly audit   '@esbuild/netbsd-arm64': [ '0.27.3' ],
247 silly audit   '@esbuild/netbsd-x64': [ '0.27.3' ],
247 silly audit   '@esbuild/openbsd-arm64': [ '0.27.3' ],
247 silly audit   '@esbuild/openbsd-x64': [ '0.27.3' ],
247 silly audit   '@esbuild/openharmony-arm64': [ '0.27.3' ],
247 silly audit   '@esbuild/sunos-x64': [ '0.27.3' ],
247 silly audit   '@esbuild/win32-arm64': [ '0.27.3' ],
247 silly audit   '@esbuild/win32-ia32': [ '0.27.3' ],
247 silly audit   '@esbuild/win32-x64': [ '0.27.3' ],
247 silly audit   '@eslint-community/eslint-utils': [ '4.9.1' ],
247 silly audit   'eslint-visitor-keys': [ '3.4.3', '5.0.1', '4.2.1' ],
247 silly audit   '@eslint-community/regexpp': [ '4.12.2' ],
247 silly audit   '@eslint/config-array': [ '0.21.1' ],
247 silly audit   '@eslint/config-helpers': [ '0.4.2' ],
247 silly audit   '@eslint/core': [ '0.17.0' ],
247 silly audit   '@eslint/eslintrc': [ '3.3.4' ],
247 silly audit   '@eslint/js': [ '9.39.3' ],
247 silly audit   '@eslint/object-schema': [ '2.1.7' ],
247 silly audit   '@eslint/plugin-kit': [ '0.4.1' ],
247 silly audit   '@humanfs/core': [ '0.19.1' ],
247 silly audit   '@humanfs/node': [ '0.16.7' ],
247 silly audit   '@humanwhocodes/module-importer': [ '1.0.1' ],
247 silly audit   '@humanwhocodes/retry': [ '0.4.3' ],
247 silly audit   '@img/colour': [ '1.0.0' ],
247 silly audit   '@img/sharp-darwin-arm64': [ '0.34.5' ],
247 silly audit   '@img/sharp-darwin-x64': [ '0.34.5' ],
247 silly audit   '@img/sharp-libvips-darwin-arm64': [ '1.2.4' ],
247 silly audit   '@img/sharp-libvips-darwin-x64': [ '1.2.4' ],
247 silly audit   '@img/sharp-libvips-linux-arm': [ '1.2.4' ],
247 silly audit   '@img/sharp-libvips-linux-arm64': [ '1.2.4' ],
247 silly audit   '@img/sharp-libvips-linux-ppc64': [ '1.2.4' ],
247 silly audit   '@img/sharp-libvips-linux-riscv64': [ '1.2.4' ],
247 silly audit   '@img/sharp-libvips-linux-s390x': [ '1.2.4' ],
247 silly audit   '@img/sharp-libvips-linux-x64': [ '1.2.4' ],
247 silly audit   '@img/sharp-libvips-linuxmusl-arm64': [ '1.2.4' ],
247 silly audit   '@img/sharp-libvips-linuxmusl-x64': [ '1.2.4' ],
247 silly audit   '@img/sharp-linux-arm': [ '0.34.5' ],
247 silly audit   '@img/sharp-linux-arm64': [ '0.34.5' ],
247 silly audit   '@img/sharp-linux-ppc64': [ '0.34.5' ],
247 silly audit   '@img/sharp-linux-riscv64': [ '0.34.5' ],
247 silly audit   '@img/sharp-linux-s390x': [ '0.34.5' ],
247 silly audit   '@img/sharp-linux-x64': [ '0.34.5' ],
247 silly audit   '@img/sharp-linuxmusl-arm64': [ '0.34.5' ],
247 silly audit   '@img/sharp-linuxmusl-x64': [ '0.34.5' ],
247 silly audit   '@img/sharp-wasm32': [ '0.34.5' ],
247 silly audit   '@img/sharp-win32-arm64': [ '0.34.5' ],
247 silly audit   '@img/sharp-win32-ia32': [ '0.34.5' ],
247 silly audit   '@img/sharp-win32-x64': [ '0.34.5' ],
247 silly audit   '@jridgewell/gen-mapping': [ '0.3.13' ],
247 silly audit   '@jridgewell/remapping': [ '2.3.5' ],
247 silly audit   '@jridgewell/resolve-uri': [ '3.1.2' ],
247 silly audit   '@jridgewell/sourcemap-codec': [ '1.5.5' ],
247 silly audit   '@jridgewell/trace-mapping': [ '0.3.31' ],
247 silly audit   '@napi-rs/wasm-runtime': [ '0.2.12' ],
247 silly audit   '@next/env': [ '16.1.6' ],
247 silly audit   '@next/eslint-plugin-next': [ '16.1.6' ],
247 silly audit   '@next/swc-darwin-arm64': [ '16.1.6' ],
247 silly audit   '@next/swc-darwin-x64': [ '16.1.6' ],
247 silly audit   '@next/swc-linux-arm64-gnu': [ '16.1.6' ],
247 silly audit   '@next/swc-linux-arm64-musl': [ '16.1.6' ],
247 silly audit   '@next/swc-linux-x64-gnu': [ '16.1.6' ],
247 silly audit   '@next/swc-linux-x64-musl': [ '16.1.6' ],
247 silly audit   '@next/swc-win32-arm64-msvc': [ '16.1.6' ],
247 silly audit   '@next/swc-win32-x64-msvc': [ '16.1.6' ],
247 silly audit   '@nodelib/fs.scandir': [ '2.1.5' ],
247 silly audit   '@nodelib/fs.stat': [ '2.0.5' ],
247 silly audit   '@nodelib/fs.walk': [ '1.2.8' ],
247 silly audit   '@nolyfill/is-core-module': [ '1.0.39' ],
247 silly audit   '@rollup/rollup-android-arm-eabi': [ '4.59.0' ],
247 silly audit   '@rollup/rollup-android-arm64': [ '4.59.0' ],
247 silly audit   '@rollup/rollup-darwin-arm64': [ '4.59.0' ],
247 silly audit   '@rollup/rollup-darwin-x64': [ '4.59.0' ],
247 silly audit   '@rollup/rollup-freebsd-arm64': [ '4.59.0' ],
247 silly audit   '@rollup/rollup-freebsd-x64': [ '4.59.0' ],
247 silly audit   '@rollup/rollup-linux-arm-gnueabihf': [ '4.59.0' ],
247 silly audit   '@rollup/rollup-linux-arm-musleabihf': [ '4.59.0' ],
247 silly audit   '@rollup/rollup-linux-arm64-gnu': [ '4.59.0' ],
247 silly audit   '@rollup/rollup-linux-arm64-musl': [ '4.59.0' ],
247 silly audit   '@rollup/rollup-linux-loong64-gnu': [ '4.59.0' ],
247 silly audit   '@rollup/rollup-linux-loong64-musl': [ '4.59.0' ],
247 silly audit   '@rollup/rollup-linux-ppc64-gnu': [ '4.59.0' ],
247 silly audit   '@rollup/rollup-linux-ppc64-musl': [ '4.59.0' ],
247 silly audit   '@rollup/rollup-linux-riscv64-gnu': [ '4.59.0' ],
247 silly audit   '@rollup/rollup-linux-riscv64-musl': [ '4.59.0' ],
247 silly audit   '@rollup/rollup-linux-s390x-gnu': [ '4.59.0' ],
247 silly audit   '@rollup/rollup-linux-x64-gnu': [ '4.59.0' ],
247 silly audit   '@rollup/rollup-linux-x64-musl': [ '4.59.0' ],
247 silly audit   '@rollup/rollup-openbsd-x64': [ '4.59.0' ],
247 silly audit   '@rollup/rollup-openharmony-arm64': [ '4.59.0' ],
247 silly audit   '@rollup/rollup-win32-arm64-msvc': [ '4.59.0' ],
247 silly audit   '@rollup/rollup-win32-ia32-msvc': [ '4.59.0' ],
247 silly audit   '@rollup/rollup-win32-x64-gnu': [ '4.59.0' ],
247 silly audit   '@rollup/rollup-win32-x64-msvc': [ '4.59.0' ],
247 silly audit   '@rtsao/scc': [ '1.1.0' ],
247 silly audit   '@standard-schema/spec': [ '1.1.0' ],
247 silly audit   '@supabase/auth-js': [ '2.97.0' ],
247 silly audit   '@supabase/functions-js': [ '2.97.0' ],
247 silly audit   '@supabase/postgrest-js': [ '2.97.0' ],
247 silly audit   '@supabase/realtime-js': [ '2.97.0' ],
247 silly audit   '@supabase/ssr': [ '0.6.1' ],
247 silly audit   '@supabase/storage-js': [ '2.97.0' ],
247 silly audit   '@supabase/supabase-js': [ '2.97.0' ],
247 silly audit   '@swc/helpers': [ '0.5.15' ],
247 silly audit   '@tybys/wasm-util': [ '0.10.1' ],
247 silly audit   '@types/chai': [ '5.2.3' ],
247 silly audit   '@types/deep-eql': [ '4.0.2' ],
247 silly audit   '@types/estree': [ '1.0.8' ],
247 silly audit   '@types/json-schema': [ '7.0.15' ],
247 silly audit   '@types/json5': [ '0.0.29' ],
247 silly audit   '@types/node': [ '20.19.34' ],
247 silly audit   '@types/phoenix': [ '1.6.7' ],
247 silly audit   '@types/react': [ '19.2.14' ],
247 silly audit   '@types/react-dom': [ '19.2.3' ],
247 silly audit   '@types/ws': [ '8.18.1' ],
247 silly audit   '@typescript-eslint/eslint-plugin': [ '8.56.1' ],
247 silly audit   ignore: [ '7.0.5', '5.3.2' ],
247 silly audit   '@typescript-eslint/parser': [ '8.56.1' ],
247 silly audit   '@typescript-eslint/project-service': [ '8.56.1' ],
247 silly audit   '@typescript-eslint/scope-manager': [ '8.56.1' ],
247 silly audit   '@typescript-eslint/tsconfig-utils': [ '8.56.1' ],
247 silly audit   '@typescript-eslint/type-utils': [ '8.56.1' ],
247 silly audit   '@typescript-eslint/types': [ '8.56.1' ],
247 silly audit   '@typescript-eslint/typescript-estree': [ '8.56.1' ],
247 silly audit   'balanced-match': [ '4.0.4', '1.0.2' ],
247 silly audit   'brace-expansion': [ '5.0.3', '1.1.12' ],
247 silly audit   minimatch: [ '10.2.4', '3.1.5' ],
247 silly audit   semver: [ '7.7.4', '6.3.1' ],
247 silly audit   '@typescript-eslint/utils': [ '8.56.1' ],
247 silly audit   '@typescript-eslint/visitor-keys': [ '8.56.1' ],
247 silly audit   '@unrs/resolver-binding-android-arm-eabi': [ '1.11.1' ],
247 silly audit   '@unrs/resolver-binding-android-arm64': [ '1.11.1' ],
247 silly audit   '@unrs/resolver-binding-darwin-arm64': [ '1.11.1' ],
247 silly audit   '@unrs/resolver-binding-darwin-x64': [ '1.11.1' ],
247 silly audit   '@unrs/resolver-binding-freebsd-x64': [ '1.11.1' ],
247 silly audit   '@unrs/resolver-binding-linux-arm-gnueabihf': [ '1.11.1' ],
247 silly audit   '@unrs/resolver-binding-linux-arm-musleabihf': [ '1.11.1' ],
247 silly audit   '@unrs/resolver-binding-linux-arm64-gnu': [ '1.11.1' ],
247 silly audit   '@unrs/resolver-binding-linux-arm64-musl': [ '1.11.1' ],
247 silly audit   '@unrs/resolver-binding-linux-ppc64-gnu': [ '1.11.1' ],
247 silly audit   '@unrs/resolver-binding-linux-riscv64-gnu': [ '1.11.1' ],
247 silly audit   '@unrs/resolver-binding-linux-riscv64-musl': [ '1.11.1' ],
247 silly audit   '@unrs/resolver-binding-linux-s390x-gnu': [ '1.11.1' ],
247 silly audit   '@unrs/resolver-binding-linux-x64-gnu': [ '1.11.1' ],
247 silly audit   '@unrs/resolver-binding-linux-x64-musl': [ '1.11.1' ],
247 silly audit   '@unrs/resolver-binding-wasm32-wasi': [ '1.11.1' ],
247 silly audit   '@unrs/resolver-binding-win32-arm64-msvc': [ '1.11.1' ],
247 silly audit   '@unrs/resolver-binding-win32-ia32-msvc': [ '1.11.1' ],
247 silly audit   '@unrs/resolver-binding-win32-x64-msvc': [ '1.11.1' ],
247 silly audit   '@vitest/expect': [ '4.0.18' ],
247 silly audit   '@vitest/mocker': [ '4.0.18' ],
247 silly audit   '@vitest/pretty-format': [ '4.0.18' ],
247 silly audit   '@vitest/runner': [ '4.0.18' ],
247 silly audit   '@vitest/snapshot': [ '4.0.18' ],
247 silly audit   '@vitest/spy': [ '4.0.18' ],
247 silly audit   '@vitest/utils': [ '4.0.18' ],
247 silly audit   acorn: [ '8.16.0' ],
247 silly audit   'acorn-jsx': [ '5.3.2' ],
247 silly audit   ajv: [ '6.14.0' ],
247 silly audit   'ansi-styles': [ '4.3.0' ],
247 silly audit   argparse: [ '2.0.1' ],
247 silly audit   'aria-query': [ '5.3.2' ],
247 silly audit   'array-buffer-byte-length': [ '1.0.2' ],
247 silly audit   'array-includes': [ '3.1.9' ],
247 silly audit   'array.prototype.findlast': [ '1.2.5' ],
247 silly audit   'array.prototype.findlastindex': [ '1.2.6' ],
247 silly audit   'array.prototype.flat': [ '1.3.3' ],
247 silly audit   'array.prototype.flatmap': [ '1.3.3' ],
247 silly audit   'array.prototype.tosorted': [ '1.1.4' ],
247 silly audit   'arraybuffer.prototype.slice': [ '1.0.4' ],
247 silly audit   'assertion-error': [ '2.0.1' ],
247 silly audit   'ast-types-flow': [ '0.0.8' ],
247 silly audit   'async-function': [ '1.0.0' ],
247 silly audit   'available-typed-arrays': [ '1.0.7' ],
247 silly audit   'axe-core': [ '4.11.1' ],
247 silly audit   'axobject-query': [ '4.1.0' ],
247 silly audit   'baseline-browser-mapping': [ '2.10.0' ],
247 silly audit   braces: [ '3.0.3' ],
247 silly audit   browserslist: [ '4.28.1' ],
247 silly audit   'call-bind': [ '1.0.8' ],
247 silly audit   'call-bind-apply-helpers': [ '1.0.2' ],
247 silly audit   'call-bound': [ '1.0.4' ],
247 silly audit   callsites: [ '3.1.0' ],
247 silly audit   'caniuse-lite': [ '1.0.30001774' ],
247 silly audit   chai: [ '6.2.2' ],
247 silly audit   chalk: [ '4.1.2' ],
247 silly audit   'client-only': [ '0.0.1' ],
247 silly audit   'color-convert': [ '2.0.1' ],
247 silly audit   'color-name': [ '1.1.4' ],
247 silly audit   'concat-map': [ '0.0.1' ],
247 silly audit   'convert-source-map': [ '2.0.0' ],
247 silly audit   cookie: [ '1.1.1' ],
247 silly audit   'cross-spawn': [ '7.0.6' ],
247 silly audit   csstype: [ '3.2.3' ],
247 silly audit   'damerau-levenshtein': [ '1.0.8' ],
247 silly audit   'data-view-buffer': [ '1.0.2' ],
247 silly audit   'data-view-byte-length': [ '1.0.2' ],
247 silly audit   'data-view-byte-offset': [ '1.0.1' ],
247 silly audit   debug: [ '4.4.3', '3.2.7' ],
247 silly audit   'deep-is': [ '0.1.4' ],
247 silly audit   'define-data-property': [ '1.1.4' ],
247 silly audit   'define-properties': [ '1.2.1' ],
247 silly audit   'detect-libc': [ '2.1.2' ],
247 silly audit   doctrine: [ '2.1.0' ],
247 silly audit   'dunder-proto': [ '1.0.1' ],
247 silly audit   'electron-to-chromium': [ '1.5.302' ],
247 silly audit   'emoji-regex': [ '9.2.2' ],
247 silly audit   'es-abstract': [ '1.24.1' ],
247 silly audit   'es-define-property': [ '1.0.1' ],
247 silly audit   'es-errors': [ '1.3.0' ],
247 silly audit   'es-iterator-helpers': [ '1.2.2' ],
247 silly audit   'es-module-lexer': [ '1.7.0' ],
247 silly audit   'es-object-atoms': [ '1.1.1' ],
247 silly audit   'es-set-tostringtag': [ '2.1.0' ],
247 silly audit   'es-shim-unscopables': [ '1.1.0' ],
247 silly audit   'es-to-primitive': [ '1.3.0' ],
247 silly audit   esbuild: [ '0.27.3' ],
247 silly audit   escalade: [ '3.2.0' ],
247 silly audit   'escape-string-regexp': [ '4.0.0' ],
247 silly audit   eslint: [ '9.39.3' ],
247 silly audit   'eslint-config-next': [ '16.1.6' ],
247 silly audit   globals: [ '16.4.0', '14.0.0' ],
247 silly audit   'eslint-import-resolver-node': [ '0.3.9' ],
247 silly audit   'eslint-import-resolver-typescript': [ '3.10.1' ],
247 silly audit   'eslint-module-utils': [ '2.12.1' ],
247 silly audit   'eslint-plugin-import': [ '2.32.0' ],
247 silly audit   'eslint-plugin-jsx-a11y': [ '6.10.2' ],
247 silly audit   'eslint-plugin-react': [ '7.37.5' ],
247 silly audit   'eslint-plugin-react-hooks': [ '7.0.1' ],
247 silly audit   resolve: [ '2.0.0-next.6', '1.22.11' ],
247 silly audit   'eslint-scope': [ '8.4.0' ],
247 silly audit   espree: [ '10.4.0' ],
247 silly audit   esquery: [ '1.7.0' ],
247 silly audit   esrecurse: [ '4.3.0' ],
247 silly audit   estraverse: [ '5.3.0' ],
247 silly audit   'estree-walker': [ '3.0.3' ],
247 silly audit   esutils: [ '2.0.3' ],
247 silly audit   'expect-type': [ '1.3.0' ],
247 silly audit   'fast-deep-equal': [ '3.1.3' ],
247 silly audit   'fast-glob': [ '3.3.1' ],
247 silly audit   'glob-parent': [ '5.1.2', '6.0.2' ],
247 silly audit   'fast-json-stable-stringify': [ '2.1.0' ],
247 silly audit   'fast-levenshtein': [ '2.0.6' ],
247 silly audit   fastq: [ '1.20.1' ],
247 silly audit   'file-entry-cache': [ '8.0.0' ],
247 silly audit   'fill-range': [ '7.1.1' ],
247 silly audit   'find-up': [ '5.0.0' ],
247 silly audit   'flat-cache': [ '4.0.1' ],
247 silly audit   flatted: [ '3.3.3' ],
247 silly audit   'for-each': [ '0.3.5' ],
247 silly audit   fsevents: [ '2.3.3' ],
247 silly audit   'function-bind': [ '1.1.2' ],
247 silly audit   'function.prototype.name': [ '1.1.8' ],
247 silly audit   'functions-have-names': [ '1.2.3' ],
247 silly audit   'generator-function': [ '2.0.1' ],
247 silly audit   gensync: [ '1.0.0-beta.2' ],
247 silly audit   'get-intrinsic': [ '1.3.0' ],
247 silly audit   'get-proto': [ '1.0.1' ],
247 silly audit   'get-symbol-description': [ '1.1.0' ],
247 silly audit   'get-tsconfig': [ '4.13.6' ],
247 silly audit   globalthis: [ '1.0.4' ],
247 silly audit   gopd: [ '1.2.0' ],
247 silly audit   'has-bigints': [ '1.1.0' ],
247 silly audit   'has-flag': [ '4.0.0' ],
247 silly audit   'has-property-descriptors': [ '1.0.2' ],
247 silly audit   'has-proto': [ '1.2.0' ],
247 silly audit   'has-symbols': [ '1.1.0' ],
247 silly audit   'has-tostringtag': [ '1.0.2' ],
247 silly audit   hasown: [ '2.0.2' ],
247 silly audit   'hermes-estree': [ '0.25.1' ],
247 silly audit   'hermes-parser': [ '0.25.1' ],
247 silly audit   'iceberg-js': [ '0.8.1' ],
247 silly audit   'import-fresh': [ '3.3.1' ],
247 silly audit   imurmurhash: [ '0.1.4' ],
247 silly audit   'internal-slot': [ '1.1.0' ],
247 silly audit   'is-array-buffer': [ '3.0.5' ],
247 silly audit   'is-async-function': [ '2.1.1' ],
247 silly audit   'is-bigint': [ '1.1.0' ],
247 silly audit   'is-boolean-object': [ '1.2.2' ],
247 silly audit   'is-bun-module': [ '2.0.0' ],
247 silly audit   'is-callable': [ '1.2.7' ],
247 silly audit   'is-core-module': [ '2.16.1' ],
247 silly audit   'is-data-view': [ '1.0.2' ],
247 silly audit   'is-date-object': [ '1.1.0' ],
247 silly audit   'is-extglob': [ '2.1.1' ],
247 silly audit   'is-finalizationregistry': [ '1.1.1' ],
247 silly audit   'is-generator-function': [ '1.1.2' ],
247 silly audit   'is-glob': [ '4.0.3' ],
247 silly audit   'is-map': [ '2.0.3' ],
247 silly audit   'is-negative-zero': [ '2.0.3' ],
247 silly audit   'is-number': [ '7.0.0' ],
247 silly audit   'is-number-object': [ '1.1.1' ],
247 silly audit   'is-regex': [ '1.2.1' ],
247 silly audit   'is-set': [ '2.0.3' ],
247 silly audit   'is-shared-array-buffer': [ '1.0.4' ],
247 silly audit   'is-string': [ '1.1.1' ],
247 silly audit   'is-symbol': [ '1.1.1' ],
247 silly audit   'is-typed-array': [ '1.1.15' ],
247 silly audit   'is-weakmap': [ '2.0.2' ],
247 silly audit   'is-weakref': [ '1.1.1' ],
247 silly audit   'is-weakset': [ '2.0.4' ],
247 silly audit   isarray: [ '2.0.5' ],
247 silly audit   isexe: [ '2.0.0' ],
247 silly audit   'iterator.prototype': [ '1.1.5' ],
247 silly audit   'js-tokens': [ '4.0.0' ],
247 silly audit   'js-yaml': [ '4.1.1' ],
247 silly audit   jsesc: [ '3.1.0' ],
247 silly audit   'json-buffer': [ '3.0.1' ],
247 silly audit   'json-schema-traverse': [ '0.4.1' ],
247 silly audit   'json-stable-stringify-without-jsonify': [ '1.0.1' ],
247 silly audit   json5: [ '2.2.3', '1.0.2' ],
247 silly audit   'jsx-ast-utils': [ '3.3.5' ],
247 silly audit   keyv: [ '4.5.4' ],
247 silly audit   'language-subtag-registry': [ '0.3.23' ],
247 silly audit   'language-tags': [ '1.0.9' ],
247 silly audit   levn: [ '0.4.1' ],
247 silly audit   'locate-path': [ '6.0.0' ],
247 silly audit   'lodash.merge': [ '4.6.2' ],
247 silly audit   'loose-envify': [ '1.4.0' ],
247 silly audit   'lru-cache': [ '5.1.1' ],
247 silly audit   'magic-string': [ '0.30.21' ],
247 silly audit   'math-intrinsics': [ '1.1.0' ],
247 silly audit   merge2: [ '1.4.1' ],
247 silly audit   micromatch: [ '4.0.8' ],
247 silly audit   minimist: [ '1.2.8' ],
247 silly audit   ms: [ '2.1.3' ],
247 silly audit   nanoid: [ '3.3.11' ],
247 silly audit   'napi-postinstall': [ '0.3.4' ],
247 silly audit   'natural-compare': [ '1.4.0' ],
247 silly audit   next: [ '16.1.6' ],
247 silly audit   'node-exports-info': [ '1.6.0' ],
247 silly audit   'node-releases': [ '2.0.27' ],
247 silly audit   'object-assign': [ '4.1.1' ],
247 silly audit   'object-inspect': [ '1.13.4' ],
247 silly audit   'object-keys': [ '1.1.1' ],
247 silly audit   'object.assign': [ '4.1.7' ],
247 silly audit   'object.entries': [ '1.1.9' ],
247 silly audit   'object.fromentries': [ '2.0.8' ],
247 silly audit   'object.groupby': [ '1.0.3' ],
247 silly audit   'object.values': [ '1.2.1' ],
247 silly audit   obug: [ '2.1.1' ],
247 silly audit   optionator: [ '0.9.4' ],
247 silly audit   'own-keys': [ '1.0.1' ],
247 silly audit   'p-limit': [ '3.1.0' ],
247 silly audit   'p-locate': [ '5.0.0' ],
247 silly audit   'parent-module': [ '1.0.1' ],
247 silly audit   'path-exists': [ '4.0.0' ],
247 silly audit   'path-key': [ '3.1.1' ],
247 silly audit   'path-parse': [ '1.0.7' ],
247 silly audit   pathe: [ '2.0.3' ],
247 silly audit   picocolors: [ '1.1.1' ],
247 silly audit   picomatch: [ '2.3.1', '4.0.3' ],
247 silly audit   'possible-typed-array-names': [ '1.1.0' ],
247 silly audit   postcss: [ '8.4.31', '8.5.6' ],
247 silly audit   'prelude-ls': [ '1.2.1' ],
247 silly audit   'prop-types': [ '15.8.1' ],
247 silly audit   punycode: [ '2.3.1' ],
247 silly audit   'queue-microtask': [ '1.2.3' ],
247 silly audit   react: [ '19.2.3' ],
247 silly audit   'react-dom': [ '19.2.3' ],
247 silly audit   'react-is': [ '16.13.1' ],
247 silly audit   'reflect.getprototypeof': [ '1.0.10' ],
247 silly audit   'regexp.prototype.flags': [ '1.5.4' ],
247 silly audit   'resolve-from': [ '4.0.0' ],
247 silly audit   'resolve-pkg-maps': [ '1.0.0' ],
247 silly audit   reusify: [ '1.1.0' ],
247 silly audit   rollup: [ '4.59.0' ],
247 silly audit   'run-parallel': [ '1.2.0' ],
247 silly audit   'safe-array-concat': [ '1.1.3' ],
247 silly audit   'safe-push-apply': [ '1.0.0' ],
247 silly audit   'safe-regex-test': [ '1.1.0' ],
247 silly audit   scheduler: [ '0.27.0' ],
247 silly audit   'set-function-length': [ '1.2.2' ],
247 silly audit   'set-function-name': [ '2.0.2' ],
247 silly audit   'set-proto': [ '1.0.0' ],
247 silly audit   sharp: [ '0.34.5' ],
247 silly audit   'shebang-command': [ '2.0.0' ],
247 silly audit   'shebang-regex': [ '3.0.0' ],
247 silly audit   'side-channel': [ '1.1.0' ],
247 silly audit   'side-channel-list': [ '1.0.0' ],
247 silly audit   'side-channel-map': [ '1.0.1' ],
247 silly audit   'side-channel-weakmap': [ '1.0.2' ],
247 silly audit   siginfo: [ '2.0.0' ],
247 silly audit   'source-map-js': [ '1.2.1' ],
247 silly audit   'stable-hash': [ '0.0.5' ],
247 silly audit   stackback: [ '0.0.2' ],
247 silly audit   'std-env': [ '3.10.0' ],
247 silly audit   'stop-iteration-iterator': [ '1.1.0' ],
247 silly audit   'string.prototype.includes': [ '2.0.1' ],
247 silly audit   'string.prototype.matchall': [ '4.0.12' ],
247 silly audit   'string.prototype.repeat': [ '1.0.0' ],
247 silly audit   'string.prototype.trim': [ '1.2.10' ],
247 silly audit   'string.prototype.trimend': [ '1.0.9' ],
247 silly audit   'string.prototype.trimstart': [ '1.0.8' ],
247 silly audit   'strip-bom': [ '3.0.0' ],
247 silly audit   'strip-json-comments': [ '3.1.1' ],
247 silly audit   'styled-jsx': [ '5.1.6' ],
247 silly audit   'supports-color': [ '7.2.0' ],
247 silly audit   'supports-preserve-symlinks-flag': [ '1.0.0' ],
247 silly audit   tinybench: [ '2.9.0' ],
247 silly audit   tinyexec: [ '1.0.2' ],
247 silly audit   tinyglobby: [ '0.2.15' ],
247 silly audit   fdir: [ '6.5.0' ],
247 silly audit   tinyrainbow: [ '3.0.3' ],
247 silly audit   'to-regex-range': [ '5.0.1' ],
247 silly audit   'ts-api-utils': [ '2.4.0' ],
247 silly audit   'tsconfig-paths': [ '3.15.0' ],
247 silly audit   tslib: [ '2.8.1' ],
247 silly audit   'type-check': [ '0.4.0' ],
247 silly audit   'typed-array-buffer': [ '1.0.3' ],
247 silly audit   'typed-array-byte-length': [ '1.0.3' ],
247 silly audit   'typed-array-byte-offset': [ '1.0.4' ],
247 silly audit   'typed-array-length': [ '1.0.7' ],
247 silly audit   typescript: [ '5.9.3' ],
247 silly audit   'typescript-eslint': [ '8.56.1' ],
247 silly audit   'unbox-primitive': [ '1.1.0' ],
247 silly audit   'undici-types': [ '6.21.0' ],
247 silly audit   'unrs-resolver': [ '1.11.1' ],
247 silly audit   'update-browserslist-db': [ '1.2.3' ],
247 silly audit   'uri-js': [ '4.4.1' ],
247 silly audit   vite: [ '7.3.1' ],
247 silly audit   vitest: [ '4.0.18' ],
247 silly audit   which: [ '2.0.2' ],
247 silly audit   'which-boxed-primitive': [ '1.1.1' ],
247 silly audit   'which-builtin-type': [ '1.2.1' ],
247 silly audit   'which-collection': [ '1.0.2' ],
247 silly audit   'which-typed-array': [ '1.1.20' ],
247 silly audit   'why-is-node-running': [ '2.3.0' ],
247 silly audit   'word-wrap': [ '1.2.5' ],
247 silly audit   ws: [ '8.19.0' ],
247 silly audit   yallist: [ '3.1.1' ],
247 silly audit   'yocto-queue': [ '0.1.0' ],
247 silly audit   zod: [ '4.3.6' ],
247 silly audit   'zod-validation-error': [ '4.0.2' ],
247 silly audit   recharts: [ '3.7.0' ],
247 silly audit   '@reduxjs/toolkit': [ '2.11.2' ],
247 silly audit   clsx: [ '2.1.1' ],
247 silly audit   'decimal.js-light': [ '2.5.1' ],
247 silly audit   'es-toolkit': [ '1.44.0' ],
247 silly audit   eventemitter3: [ '5.0.4' ],
247 silly audit   immer: [ '10.2.0', '11.1.4' ],
247 silly audit   'react-redux': [ '9.2.0' ],
247 silly audit   reselect: [ '5.1.1' ],
247 silly audit   'tiny-invariant': [ '1.3.3' ],
247 silly audit   'use-sync-external-store': [ '1.6.0' ],
247 silly audit   'victory-vendor': [ '37.3.6' ],
247 silly audit   '@standard-schema/utils': [ '0.3.0' ],
247 silly audit   redux: [ '5.0.1' ],
247 silly audit   'redux-thunk': [ '3.1.0' ],
247 silly audit   '@types/use-sync-external-store': [ '0.0.6' ],
247 silly audit   '@types/d3-array': [ '3.2.2' ],
247 silly audit   '@types/d3-ease': [ '3.0.2' ],
247 silly audit   '@types/d3-interpolate': [ '3.0.4' ],
247 silly audit   '@types/d3-scale': [ '4.0.9' ],
247 silly audit   '@types/d3-shape': [ '3.1.8' ],
247 silly audit   '@types/d3-time': [ '3.0.4' ],
247 silly audit   '@types/d3-timer': [ '3.0.2' ],
247 silly audit   'd3-array': [ '3.2.4' ],
247 silly audit   'd3-ease': [ '3.0.1' ],
247 silly audit   'd3-interpolate': [ '3.0.1' ],
247 silly audit   'd3-scale': [ '4.0.2' ],
247 silly audit   'd3-shape': [ '3.2.0' ],
247 silly audit   'd3-time': [ '3.1.0' ],
247 silly audit   'd3-timer': [ '3.0.1' ],
247 silly audit   '@types/d3-color': [ '3.1.3' ],
247 silly audit   '@types/d3-path': [ '3.1.1' ],
247 silly audit   internmap: [ '2.0.3' ],
247 silly audit   'd3-color': [ '3.1.0' ],
247 silly audit   'd3-format': [ '3.1.2' ],
247 silly audit   'd3-time-format': [ '4.1.0' ],
247 silly audit   'd3-path': [ '3.1.0' ]
247 silly audit }
248 http cache @types/d3-path@https://registry.npmjs.org/@types/d3-path/-/d3-path-3.1.1.tgz 0ms (cache hit)
249 http cache d3-path@https://registry.npmjs.org/d3-path/-/d3-path-3.1.0.tgz 0ms (cache hit)
250 http cache @types/d3-color@https://registry.npmjs.org/@types/d3-color/-/d3-color-3.1.3.tgz 0ms (cache hit)
251 http cache d3-format@https://registry.npmjs.org/d3-format/-/d3-format-3.1.2.tgz 0ms (cache hit)
252 http cache d3-color@https://registry.npmjs.org/d3-color/-/d3-color-3.1.0.tgz 0ms (cache hit)
253 http cache d3-time-format@https://registry.npmjs.org/d3-time-format/-/d3-time-format-4.1.0.tgz 0ms (cache hit)
254 http cache internmap@https://registry.npmjs.org/internmap/-/internmap-2.0.3.tgz 0ms (cache hit)
255 http cache d3-timer@https://registry.npmjs.org/d3-timer/-/d3-timer-3.0.1.tgz 0ms (cache hit)
256 http cache d3-shape@https://registry.npmjs.org/d3-shape/-/d3-shape-3.2.0.tgz 0ms (cache hit)
257 http cache d3-scale@https://registry.npmjs.org/d3-scale/-/d3-scale-4.0.2.tgz 0ms (cache hit)
258 http cache d3-time@https://registry.npmjs.org/d3-time/-/d3-time-3.1.0.tgz 0ms (cache hit)
259 http cache @types/d3-timer@https://registry.npmjs.org/@types/d3-timer/-/d3-timer-3.0.2.tgz 0ms (cache hit)
260 http cache @types/d3-shape@https://registry.npmjs.org/@types/d3-shape/-/d3-shape-3.1.8.tgz 0ms (cache hit)
261 http cache @types/d3-array@https://registry.npmjs.org/@types/d3-array/-/d3-array-3.2.2.tgz 0ms (cache hit)
262 http cache @types/d3-interpolate@https://registry.npmjs.org/@types/d3-interpolate/-/d3-interpolate-3.0.4.tgz 0ms (cache hit)
263 http cache @types/d3-time@https://registry.npmjs.org/@types/d3-time/-/d3-time-3.0.4.tgz 0ms (cache hit)
264 http cache @types/d3-ease@https://registry.npmjs.org/@types/d3-ease/-/d3-ease-3.0.2.tgz 0ms (cache hit)
265 http cache d3-ease@https://registry.npmjs.org/d3-ease/-/d3-ease-3.0.1.tgz 0ms (cache hit)
266 http cache d3-interpolate@https://registry.npmjs.org/d3-interpolate/-/d3-interpolate-3.0.1.tgz 0ms (cache hit)
267 http cache d3-array@https://registry.npmjs.org/d3-array/-/d3-array-3.2.4.tgz 1ms (cache hit)
268 http cache @types/d3-scale@https://registry.npmjs.org/@types/d3-scale/-/d3-scale-4.0.9.tgz 0ms (cache hit)
269 http cache redux-thunk@https://registry.npmjs.org/redux-thunk/-/redux-thunk-3.1.0.tgz 0ms (cache hit)
270 http cache redux@https://registry.npmjs.org/redux/-/redux-5.0.1.tgz 0ms (cache hit)
271 http cache @types/use-sync-external-store@https://registry.npmjs.org/@types/use-sync-external-store/-/use-sync-external-store-0.0.6.tgz 0ms (cache hit)
272 http cache tiny-invariant@https://registry.npmjs.org/tiny-invariant/-/tiny-invariant-1.3.3.tgz 0ms (cache hit)
273 http cache victory-vendor@https://registry.npmjs.org/victory-vendor/-/victory-vendor-37.3.6.tgz 1ms (cache hit)
274 http cache @standard-schema/utils@https://registry.npmjs.org/@standard-schema/utils/-/utils-0.3.0.tgz 0ms (cache hit)
275 http cache use-sync-external-store@https://registry.npmjs.org/use-sync-external-store/-/use-sync-external-store-1.6.0.tgz 0ms (cache hit)
276 http cache eventemitter3@https://registry.npmjs.org/eventemitter3/-/eventemitter3-5.0.4.tgz 0ms (cache hit)
277 http cache reselect@https://registry.npmjs.org/reselect/-/reselect-5.1.1.tgz 0ms (cache hit)
278 http cache react-redux@https://registry.npmjs.org/react-redux/-/react-redux-9.2.0.tgz 0ms (cache hit)
279 http cache es-toolkit@https://registry.npmjs.org/es-toolkit/-/es-toolkit-1.44.0.tgz 0ms (cache hit)
280 http cache clsx@https://registry.npmjs.org/clsx/-/clsx-2.1.1.tgz 0ms (cache hit)
281 http cache recharts@https://registry.npmjs.org/recharts/-/recharts-3.7.0.tgz 0ms (cache hit)
282 http cache immer@https://registry.npmjs.org/immer/-/immer-10.2.0.tgz 0ms (cache hit)
283 http cache @reduxjs/toolkit@https://registry.npmjs.org/@reduxjs/toolkit/-/toolkit-2.11.2.tgz 0ms (cache hit)
284 http cache decimal.js-light@https://registry.npmjs.org/decimal.js-light/-/decimal.js-light-2.5.1.tgz 0ms (cache hit)
285 silly tarball no local data for @types/d3-path@https://registry.npmjs.org/@types/d3-path/-/d3-path-3.1.1.tgz. Extracting by manifest.
286 silly tarball no local data for d3-path@https://registry.npmjs.org/d3-path/-/d3-path-3.1.0.tgz. Extracting by manifest.
287 silly tarball no local data for @types/d3-color@https://registry.npmjs.org/@types/d3-color/-/d3-color-3.1.3.tgz. Extracting by manifest.
288 silly tarball no local data for d3-format@https://registry.npmjs.org/d3-format/-/d3-format-3.1.2.tgz. Extracting by manifest.
289 silly tarball no local data for d3-color@https://registry.npmjs.org/d3-color/-/d3-color-3.1.0.tgz. Extracting by manifest.
290 silly tarball no local data for d3-time-format@https://registry.npmjs.org/d3-time-format/-/d3-time-format-4.1.0.tgz. Extracting by manifest.
291 silly tarball no local data for internmap@https://registry.npmjs.org/internmap/-/internmap-2.0.3.tgz. Extracting by manifest.
292 silly tarball no local data for d3-timer@https://registry.npmjs.org/d3-timer/-/d3-timer-3.0.1.tgz. Extracting by manifest.
293 silly tarball no local data for d3-shape@https://registry.npmjs.org/d3-shape/-/d3-shape-3.2.0.tgz. Extracting by manifest.
294 silly tarball no local data for d3-scale@https://registry.npmjs.org/d3-scale/-/d3-scale-4.0.2.tgz. Extracting by manifest.
295 silly tarball no local data for d3-time@https://registry.npmjs.org/d3-time/-/d3-time-3.1.0.tgz. Extracting by manifest.
296 silly tarball no local data for @types/d3-timer@https://registry.npmjs.org/@types/d3-timer/-/d3-timer-3.0.2.tgz. Extracting by manifest.
297 silly tarball no local data for @types/d3-shape@https://registry.npmjs.org/@types/d3-shape/-/d3-shape-3.1.8.tgz. Extracting by manifest.
298 http cache immer@https://registry.npmjs.org/immer/-/immer-11.1.4.tgz 0ms (cache hit)
299 silly tarball no local data for @types/d3-array@https://registry.npmjs.org/@types/d3-array/-/d3-array-3.2.2.tgz. Extracting by manifest.
300 silly tarball no local data for @types/d3-interpolate@https://registry.npmjs.org/@types/d3-interpolate/-/d3-interpolate-3.0.4.tgz. Extracting by manifest.
301 silly tarball no local data for @types/d3-time@https://registry.npmjs.org/@types/d3-time/-/d3-time-3.0.4.tgz. Extracting by manifest.
302 silly tarball no local data for @types/d3-ease@https://registry.npmjs.org/@types/d3-ease/-/d3-ease-3.0.2.tgz. Extracting by manifest.
303 silly tarball no local data for d3-ease@https://registry.npmjs.org/d3-ease/-/d3-ease-3.0.1.tgz. Extracting by manifest.
304 silly tarball no local data for d3-interpolate@https://registry.npmjs.org/d3-interpolate/-/d3-interpolate-3.0.1.tgz. Extracting by manifest.
305 silly tarball no local data for d3-array@https://registry.npmjs.org/d3-array/-/d3-array-3.2.4.tgz. Extracting by manifest.
306 silly tarball no local data for @types/d3-scale@https://registry.npmjs.org/@types/d3-scale/-/d3-scale-4.0.9.tgz. Extracting by manifest.
307 silly tarball no local data for redux-thunk@https://registry.npmjs.org/redux-thunk/-/redux-thunk-3.1.0.tgz. Extracting by manifest.
308 silly tarball no local data for redux@https://registry.npmjs.org/redux/-/redux-5.0.1.tgz. Extracting by manifest.
309 silly tarball no local data for @types/use-sync-external-store@https://registry.npmjs.org/@types/use-sync-external-store/-/use-sync-external-store-0.0.6.tgz. Extracting by manifest.
310 silly tarball no local data for tiny-invariant@https://registry.npmjs.org/tiny-invariant/-/tiny-invariant-1.3.3.tgz. Extracting by manifest.
311 silly tarball no local data for victory-vendor@https://registry.npmjs.org/victory-vendor/-/victory-vendor-37.3.6.tgz. Extracting by manifest.
312 silly tarball no local data for @standard-schema/utils@https://registry.npmjs.org/@standard-schema/utils/-/utils-0.3.0.tgz. Extracting by manifest.
313 silly tarball no local data for use-sync-external-store@https://registry.npmjs.org/use-sync-external-store/-/use-sync-external-store-1.6.0.tgz. Extracting by manifest.
314 silly tarball no local data for eventemitter3@https://registry.npmjs.org/eventemitter3/-/eventemitter3-5.0.4.tgz. Extracting by manifest.
315 silly tarball no local data for reselect@https://registry.npmjs.org/reselect/-/reselect-5.1.1.tgz. Extracting by manifest.
316 silly tarball no local data for react-redux@https://registry.npmjs.org/react-redux/-/react-redux-9.2.0.tgz. Extracting by manifest.
317 silly tarball no local data for es-toolkit@https://registry.npmjs.org/es-toolkit/-/es-toolkit-1.44.0.tgz. Extracting by manifest.
318 silly tarball no local data for clsx@https://registry.npmjs.org/clsx/-/clsx-2.1.1.tgz. Extracting by manifest.
319 silly tarball no local data for recharts@https://registry.npmjs.org/recharts/-/recharts-3.7.0.tgz. Extracting by manifest.
320 silly tarball no local data for immer@https://registry.npmjs.org/immer/-/immer-10.2.0.tgz. Extracting by manifest.
321 silly tarball no local data for @reduxjs/toolkit@https://registry.npmjs.org/@reduxjs/toolkit/-/toolkit-2.11.2.tgz. Extracting by manifest.
322 silly tarball no local data for decimal.js-light@https://registry.npmjs.org/decimal.js-light/-/decimal.js-light-2.5.1.tgz. Extracting by manifest.
323 silly tarball no local data for immer@https://registry.npmjs.org/immer/-/immer-11.1.4.tgz. Extracting by manifest.
324 http fetch POST 200 https://registry.npmjs.org/-/npm/v1/security/advisories/bulk 284ms
325 silly audit report {}
326 http fetch GET 200 https://registry.npmjs.org/d3-timer/-/d3-timer-3.0.1.tgz 448ms (cache miss)
327 http fetch GET 200 https://registry.npmjs.org/@types/d3-color/-/d3-color-3.1.3.tgz 457ms (cache miss)
328 http fetch GET 200 https://registry.npmjs.org/@types/d3-timer/-/d3-timer-3.0.2.tgz 451ms (cache miss)
329 http fetch GET 200 https://registry.npmjs.org/@types/d3-interpolate/-/d3-interpolate-3.0.4.tgz 466ms (cache miss)
330 http fetch GET 200 https://registry.npmjs.org/@types/d3-array/-/d3-array-3.2.2.tgz 481ms (cache miss)
331 http fetch GET 200 https://registry.npmjs.org/@types/use-sync-external-store/-/use-sync-external-store-0.0.6.tgz 461ms (cache miss)
332 http fetch GET 200 https://registry.npmjs.org/@standard-schema/utils/-/utils-0.3.0.tgz 468ms (cache miss)
333 http fetch GET 200 https://registry.npmjs.org/@types/d3-ease/-/d3-ease-3.0.2.tgz 499ms (cache miss)
334 http fetch GET 200 https://registry.npmjs.org/@types/d3-path/-/d3-path-3.1.1.tgz 535ms (cache miss)
335 http fetch GET 200 https://registry.npmjs.org/@types/d3-scale/-/d3-scale-4.0.9.tgz 514ms (cache miss)
336 http fetch GET 200 https://registry.npmjs.org/@types/d3-time/-/d3-time-3.0.4.tgz 529ms (cache miss)
337 http fetch GET 200 https://registry.npmjs.org/internmap/-/internmap-2.0.3.tgz 553ms (cache miss)
338 http fetch GET 200 https://registry.npmjs.org/@types/d3-shape/-/d3-shape-3.1.8.tgz 546ms (cache miss)
339 http fetch GET 200 https://registry.npmjs.org/d3-path/-/d3-path-3.1.0.tgz 602ms (cache miss)
340 http fetch GET 200 https://registry.npmjs.org/redux-thunk/-/redux-thunk-3.1.0.tgz 594ms (cache miss)
341 http fetch GET 200 https://registry.npmjs.org/clsx/-/clsx-2.1.1.tgz 592ms (cache miss)
342 http fetch GET 200 https://registry.npmjs.org/decimal.js-light/-/decimal.js-light-2.5.1.tgz 607ms (cache miss)
343 http fetch GET 200 https://registry.npmjs.org/eventemitter3/-/eventemitter3-5.0.4.tgz 624ms (cache miss)
344 http fetch GET 200 https://registry.npmjs.org/d3-color/-/d3-color-3.1.0.tgz 691ms (cache miss)
345 http fetch GET 200 https://registry.npmjs.org/tiny-invariant/-/tiny-invariant-1.3.3.tgz 655ms (cache miss)
346 http fetch GET 200 https://registry.npmjs.org/d3-time/-/d3-time-3.1.0.tgz 721ms (cache miss)
347 http fetch GET 200 https://registry.npmjs.org/d3-ease/-/d3-ease-3.0.1.tgz 712ms (cache miss)
348 http fetch GET 200 https://registry.npmjs.org/use-sync-external-store/-/use-sync-external-store-1.6.0.tgz 701ms (cache miss)
349 http fetch GET 200 https://registry.npmjs.org/d3-scale/-/d3-scale-4.0.2.tgz 879ms (cache miss)
350 http fetch GET 200 https://registry.npmjs.org/d3-interpolate/-/d3-interpolate-3.0.1.tgz 873ms (cache miss)
351 http fetch GET 200 https://registry.npmjs.org/redux/-/redux-5.0.1.tgz 877ms (cache miss)
352 http fetch GET 200 https://registry.npmjs.org/reselect/-/reselect-5.1.1.tgz 891ms (cache miss)
353 http fetch GET 200 https://registry.npmjs.org/d3-time-format/-/d3-time-format-4.1.0.tgz 977ms (cache miss)
354 http fetch GET 200 https://registry.npmjs.org/immer/-/immer-10.2.0.tgz 949ms (cache miss)
355 http fetch GET 200 https://registry.npmjs.org/immer/-/immer-11.1.4.tgz 942ms (cache miss)
356 http fetch GET 200 https://registry.npmjs.org/d3-array/-/d3-array-3.2.4.tgz 1052ms (cache miss)
357 http fetch GET 200 https://registry.npmjs.org/react-redux/-/react-redux-9.2.0.tgz 1032ms (cache miss)
358 http fetch GET 200 https://registry.npmjs.org/d3-format/-/d3-format-3.1.2.tgz 1134ms (cache miss)
359 http fetch GET 200 https://registry.npmjs.org/d3-shape/-/d3-shape-3.2.0.tgz 1137ms (cache miss)
360 http fetch GET 200 https://registry.npmjs.org/victory-vendor/-/victory-vendor-37.3.6.tgz 2383ms (cache miss)
361 http fetch GET 200 https://registry.npmjs.org/@reduxjs/toolkit/-/toolkit-2.11.2.tgz 2455ms (cache miss)
362 http fetch GET 200 https://registry.npmjs.org/recharts/-/recharts-3.7.0.tgz 4902ms (cache miss)
363 http fetch GET 200 https://registry.npmjs.org/es-toolkit/-/es-toolkit-1.44.0.tgz 10283ms (cache miss)
364 silly ADD node_modules/d3-path
365 silly ADD node_modules/d3-time-format
366 silly ADD node_modules/d3-format
367 silly ADD node_modules/d3-color
368 silly ADD node_modules/internmap
369 silly ADD node_modules/@types/d3-path
370 silly ADD node_modules/@types/d3-color
371 silly ADD node_modules/d3-timer
372 silly ADD node_modules/d3-time
373 silly ADD node_modules/d3-shape
374 silly ADD node_modules/d3-scale
375 silly ADD node_modules/d3-interpolate
376 silly ADD node_modules/d3-ease
377 silly ADD node_modules/d3-array
378 silly ADD node_modules/@types/d3-timer
379 silly ADD node_modules/@types/d3-time
380 silly ADD node_modules/@types/d3-shape
381 silly ADD node_modules/@types/d3-scale
382 silly ADD node_modules/@types/d3-interpolate
383 silly ADD node_modules/@types/d3-ease
384 silly ADD node_modules/@types/d3-array
385 silly ADD node_modules/@types/use-sync-external-store
386 silly ADD node_modules/redux-thunk
387 silly ADD node_modules/redux
388 silly ADD node_modules/@standard-schema/utils
389 silly ADD node_modules/victory-vendor
390 silly ADD node_modules/use-sync-external-store
391 silly ADD node_modules/tiny-invariant
392 silly ADD node_modules/reselect
393 silly ADD node_modules/react-redux
394 silly ADD node_modules/immer
395 silly ADD node_modules/eventemitter3
396 silly ADD node_modules/es-toolkit
397 silly ADD node_modules/decimal.js-light
398 silly ADD node_modules/clsx
399 silly ADD node_modules/@reduxjs/toolkit
400 silly ADD node_modules/@reduxjs/toolkit/node_modules/immer
401 silly ADD node_modules/recharts
402 verbose cwd C:\dev\Assemblio
403 verbose os Windows_NT 10.0.26200
404 verbose node v20.20.0
405 verbose npm  v11.6.2
406 verbose exit 0
407 info ok
