0 verbose cli C:\Program Files\nodejs\node.exe C:\Users\kaspe\AppData\Roaming\npm\node_modules\npm\bin\npm-cli.js
1 info using npm@11.6.2
2 info using node@v20.20.0
3 silly config load:file:C:\Users\kaspe\AppData\Roaming\npm\node_modules\npm\npmrc
4 silly config load:file:C:\dev\Assemblio\.npmrc
5 silly config load:file:C:\Users\kaspe\.npmrc
6 silly config load:file:C:\Users\kaspe\AppData\Roaming\npm\etc\npmrc
7 verbose title npm install vitest
8 verbose argv "install" "--save-dev" "vitest"
9 verbose logfile logs-max:10 dir:C:\dev\Assemblio\.npm-cache\_logs\2026-03-01T09_16_56_030Z-
10 verbose logfile C:\dev\Assemblio\.npm-cache\_logs\2026-03-01T09_16_56_030Z-debug-0.log
11 silly logfile start cleaning logs, removing 1 files
12 silly packumentCache heap:4345298944 maxSize:1086324736 maxEntrySize:543162368
13 silly logfile done cleaning log files
14 silly idealTree buildDeps
15 silly fetch manifest vitest@*
16 silly packumentCache full:https://registry.npmjs.org/vitest cache-miss
17 http fetch GET 200 https://registry.npmjs.org/vitest 198ms (cache miss)
18 silly packumentCache full:https://registry.npmjs.org/vitest set size:undefined disposed:false
19 silly fetch manifest @edge-runtime/vm@*
20 silly packumentCache full:https://registry.npmjs.org/@edge-runtime%2fvm cache-miss
21 http fetch GET 200 https://registry.npmjs.org/@edge-runtime%2fvm 299ms (cache miss)
22 silly packumentCache full:https://registry.npmjs.org/@edge-runtime%2fvm set size:undefined disposed:false
23 silly fetch manifest @opentelemetry/api@^1.9.0
24 silly packumentCache full:https://registry.npmjs.org/@opentelemetry%2fapi cache-miss
25 http fetch GET 200 https://registry.npmjs.org/@opentelemetry%2fapi 61ms (cache revalidated)
26 silly packumentCache full:https://registry.npmjs.org/@opentelemetry%2fapi set size:455567 disposed:false
27 silly fetch manifest @types/node@^20
28 silly packumentCache full:https://registry.npmjs.org/@types%2fnode cache-miss
29 http fetch GET 200 https://registry.npmjs.org/@types%2fnode 172ms (cache updated)
30 silly packumentCache full:https://registry.npmjs.org/@types%2fnode set size:undefined disposed:false
31 silly fetch manifest @vitest/browser-playwright@4.0.18
32 silly packumentCache full:https://registry.npmjs.org/@vitest%2fbrowser-playwright cache-miss
33 http fetch GET 200 https://registry.npmjs.org/@vitest%2fbrowser-playwright 300ms (cache miss)
34 silly packumentCache full:https://registry.npmjs.org/@vitest%2fbrowser-playwright set size:undefined disposed:false
35 silly fetch manifest playwright@*
36 silly packumentCache full:https://registry.npmjs.org/playwright cache-miss
37 http fetch GET 200 https://registry.npmjs.org/playwright 306ms (cache miss)
38 silly packumentCache full:https://registry.npmjs.org/playwright set size:undefined disposed:false
39 silly fetch manifest @vitest/browser-preview@4.0.18
40 silly packumentCache full:https://registry.npmjs.org/@vitest%2fbrowser-preview cache-miss
41 http fetch GET 200 https://registry.npmjs.org/@vitest%2fbrowser-preview 644ms (cache miss)
42 silly packumentCache full:https://registry.npmjs.org/@vitest%2fbrowser-preview set size:undefined disposed:false
43 silly fetch manifest @vitest/browser-webdriverio@4.0.18
44 silly packumentCache full:https://registry.npmjs.org/@vitest%2fbrowser-webdriverio cache-miss
45 http fetch GET 200 https://registry.npmjs.org/@vitest%2fbrowser-webdriverio 666ms (cache miss)
46 silly packumentCache full:https://registry.npmjs.org/@vitest%2fbrowser-webdriverio set size:undefined disposed:false
47 silly fetch manifest webdriverio@*
48 silly packumentCache full:https://registry.npmjs.org/webdriverio cache-miss
49 http fetch GET 200 https://registry.npmjs.org/webdriverio 251ms (cache miss)
50 silly packumentCache full:https://registry.npmjs.org/webdriverio set size:undefined disposed:false
51 silly fetch manifest puppeteer-core@>=22.x || <=24.x
52 silly packumentCache full:https://registry.npmjs.org/puppeteer-core cache-miss
53 http fetch GET 200 https://registry.npmjs.org/puppeteer-core 215ms (cache miss)
54 silly packumentCache full:https://registry.npmjs.org/puppeteer-core set size:undefined disposed:false
55 silly fetch manifest @vitest/ui@4.0.18
56 silly packumentCache full:https://registry.npmjs.org/@vitest%2fui cache-miss
57 http fetch GET 200 https://registry.npmjs.org/@vitest%2fui 710ms (cache miss)
58 silly packumentCache full:https://registry.npmjs.org/@vitest%2fui set size:undefined disposed:false
59 silly fetch manifest happy-dom@*
60 silly packumentCache full:https://registry.npmjs.org/happy-dom cache-miss
61 http fetch GET 200 https://registry.npmjs.org/happy-dom 232ms (cache miss)
62 silly packumentCache full:https://registry.npmjs.org/happy-dom set size:undefined disposed:false
63 silly fetch manifest jsdom@*
64 silly packumentCache full:https://registry.npmjs.org/jsdom cache-miss
65 http fetch GET 200 https://registry.npmjs.org/jsdom 48ms (cache miss)
66 silly packumentCache full:https://registry.npmjs.org/jsdom set size:undefined disposed:false
67 silly fetch manifest canvas@^3.0.0
68 silly packumentCache full:https://registry.npmjs.org/canvas cache-miss
69 http fetch GET 200 https://registry.npmjs.org/canvas 39ms (cache miss)
70 silly packumentCache full:https://registry.npmjs.org/canvas set size:undefined disposed:false
71 silly placeDep ROOT vitest@4.0.18 OK for: assemblio-app@0.1.0 want: *
72 silly fetch manifest obug@^2.1.1
73 silly packumentCache full:https://registry.npmjs.org/obug cache-miss
74 silly fetch manifest vite@^6.0.0 || ^7.0.0
75 silly packumentCache full:https://registry.npmjs.org/vite cache-miss
76 silly fetch manifest pathe@^2.0.3
77 silly packumentCache full:https://registry.npmjs.org/pathe cache-miss
78 silly fetch manifest std-env@^3.10.0
79 silly packumentCache full:https://registry.npmjs.org/std-env cache-miss
80 silly fetch manifest tinyexec@^1.0.2
81 silly packumentCache full:https://registry.npmjs.org/tinyexec cache-miss
82 silly fetch manifest picomatch@^4.0.3
83 silly packumentCache full:https://registry.npmjs.org/picomatch cache-miss
84 silly fetch manifest tinybench@^2.9.0
85 silly packumentCache full:https://registry.npmjs.org/tinybench cache-miss
86 silly fetch manifest @vitest/spy@4.0.18
87 silly packumentCache full:https://registry.npmjs.org/@vitest%2fspy cache-miss
88 silly fetch manifest expect-type@^1.2.2
89 silly packumentCache full:https://registry.npmjs.org/expect-type cache-miss
90 silly fetch manifest tinyrainbow@^3.0.3
91 silly packumentCache full:https://registry.npmjs.org/tinyrainbow cache-miss
92 silly fetch manifest magic-string@^0.30.21
93 silly packumentCache full:https://registry.npmjs.org/magic-string cache-miss
94 silly fetch manifest @vitest/utils@4.0.18
95 silly packumentCache full:https://registry.npmjs.org/@vitest%2futils cache-miss
96 silly fetch manifest @vitest/expect@4.0.18
97 silly packumentCache full:https://registry.npmjs.org/@vitest%2fexpect cache-miss
98 silly fetch manifest @vitest/mocker@4.0.18
99 silly packumentCache full:https://registry.npmjs.org/@vitest%2fmocker cache-miss
100 silly fetch manifest @vitest/runner@4.0.18
101 silly packumentCache full:https://registry.npmjs.org/@vitest%2frunner cache-miss
102 http fetch GET 200 https://registry.npmjs.org/obug 78ms (cache miss)
103 silly packumentCache full:https://registry.npmjs.org/obug set size:undefined disposed:false
104 silly fetch manifest es-module-lexer@^1.7.0
105 silly packumentCache full:https://registry.npmjs.org/es-module-lexer cache-miss
106 http fetch GET 200 https://registry.npmjs.org/tinybench 102ms (cache miss)
107 silly packumentCache full:https://registry.npmjs.org/tinybench set size:undefined disposed:false
108 silly fetch manifest @vitest/snapshot@4.0.18
109 silly packumentCache full:https://registry.npmjs.org/@vitest%2fsnapshot cache-miss
110 http fetch GET 200 https://registry.npmjs.org/tinyexec 106ms (cache miss)
111 silly packumentCache full:https://registry.npmjs.org/tinyexec set size:undefined disposed:false
112 silly fetch manifest why-is-node-running@^2.3.0
113 silly packumentCache full:https://registry.npmjs.org/why-is-node-running cache-miss
114 http fetch GET 200 https://registry.npmjs.org/pathe 120ms (cache miss)
115 silly packumentCache full:https://registry.npmjs.org/pathe set size:undefined disposed:false
116 silly fetch manifest @vitest/pretty-format@4.0.18
117 silly packumentCache full:https://registry.npmjs.org/@vitest%2fpretty-format cache-miss
118 http fetch GET 200 https://registry.npmjs.org/picomatch 133ms (cache revalidated)
119 silly packumentCache full:https://registry.npmjs.org/picomatch set size:118818 disposed:false
120 http fetch GET 200 https://registry.npmjs.org/es-module-lexer 65ms (cache miss)
121 silly packumentCache full:https://registry.npmjs.org/es-module-lexer set size:undefined disposed:false
122 http fetch GET 200 https://registry.npmjs.org/std-env 154ms (cache miss)
123 silly packumentCache full:https://registry.npmjs.org/std-env set size:undefined disposed:false
124 http fetch GET 200 https://registry.npmjs.org/@vitest%2fmocker 154ms (cache miss)
125 silly packumentCache full:https://registry.npmjs.org/@vitest%2fmocker set size:undefined disposed:false
126 http fetch GET 200 https://registry.npmjs.org/@vitest%2fexpect 161ms (cache miss)
127 silly packumentCache full:https://registry.npmjs.org/@vitest%2fexpect set size:undefined disposed:false
128 http fetch GET 200 https://registry.npmjs.org/@vitest%2fsnapshot 66ms (cache miss)
129 silly packumentCache full:https://registry.npmjs.org/@vitest%2fsnapshot set size:undefined disposed:false
130 http fetch GET 200 https://registry.npmjs.org/tinyrainbow 265ms (cache miss)
131 silly packumentCache full:https://registry.npmjs.org/tinyrainbow set size:undefined disposed:false
132 http fetch GET 200 https://registry.npmjs.org/expect-type 277ms (cache miss)
133 silly packumentCache full:https://registry.npmjs.org/expect-type set size:undefined disposed:false
134 http fetch GET 200 https://registry.npmjs.org/magic-string 291ms (cache miss)
135 silly packumentCache full:https://registry.npmjs.org/magic-string set size:undefined disposed:false
136 http fetch GET 200 https://registry.npmjs.org/why-is-node-running 206ms (cache miss)
137 silly packumentCache full:https://registry.npmjs.org/why-is-node-running set size:undefined disposed:false
138 http fetch GET 200 https://registry.npmjs.org/@vitest%2frunner 595ms (cache miss)
139 silly packumentCache full:https://registry.npmjs.org/@vitest%2frunner set size:undefined disposed:false
140 http fetch GET 200 https://registry.npmjs.org/@vitest%2futils 715ms (cache miss)
141 silly packumentCache full:https://registry.npmjs.org/@vitest%2futils set size:undefined disposed:false
142 http fetch GET 200 https://registry.npmjs.org/@vitest%2fpretty-format 1016ms (cache miss)
143 silly packumentCache full:https://registry.npmjs.org/@vitest%2fpretty-format set size:undefined disposed:false
144 http fetch GET 200 https://registry.npmjs.org/@vitest%2fspy 1495ms (cache miss)
145 silly packumentCache full:https://registry.npmjs.org/@vitest%2fspy set size:undefined disposed:false
146 http fetch GET 200 https://registry.npmjs.org/vite 1566ms (cache miss)
147 silly packumentCache full:https://registry.npmjs.org/vite set size:undefined disposed:false
148 silly fetch manifest @types/node@^20.0.0 || ^22.0.0 || >=24.0.0
149 silly packumentCache full:https://registry.npmjs.org/@types%2fnode cache-miss
150 http cache https://registry.npmjs.org/@types%2fnode 38ms (cache hit)
151 silly packumentCache full:https://registry.npmjs.org/@types%2fnode set size:10900244 disposed:false
152 silly fetch manifest jiti@>=1.21.0
153 silly packumentCache full:https://registry.npmjs.org/jiti cache-miss
154 http fetch GET 200 https://registry.npmjs.org/jiti 47ms (cache revalidated)
155 silly packumentCache full:https://registry.npmjs.org/jiti set size:382310 disposed:false
156 silly fetch manifest less@^4.0.0
157 silly packumentCache full:https://registry.npmjs.org/less cache-miss
158 http fetch GET 200 https://registry.npmjs.org/less 156ms (cache miss)
159 silly packumentCache full:https://registry.npmjs.org/less set size:undefined disposed:false
160 silly fetch manifest lightningcss@^1.21.0
161 silly packumentCache full:https://registry.npmjs.org/lightningcss cache-miss
162 http fetch GET 200 https://registry.npmjs.org/lightningcss 36ms (cache miss)
163 silly packumentCache full:https://registry.npmjs.org/lightningcss set size:undefined disposed:false
164 silly fetch manifest sass@^1.70.0
165 silly packumentCache full:https://registry.npmjs.org/sass cache-miss
166 http fetch GET 200 https://registry.npmjs.org/sass 157ms (cache revalidated)
167 silly packumentCache full:https://registry.npmjs.org/sass set size:722061 disposed:false
168 silly fetch manifest sass-embedded@^1.70.0
169 silly packumentCache full:https://registry.npmjs.org/sass-embedded cache-miss
170 http fetch GET 200 https://registry.npmjs.org/sass-embedded 32ms (cache miss)
171 silly packumentCache full:https://registry.npmjs.org/sass-embedded set size:undefined disposed:false
172 silly fetch manifest stylus@>=0.54.8
173 silly packumentCache full:https://registry.npmjs.org/stylus cache-miss
174 http fetch GET 200 https://registry.npmjs.org/stylus 35ms (cache miss)
175 silly packumentCache full:https://registry.npmjs.org/stylus set size:undefined disposed:false
176 silly fetch manifest sugarss@^5.0.0
177 silly packumentCache full:https://registry.npmjs.org/sugarss cache-miss
178 http fetch GET 200 https://registry.npmjs.org/sugarss 151ms (cache miss)
179 silly packumentCache full:https://registry.npmjs.org/sugarss set size:undefined disposed:false
180 silly fetch manifest postcss@^8.3.3
181 silly packumentCache full:https://registry.npmjs.org/postcss cache-miss
182 http fetch GET 200 https://registry.npmjs.org/postcss 45ms (cache revalidated)
183 silly packumentCache full:https://registry.npmjs.org/postcss set size:696248 disposed:false
184 silly fetch manifest terser@^5.16.0
185 silly packumentCache full:https://registry.npmjs.org/terser cache-miss
186 http fetch GET 200 https://registry.npmjs.org/terser 146ms (cache miss)
187 silly packumentCache full:https://registry.npmjs.org/terser set size:undefined disposed:false
188 silly fetch manifest tsx@^4.8.1
189 silly packumentCache full:https://registry.npmjs.org/tsx cache-miss
190 http fetch GET 200 https://registry.npmjs.org/tsx 185ms (cache miss)
191 silly packumentCache full:https://registry.npmjs.org/tsx set size:undefined disposed:false
192 silly fetch manifest yaml@^2.4.2
193 silly packumentCache full:https://registry.npmjs.org/yaml cache-miss
194 http fetch GET 200 https://registry.npmjs.org/yaml 34ms (cache miss)
195 silly packumentCache full:https://registry.npmjs.org/yaml set size:undefined disposed:false
196 silly fetch manifest msw@^2.4.9
197 silly packumentCache full:https://registry.npmjs.org/msw cache-miss
198 http fetch GET 200 https://registry.npmjs.org/msw 221ms (cache miss)
199 silly packumentCache full:https://registry.npmjs.org/msw set size:undefined disposed:false
200 silly fetch manifest typescript@>= 4.8.x
201 silly packumentCache full:https://registry.npmjs.org/typescript cache-miss
202 http fetch GET 200 https://registry.npmjs.org/typescript 531ms (cache updated)
203 silly packumentCache full:https://registry.npmjs.org/typescript set size:undefined disposed:false
204 silly placeDep ROOT @vitest/expect@4.0.18 OK for: vitest@4.0.18 want: 4.0.18
205 silly placeDep ROOT @vitest/mocker@4.0.18 OK for: vitest@4.0.18 want: 4.0.18
206 silly placeDep ROOT @vitest/pretty-format@4.0.18 OK for: vitest@4.0.18 want: 4.0.18
207 silly placeDep ROOT @vitest/runner@4.0.18 OK for: vitest@4.0.18 want: 4.0.18
208 silly placeDep ROOT @vitest/snapshot@4.0.18 OK for: vitest@4.0.18 want: 4.0.18
209 silly placeDep ROOT @vitest/spy@4.0.18 OK for: vitest@4.0.18 want: 4.0.18
210 silly placeDep ROOT @vitest/utils@4.0.18 OK for: vitest@4.0.18 want: 4.0.18
211 silly placeDep ROOT es-module-lexer@1.7.0 OK for: vitest@4.0.18 want: ^1.7.0
212 silly placeDep ROOT expect-type@1.3.0 OK for: vitest@4.0.18 want: ^1.2.2
213 silly placeDep ROOT magic-string@0.30.21 OK for: vitest@4.0.18 want: ^0.30.21
214 silly placeDep ROOT obug@2.1.1 OK for: vitest@4.0.18 want: ^2.1.1
215 silly placeDep ROOT pathe@2.0.3 OK for: vitest@4.0.18 want: ^2.0.3
216 silly placeDep node_modules/vitest picomatch@4.0.3 OK for: vitest@4.0.18 want: ^4.0.3
217 silly placeDep ROOT std-env@3.10.0 OK for: vitest@4.0.18 want: ^3.10.0
218 silly placeDep ROOT tinybench@2.9.0 OK for: vitest@4.0.18 want: ^2.9.0
219 silly placeDep ROOT tinyexec@1.0.2 OK for: vitest@4.0.18 want: ^1.0.2
220 silly placeDep ROOT tinyrainbow@3.0.3 OK for: vitest@4.0.18 want: ^3.0.3
221 silly placeDep ROOT vite@7.3.1 OK for: vitest@4.0.18 want: ^6.0.0 || ^7.0.0
222 silly placeDep ROOT why-is-node-running@2.3.0 OK for: vitest@4.0.18 want: ^2.3.0
223 silly fetch manifest chai@^6.2.1
224 silly packumentCache full:https://registry.npmjs.org/chai cache-miss
225 silly fetch manifest @types/chai@^5.2.2
226 silly packumentCache full:https://registry.npmjs.org/@types%2fchai cache-miss
227 silly fetch manifest @standard-schema/spec@^1.0.0
228 silly packumentCache full:https://registry.npmjs.org/@standard-schema%2fspec cache-miss
229 silly fetch manifest estree-walker@^3.0.3
230 silly packumentCache full:https://registry.npmjs.org/estree-walker cache-miss
231 silly fetch manifest fdir@^6.5.0
232 silly packumentCache full:https://registry.npmjs.org/fdir cache-miss
233 silly fetch manifest rollup@^4.43.0
234 silly packumentCache full:https://registry.npmjs.org/rollup cache-miss
235 silly fetch manifest esbuild@^0.27.0
236 silly packumentCache full:https://registry.npmjs.org/esbuild cache-miss
237 silly fetch manifest postcss@^8.5.6
238 silly packumentCache full:https://registry.npmjs.org/postcss cache-hit
239 silly fetch manifest fsevents@~2.3.3
240 silly packumentCache full:https://registry.npmjs.org/fsevents cache-miss
241 silly fetch manifest siginfo@^2.0.0
242 silly packumentCache full:https://registry.npmjs.org/siginfo cache-miss
243 silly fetch manifest stackback@0.0.2
244 silly packumentCache full:https://registry.npmjs.org/stackback cache-miss
245 http fetch GET 200 https://registry.npmjs.org/estree-walker 76ms (cache miss)
246 silly packumentCache full:https://registry.npmjs.org/estree-walker set size:undefined disposed:false
247 http fetch GET 200 https://registry.npmjs.org/fdir 78ms (cache revalidated)
248 silly packumentCache full:https://registry.npmjs.org/fdir set size:136182 disposed:false
249 http fetch GET 200 https://registry.npmjs.org/chai 86ms (cache miss)
250 silly packumentCache full:https://registry.npmjs.org/chai set size:undefined disposed:false
251 http fetch GET 200 https://registry.npmjs.org/fsevents 86ms (cache miss)
252 silly packumentCache full:https://registry.npmjs.org/fsevents set size:undefined disposed:false
253 http fetch GET 200 https://registry.npmjs.org/esbuild 123ms (cache miss)
254 silly packumentCache full:https://registry.npmjs.org/esbuild set size:undefined disposed:false
255 http fetch GET 200 https://registry.npmjs.org/@standard-schema%2fspec 254ms (cache miss)
256 silly packumentCache full:https://registry.npmjs.org/@standard-schema%2fspec set size:undefined disposed:false
257 http fetch GET 200 https://registry.npmjs.org/stackback 266ms (cache miss)
258 silly packumentCache full:https://registry.npmjs.org/stackback set size:undefined disposed:false
259 http fetch GET 200 https://registry.npmjs.org/siginfo 270ms (cache miss)
260 silly packumentCache full:https://registry.npmjs.org/siginfo set size:undefined disposed:false
261 http fetch GET 200 https://registry.npmjs.org/rollup 292ms (cache miss)
262 silly packumentCache full:https://registry.npmjs.org/rollup set size:undefined disposed:false
263 http fetch GET 200 https://registry.npmjs.org/@types%2fchai 346ms (cache miss)
264 silly packumentCache full:https://registry.npmjs.org/@types%2fchai set size:undefined disposed:false
265 silly placeDep ROOT @standard-schema/spec@1.1.0 OK for: @vitest/expect@4.0.18 want: ^1.0.0
266 silly placeDep ROOT @types/chai@5.2.3 OK for: @vitest/expect@4.0.18 want: ^5.2.2
267 silly placeDep ROOT chai@6.2.2 OK for: @vitest/expect@4.0.18 want: ^6.2.1
268 silly fetch manifest @types/deep-eql@*
269 silly packumentCache full:https://registry.npmjs.org/@types%2fdeep-eql cache-miss
270 silly fetch manifest assertion-error@^2.0.1
271 silly packumentCache full:https://registry.npmjs.org/assertion-error cache-miss
272 http fetch GET 200 https://registry.npmjs.org/@types%2fdeep-eql 142ms (cache miss)
273 silly packumentCache full:https://registry.npmjs.org/@types%2fdeep-eql set size:undefined disposed:false
274 http fetch GET 200 https://registry.npmjs.org/assertion-error 315ms (cache miss)
275 silly packumentCache full:https://registry.npmjs.org/assertion-error set size:undefined disposed:false
276 silly placeDep ROOT @types/deep-eql@4.0.2 OK for: @types/chai@5.2.3 want: *
277 silly placeDep ROOT assertion-error@2.0.1 OK for: @types/chai@5.2.3 want: ^2.0.1
278 silly placeDep ROOT estree-walker@3.0.3 OK for: @vitest/mocker@4.0.18 want: ^3.0.3
279 silly placeDep ROOT esbuild@0.27.3 OK for: vite@7.3.1 want: ^0.27.0
280 silly placeDep node_modules/vite fdir@6.5.0 OK for: vite@7.3.1 want: ^6.5.0
281 silly placeDep node_modules/vite picomatch@4.0.3 OK for: fdir@6.5.0 want: ^3 || ^4
282 silly placeDep ROOT fsevents@2.3.3 OK for: vite@7.3.1 want: ~2.3.3
283 silly placeDep node_modules/vite postcss@8.5.6 OK for: vite@7.3.1 want: ^8.5.6
284 silly placeDep ROOT rollup@4.59.0 OK for: vite@7.3.1 want: ^4.43.0
285 silly fetch manifest @esbuild/aix-ppc64@0.27.3
286 silly packumentCache full:https://registry.npmjs.org/@esbuild%2faix-ppc64 cache-miss
287 silly fetch manifest @esbuild/android-arm@0.27.3
288 silly packumentCache full:https://registry.npmjs.org/@esbuild%2fandroid-arm cache-miss
289 silly fetch manifest @esbuild/android-arm64@0.27.3
290 silly packumentCache full:https://registry.npmjs.org/@esbuild%2fandroid-arm64 cache-miss
291 silly fetch manifest @esbuild/android-x64@0.27.3
292 silly packumentCache full:https://registry.npmjs.org/@esbuild%2fandroid-x64 cache-miss
293 silly fetch manifest @esbuild/darwin-arm64@0.27.3
294 silly packumentCache full:https://registry.npmjs.org/@esbuild%2fdarwin-arm64 cache-miss
295 silly fetch manifest @esbuild/darwin-x64@0.27.3
296 silly packumentCache full:https://registry.npmjs.org/@esbuild%2fdarwin-x64 cache-miss
297 silly fetch manifest @esbuild/freebsd-arm64@0.27.3
298 silly packumentCache full:https://registry.npmjs.org/@esbuild%2ffreebsd-arm64 cache-miss
299 silly fetch manifest @esbuild/freebsd-x64@0.27.3
300 silly packumentCache full:https://registry.npmjs.org/@esbuild%2ffreebsd-x64 cache-miss
301 silly fetch manifest @esbuild/linux-arm@0.27.3
302 silly packumentCache full:https://registry.npmjs.org/@esbuild%2flinux-arm cache-miss
303 silly fetch manifest @esbuild/linux-arm64@0.27.3
304 silly packumentCache full:https://registry.npmjs.org/@esbuild%2flinux-arm64 cache-miss
305 silly fetch manifest @esbuild/linux-ia32@0.27.3
306 silly packumentCache full:https://registry.npmjs.org/@esbuild%2flinux-ia32 cache-miss
307 silly fetch manifest @esbuild/linux-loong64@0.27.3
308 silly packumentCache full:https://registry.npmjs.org/@esbuild%2flinux-loong64 cache-miss
309 silly fetch manifest @esbuild/linux-mips64el@0.27.3
310 silly packumentCache full:https://registry.npmjs.org/@esbuild%2flinux-mips64el cache-miss
311 silly fetch manifest @esbuild/linux-ppc64@0.27.3
312 silly packumentCache full:https://registry.npmjs.org/@esbuild%2flinux-ppc64 cache-miss
313 silly fetch manifest @esbuild/linux-riscv64@0.27.3
314 silly packumentCache full:https://registry.npmjs.org/@esbuild%2flinux-riscv64 cache-miss
315 http fetch GET 200 https://registry.npmjs.org/@esbuild%2ffreebsd-arm64 57ms (cache miss)
316 silly packumentCache full:https://registry.npmjs.org/@esbuild%2ffreebsd-arm64 set size:undefined disposed:false
317 silly fetch manifest @esbuild/linux-s390x@0.27.3
318 silly packumentCache full:https://registry.npmjs.org/@esbuild%2flinux-s390x cache-miss
319 http fetch GET 200 https://registry.npmjs.org/@esbuild%2fandroid-arm64 69ms (cache miss)
320 silly packumentCache full:https://registry.npmjs.org/@esbuild%2fandroid-arm64 set size:undefined disposed:false
321 silly fetch manifest @esbuild/linux-x64@0.27.3
322 silly packumentCache full:https://registry.npmjs.org/@esbuild%2flinux-x64 cache-miss
323 http fetch GET 200 https://registry.npmjs.org/@esbuild%2faix-ppc64 74ms (cache miss)
324 silly packumentCache full:https://registry.npmjs.org/@esbuild%2faix-ppc64 set size:undefined disposed:false
325 silly fetch manifest @esbuild/netbsd-arm64@0.27.3
326 silly packumentCache full:https://registry.npmjs.org/@esbuild%2fnetbsd-arm64 cache-miss
327 http fetch GET 200 https://registry.npmjs.org/@esbuild%2flinux-ia32 67ms (cache miss)
328 silly packumentCache full:https://registry.npmjs.org/@esbuild%2flinux-ia32 set size:undefined disposed:false
329 silly fetch manifest @esbuild/netbsd-x64@0.27.3
330 silly packumentCache full:https://registry.npmjs.org/@esbuild%2fnetbsd-x64 cache-miss
331 http fetch GET 200 https://registry.npmjs.org/@esbuild%2fdarwin-x64 197ms (cache miss)
332 silly packumentCache full:https://registry.npmjs.org/@esbuild%2fdarwin-x64 set size:undefined disposed:false
333 silly fetch manifest @esbuild/openbsd-arm64@0.27.3
334 silly packumentCache full:https://registry.npmjs.org/@esbuild%2fopenbsd-arm64 cache-miss
335 http fetch GET 200 https://registry.npmjs.org/@esbuild%2fopenbsd-arm64 54ms (cache miss)
336 silly packumentCache full:https://registry.npmjs.org/@esbuild%2fopenbsd-arm64 set size:undefined disposed:false
337 silly fetch manifest @esbuild/openbsd-x64@0.27.3
338 silly packumentCache full:https://registry.npmjs.org/@esbuild%2fopenbsd-x64 cache-miss
339 http fetch GET 200 https://registry.npmjs.org/@esbuild%2fnetbsd-arm64 187ms (cache miss)
340 silly packumentCache full:https://registry.npmjs.org/@esbuild%2fnetbsd-arm64 set size:undefined disposed:false
341 silly fetch manifest @esbuild/openharmony-arm64@0.27.3
342 silly packumentCache full:https://registry.npmjs.org/@esbuild%2fopenharmony-arm64 cache-miss
343 http fetch GET 200 https://registry.npmjs.org/@esbuild%2flinux-x64 197ms (cache miss)
344 silly packumentCache full:https://registry.npmjs.org/@esbuild%2flinux-x64 set size:undefined disposed:false
345 silly fetch manifest @esbuild/sunos-x64@0.27.3
346 silly packumentCache full:https://registry.npmjs.org/@esbuild%2fsunos-x64 cache-miss
347 http fetch GET 200 https://registry.npmjs.org/@esbuild%2flinux-s390x 208ms (cache miss)
348 silly packumentCache full:https://registry.npmjs.org/@esbuild%2flinux-s390x set size:undefined disposed:false
349 silly fetch manifest @esbuild/win32-arm64@0.27.3
350 silly packumentCache full:https://registry.npmjs.org/@esbuild%2fwin32-arm64 cache-miss
351 http fetch GET 200 https://registry.npmjs.org/@esbuild%2flinux-riscv64 294ms (cache miss)
352 silly packumentCache full:https://registry.npmjs.org/@esbuild%2flinux-riscv64 set size:undefined disposed:false
353 silly fetch manifest @esbuild/win32-ia32@0.27.3
354 silly packumentCache full:https://registry.npmjs.org/@esbuild%2fwin32-ia32 cache-miss
355 http fetch GET 200 https://registry.npmjs.org/@esbuild%2flinux-loong64 300ms (cache miss)
356 silly packumentCache full:https://registry.npmjs.org/@esbuild%2flinux-loong64 set size:undefined disposed:false
357 silly fetch manifest @esbuild/win32-x64@0.27.3
358 silly packumentCache full:https://registry.npmjs.org/@esbuild%2fwin32-x64 cache-miss
359 http fetch GET 200 https://registry.npmjs.org/@esbuild%2fopenharmony-arm64 52ms (cache miss)
360 silly packumentCache full:https://registry.npmjs.org/@esbuild%2fopenharmony-arm64 set size:undefined disposed:false
361 silly fetch manifest @rollup/rollup-darwin-arm64@4.59.0
362 silly packumentCache full:https://registry.npmjs.org/@rollup%2frollup-darwin-arm64 cache-miss
363 http fetch GET 200 https://registry.npmjs.org/@esbuild%2fopenbsd-x64 63ms (cache miss)
364 silly packumentCache full:https://registry.npmjs.org/@esbuild%2fopenbsd-x64 set size:undefined disposed:false
365 silly fetch manifest @rollup/rollup-android-arm64@4.59.0
366 silly packumentCache full:https://registry.npmjs.org/@rollup%2frollup-android-arm64 cache-miss
367 http fetch GET 200 https://registry.npmjs.org/@esbuild%2fnetbsd-x64 248ms (cache miss)
368 silly packumentCache full:https://registry.npmjs.org/@esbuild%2fnetbsd-x64 set size:undefined disposed:false
369 silly fetch manifest @rollup/rollup-win32-arm64-msvc@4.59.0
370 silly packumentCache full:https://registry.npmjs.org/@rollup%2frollup-win32-arm64-msvc cache-miss
371 http fetch GET 200 https://registry.npmjs.org/@esbuild%2fwin32-arm64 93ms (cache miss)
372 silly packumentCache full:https://registry.npmjs.org/@esbuild%2fwin32-arm64 set size:undefined disposed:false
373 silly fetch manifest @rollup/rollup-freebsd-arm64@4.59.0
374 silly packumentCache full:https://registry.npmjs.org/@rollup%2frollup-freebsd-arm64 cache-miss
375 http fetch GET 200 https://registry.npmjs.org/@rollup%2frollup-darwin-arm64 55ms (cache miss)
376 silly packumentCache full:https://registry.npmjs.org/@rollup%2frollup-darwin-arm64 set size:undefined disposed:false
377 silly fetch manifest @rollup/rollup-linux-arm64-gnu@4.59.0
378 silly packumentCache full:https://registry.npmjs.org/@rollup%2frollup-linux-arm64-gnu cache-miss
379 http fetch GET 200 https://registry.npmjs.org/@esbuild%2fwin32-x64 70ms (cache miss)
380 silly packumentCache full:https://registry.npmjs.org/@esbuild%2fwin32-x64 set size:undefined disposed:false
381 silly fetch manifest @rollup/rollup-linux-arm64-musl@4.59.0
382 silly packumentCache full:https://registry.npmjs.org/@rollup%2frollup-linux-arm64-musl cache-miss
383 http fetch GET 200 https://registry.npmjs.org/@esbuild%2fwin32-ia32 78ms (cache miss)
384 silly packumentCache full:https://registry.npmjs.org/@esbuild%2fwin32-ia32 set size:undefined disposed:false
385 silly fetch manifest @rollup/rollup-android-arm-eabi@4.59.0
386 silly packumentCache full:https://registry.npmjs.org/@rollup%2frollup-android-arm-eabi cache-miss
387 http fetch GET 200 https://registry.npmjs.org/@esbuild%2flinux-ppc64 386ms (cache miss)
388 silly packumentCache full:https://registry.npmjs.org/@esbuild%2flinux-ppc64 set size:undefined disposed:false
389 silly fetch manifest @rollup/rollup-linux-arm-gnueabihf@4.59.0
390 silly packumentCache full:https://registry.npmjs.org/@rollup%2frollup-linux-arm-gnueabihf cache-miss
391 http fetch GET 200 https://registry.npmjs.org/@esbuild%2fdarwin-arm64 401ms (cache miss)
392 silly packumentCache full:https://registry.npmjs.org/@esbuild%2fdarwin-arm64 set size:undefined disposed:false
393 silly fetch manifest @rollup/rollup-linux-arm-musleabihf@4.59.0
394 silly packumentCache full:https://registry.npmjs.org/@rollup%2frollup-linux-arm-musleabihf cache-miss
395 http fetch GET 200 https://registry.npmjs.org/@rollup%2frollup-android-arm64 105ms (cache miss)
396 silly packumentCache full:https://registry.npmjs.org/@rollup%2frollup-android-arm64 set size:undefined disposed:false
397 silly fetch manifest @rollup/rollup-win32-ia32-msvc@4.59.0
398 silly packumentCache full:https://registry.npmjs.org/@rollup%2frollup-win32-ia32-msvc cache-miss
399 http fetch GET 200 https://registry.npmjs.org/@esbuild%2flinux-arm64 431ms (cache miss)
400 silly packumentCache full:https://registry.npmjs.org/@esbuild%2flinux-arm64 set size:undefined disposed:false
401 silly fetch manifest @rollup/rollup-linux-loong64-gnu@4.59.0
402 silly packumentCache full:https://registry.npmjs.org/@rollup%2frollup-linux-loong64-gnu cache-miss
403 http fetch GET 200 https://registry.npmjs.org/@esbuild%2flinux-mips64el 444ms (cache miss)
404 silly packumentCache full:https://registry.npmjs.org/@esbuild%2flinux-mips64el set size:undefined disposed:false
405 silly fetch manifest @rollup/rollup-linux-loong64-musl@4.59.0
406 silly packumentCache full:https://registry.npmjs.org/@rollup%2frollup-linux-loong64-musl cache-miss
407 http fetch GET 200 https://registry.npmjs.org/@rollup%2frollup-freebsd-arm64 96ms (cache miss)
408 silly packumentCache full:https://registry.npmjs.org/@rollup%2frollup-freebsd-arm64 set size:undefined disposed:false
409 silly fetch manifest @rollup/rollup-linux-riscv64-gnu@4.59.0
410 silly packumentCache full:https://registry.npmjs.org/@rollup%2frollup-linux-riscv64-gnu cache-miss
411 http fetch GET 200 https://registry.npmjs.org/@rollup%2frollup-win32-arm64-msvc 148ms (cache miss)
412 silly packumentCache full:https://registry.npmjs.org/@rollup%2frollup-win32-arm64-msvc set size:undefined disposed:false
413 silly fetch manifest @rollup/rollup-linux-riscv64-musl@4.59.0
414 silly packumentCache full:https://registry.npmjs.org/@rollup%2frollup-linux-riscv64-musl cache-miss
415 http fetch GET 200 https://registry.npmjs.org/@rollup%2frollup-linux-arm64-gnu 106ms (cache miss)
416 silly packumentCache full:https://registry.npmjs.org/@rollup%2frollup-linux-arm64-gnu set size:undefined disposed:false
417 silly fetch manifest @rollup/rollup-linux-ppc64-gnu@4.59.0
418 silly packumentCache full:https://registry.npmjs.org/@rollup%2frollup-linux-ppc64-gnu cache-miss
419 http fetch GET 200 https://registry.npmjs.org/@esbuild%2fsunos-x64 220ms (cache miss)
420 silly packumentCache full:https://registry.npmjs.org/@esbuild%2fsunos-x64 set size:undefined disposed:false
421 silly fetch manifest @rollup/rollup-linux-ppc64-musl@4.59.0
422 silly packumentCache full:https://registry.npmjs.org/@rollup%2frollup-linux-ppc64-musl cache-miss
423 http fetch GET 200 https://registry.npmjs.org/@rollup%2frollup-android-arm-eabi 108ms (cache miss)
424 silly packumentCache full:https://registry.npmjs.org/@rollup%2frollup-android-arm-eabi set size:undefined disposed:false
425 silly fetch manifest @rollup/rollup-linux-s390x-gnu@4.59.0
426 silly packumentCache full:https://registry.npmjs.org/@rollup%2frollup-linux-s390x-gnu cache-miss
427 http fetch GET 200 https://registry.npmjs.org/@rollup%2frollup-linux-arm64-musl 115ms (cache miss)
428 silly packumentCache full:https://registry.npmjs.org/@rollup%2frollup-linux-arm64-musl set size:undefined disposed:false
429 silly fetch manifest @rollup/rollup-darwin-x64@4.59.0
430 silly packumentCache full:https://registry.npmjs.org/@rollup%2frollup-darwin-x64 cache-miss
431 http fetch GET 200 https://registry.npmjs.org/@rollup%2frollup-linux-arm-musleabihf 101ms (cache miss)
432 silly packumentCache full:https://registry.npmjs.org/@rollup%2frollup-linux-arm-musleabihf set size:undefined disposed:false
433 silly fetch manifest @rollup/rollup-win32-x64-gnu@4.59.0
434 silly packumentCache full:https://registry.npmjs.org/@rollup%2frollup-win32-x64-gnu cache-miss
435 http fetch GET 200 https://registry.npmjs.org/@esbuild%2fandroid-x64 509ms (cache miss)
436 silly packumentCache full:https://registry.npmjs.org/@esbuild%2fandroid-x64 set size:undefined disposed:false
437 silly fetch manifest @rollup/rollup-win32-x64-msvc@4.59.0
438 silly packumentCache full:https://registry.npmjs.org/@rollup%2frollup-win32-x64-msvc cache-miss
439 http fetch GET 200 https://registry.npmjs.org/@rollup%2frollup-linux-arm-gnueabihf 114ms (cache miss)
440 silly packumentCache full:https://registry.npmjs.org/@rollup%2frollup-linux-arm-gnueabihf set size:undefined disposed:false
441 silly fetch manifest @rollup/rollup-freebsd-x64@4.59.0
442 silly packumentCache full:https://registry.npmjs.org/@rollup%2frollup-freebsd-x64 cache-miss
443 http fetch GET 200 https://registry.npmjs.org/@esbuild%2ffreebsd-x64 513ms (cache miss)
444 silly packumentCache full:https://registry.npmjs.org/@esbuild%2ffreebsd-x64 set size:undefined disposed:false
445 silly fetch manifest @rollup/rollup-linux-x64-gnu@4.59.0
446 silly packumentCache full:https://registry.npmjs.org/@rollup%2frollup-linux-x64-gnu cache-miss
447 http fetch GET 200 https://registry.npmjs.org/@rollup%2frollup-linux-loong64-gnu 82ms (cache miss)
448 silly packumentCache full:https://registry.npmjs.org/@rollup%2frollup-linux-loong64-gnu set size:undefined disposed:false
449 silly fetch manifest @rollup/rollup-linux-x64-musl@4.59.0
450 silly packumentCache full:https://registry.npmjs.org/@rollup%2frollup-linux-x64-musl cache-miss
451 http fetch GET 200 https://registry.npmjs.org/@rollup%2frollup-linux-riscv64-gnu 64ms (cache miss)
452 silly packumentCache full:https://registry.npmjs.org/@rollup%2frollup-linux-riscv64-gnu set size:undefined disposed:false
453 silly fetch manifest @rollup/rollup-openbsd-x64@4.59.0
454 silly packumentCache full:https://registry.npmjs.org/@rollup%2frollup-openbsd-x64 cache-miss
455 http fetch GET 200 https://registry.npmjs.org/@rollup%2frollup-win32-x64-gnu 67ms (cache miss)
456 silly packumentCache full:https://registry.npmjs.org/@rollup%2frollup-win32-x64-gnu set size:undefined disposed:false
457 silly fetch manifest @rollup/rollup-openharmony-arm64@4.59.0
458 silly packumentCache full:https://registry.npmjs.org/@rollup%2frollup-openharmony-arm64 cache-miss
459 http fetch GET 200 https://registry.npmjs.org/@rollup%2frollup-linux-ppc64-gnu 93ms (cache miss)
460 silly packumentCache full:https://registry.npmjs.org/@rollup%2frollup-linux-ppc64-gnu set size:undefined disposed:false
461 http fetch GET 200 https://registry.npmjs.org/@rollup%2frollup-linux-riscv64-musl 99ms (cache miss)
462 silly packumentCache full:https://registry.npmjs.org/@rollup%2frollup-linux-riscv64-musl set size:undefined disposed:false
463 http fetch GET 200 https://registry.npmjs.org/@rollup%2frollup-linux-ppc64-musl 92ms (cache miss)
464 silly packumentCache full:https://registry.npmjs.org/@rollup%2frollup-linux-ppc64-musl set size:undefined disposed:false
465 http fetch GET 200 https://registry.npmjs.org/@rollup%2frollup-linux-loong64-musl 126ms (cache miss)
466 silly packumentCache full:https://registry.npmjs.org/@rollup%2frollup-linux-loong64-musl set size:undefined disposed:false
467 http fetch GET 200 https://registry.npmjs.org/@esbuild%2fandroid-arm 586ms (cache miss)
468 silly packumentCache full:https://registry.npmjs.org/@esbuild%2fandroid-arm set size:undefined disposed:false
469 http fetch GET 200 https://registry.npmjs.org/@rollup%2frollup-freebsd-x64 75ms (cache miss)
470 silly packumentCache full:https://registry.npmjs.org/@rollup%2frollup-freebsd-x64 set size:undefined disposed:false
471 http fetch GET 200 https://registry.npmjs.org/@rollup%2frollup-win32-ia32-msvc 161ms (cache miss)
472 silly packumentCache full:https://registry.npmjs.org/@rollup%2frollup-win32-ia32-msvc set size:undefined disposed:false
473 http fetch GET 200 https://registry.npmjs.org/@rollup%2frollup-win32-x64-msvc 90ms (cache miss)
474 silly packumentCache full:https://registry.npmjs.org/@rollup%2frollup-win32-x64-msvc set size:undefined disposed:false
475 http fetch GET 200 https://registry.npmjs.org/@rollup%2frollup-linux-x64-gnu 82ms (cache miss)
476 silly packumentCache full:https://registry.npmjs.org/@rollup%2frollup-linux-x64-gnu set size:undefined disposed:false
477 http fetch GET 200 https://registry.npmjs.org/@rollup%2frollup-openbsd-x64 75ms (cache miss)
478 silly packumentCache full:https://registry.npmjs.org/@rollup%2frollup-openbsd-x64 set size:undefined disposed:false
479 http fetch GET 200 https://registry.npmjs.org/@rollup%2frollup-linux-x64-musl 89ms (cache miss)
480 silly packumentCache full:https://registry.npmjs.org/@rollup%2frollup-linux-x64-musl set size:undefined disposed:false
481 http fetch GET 200 https://registry.npmjs.org/@rollup%2frollup-darwin-x64 128ms (cache miss)
482 silly packumentCache full:https://registry.npmjs.org/@rollup%2frollup-darwin-x64 set size:undefined disposed:false
483 http fetch GET 200 https://registry.npmjs.org/@rollup%2frollup-openharmony-arm64 58ms (cache miss)
484 silly packumentCache full:https://registry.npmjs.org/@rollup%2frollup-openharmony-arm64 set size:undefined disposed:false
485 http fetch GET 200 https://registry.npmjs.org/@rollup%2frollup-linux-s390x-gnu 145ms (cache miss)
486 silly packumentCache full:https://registry.npmjs.org/@rollup%2frollup-linux-s390x-gnu set size:undefined disposed:false
487 http fetch GET 200 https://registry.npmjs.org/@esbuild%2flinux-arm 979ms (cache miss)
488 silly packumentCache full:https://registry.npmjs.org/@esbuild%2flinux-arm set size:undefined disposed:false
489 silly placeDep ROOT @esbuild/aix-ppc64@0.27.3 OK for: esbuild@0.27.3 want: 0.27.3
490 silly placeDep ROOT @esbuild/android-arm@0.27.3 OK for: esbuild@0.27.3 want: 0.27.3
491 silly placeDep ROOT @esbuild/android-arm64@0.27.3 OK for: esbuild@0.27.3 want: 0.27.3
492 silly placeDep ROOT @esbuild/android-x64@0.27.3 OK for: esbuild@0.27.3 want: 0.27.3
493 silly placeDep ROOT @esbuild/darwin-arm64@0.27.3 OK for: esbuild@0.27.3 want: 0.27.3
494 silly placeDep ROOT @esbuild/darwin-x64@0.27.3 OK for: esbuild@0.27.3 want: 0.27.3
495 silly placeDep ROOT @esbuild/freebsd-arm64@0.27.3 OK for: esbuild@0.27.3 want: 0.27.3
496 silly placeDep ROOT @esbuild/freebsd-x64@0.27.3 OK for: esbuild@0.27.3 want: 0.27.3
497 silly placeDep ROOT @esbuild/linux-arm@0.27.3 OK for: esbuild@0.27.3 want: 0.27.3
498 silly placeDep ROOT @esbuild/linux-arm64@0.27.3 OK for: esbuild@0.27.3 want: 0.27.3
499 silly placeDep ROOT @esbuild/linux-ia32@0.27.3 OK for: esbuild@0.27.3 want: 0.27.3
500 silly placeDep ROOT @esbuild/linux-loong64@0.27.3 OK for: esbuild@0.27.3 want: 0.27.3
501 silly placeDep ROOT @esbuild/linux-mips64el@0.27.3 OK for: esbuild@0.27.3 want: 0.27.3
502 silly placeDep ROOT @esbuild/linux-ppc64@0.27.3 OK for: esbuild@0.27.3 want: 0.27.3
503 silly placeDep ROOT @esbuild/linux-riscv64@0.27.3 OK for: esbuild@0.27.3 want: 0.27.3
504 silly placeDep ROOT @esbuild/linux-s390x@0.27.3 OK for: esbuild@0.27.3 want: 0.27.3
505 silly placeDep ROOT @esbuild/linux-x64@0.27.3 OK for: esbuild@0.27.3 want: 0.27.3
506 silly placeDep ROOT @esbuild/netbsd-arm64@0.27.3 OK for: esbuild@0.27.3 want: 0.27.3
507 silly placeDep ROOT @esbuild/netbsd-x64@0.27.3 OK for: esbuild@0.27.3 want: 0.27.3
508 silly placeDep ROOT @esbuild/openbsd-arm64@0.27.3 OK for: esbuild@0.27.3 want: 0.27.3
509 silly placeDep ROOT @esbuild/openbsd-x64@0.27.3 OK for: esbuild@0.27.3 want: 0.27.3
510 silly placeDep ROOT @esbuild/openharmony-arm64@0.27.3 OK for: esbuild@0.27.3 want: 0.27.3
511 silly placeDep ROOT @esbuild/sunos-x64@0.27.3 OK for: esbuild@0.27.3 want: 0.27.3
512 silly placeDep ROOT @esbuild/win32-arm64@0.27.3 OK for: esbuild@0.27.3 want: 0.27.3
513 silly placeDep ROOT @esbuild/win32-ia32@0.27.3 OK for: esbuild@0.27.3 want: 0.27.3
514 silly placeDep ROOT @esbuild/win32-x64@0.27.3 OK for: esbuild@0.27.3 want: 0.27.3
515 silly placeDep ROOT @rollup/rollup-android-arm-eabi@4.59.0 OK for: rollup@4.59.0 want: 4.59.0
516 silly placeDep ROOT @rollup/rollup-android-arm64@4.59.0 OK for: rollup@4.59.0 want: 4.59.0
517 silly placeDep ROOT @rollup/rollup-darwin-arm64@4.59.0 OK for: rollup@4.59.0 want: 4.59.0
518 silly placeDep ROOT @rollup/rollup-darwin-x64@4.59.0 OK for: rollup@4.59.0 want: 4.59.0
519 silly placeDep ROOT @rollup/rollup-freebsd-arm64@4.59.0 OK for: rollup@4.59.0 want: 4.59.0
520 silly placeDep ROOT @rollup/rollup-freebsd-x64@4.59.0 OK for: rollup@4.59.0 want: 4.59.0
521 silly placeDep ROOT @rollup/rollup-linux-arm-gnueabihf@4.59.0 OK for: rollup@4.59.0 want: 4.59.0
522 silly placeDep ROOT @rollup/rollup-linux-arm-musleabihf@4.59.0 OK for: rollup@4.59.0 want: 4.59.0
523 silly placeDep ROOT @rollup/rollup-linux-arm64-gnu@4.59.0 OK for: rollup@4.59.0 want: 4.59.0
524 silly placeDep ROOT @rollup/rollup-linux-arm64-musl@4.59.0 OK for: rollup@4.59.0 want: 4.59.0
525 silly placeDep ROOT @rollup/rollup-linux-loong64-gnu@4.59.0 OK for: rollup@4.59.0 want: 4.59.0
526 silly placeDep ROOT @rollup/rollup-linux-loong64-musl@4.59.0 OK for: rollup@4.59.0 want: 4.59.0
527 silly placeDep ROOT @rollup/rollup-linux-ppc64-gnu@4.59.0 OK for: rollup@4.59.0 want: 4.59.0
528 silly placeDep ROOT @rollup/rollup-linux-ppc64-musl@4.59.0 OK for: rollup@4.59.0 want: 4.59.0
529 silly placeDep ROOT @rollup/rollup-linux-riscv64-gnu@4.59.0 OK for: rollup@4.59.0 want: 4.59.0
530 silly placeDep ROOT @rollup/rollup-linux-riscv64-musl@4.59.0 OK for: rollup@4.59.0 want: 4.59.0
531 silly placeDep ROOT @rollup/rollup-linux-s390x-gnu@4.59.0 OK for: rollup@4.59.0 want: 4.59.0
532 silly placeDep ROOT @rollup/rollup-linux-x64-gnu@4.59.0 OK for: rollup@4.59.0 want: 4.59.0
533 silly placeDep ROOT @rollup/rollup-linux-x64-musl@4.59.0 OK for: rollup@4.59.0 want: 4.59.0
534 silly placeDep ROOT @rollup/rollup-openbsd-x64@4.59.0 OK for: rollup@4.59.0 want: 4.59.0
535 silly placeDep ROOT @rollup/rollup-openharmony-arm64@4.59.0 OK for: rollup@4.59.0 want: 4.59.0
536 silly placeDep ROOT @rollup/rollup-win32-arm64-msvc@4.59.0 OK for: rollup@4.59.0 want: 4.59.0
537 silly placeDep ROOT @rollup/rollup-win32-ia32-msvc@4.59.0 OK for: rollup@4.59.0 want: 4.59.0
538 silly placeDep ROOT @rollup/rollup-win32-x64-gnu@4.59.0 OK for: rollup@4.59.0 want: 4.59.0
539 silly placeDep ROOT @rollup/rollup-win32-x64-msvc@4.59.0 OK for: rollup@4.59.0 want: 4.59.0
540 silly placeDep ROOT siginfo@2.0.0 OK for: why-is-node-running@2.3.0 want: ^2.0.0
541 silly placeDep ROOT stackback@0.0.2 OK for: why-is-node-running@2.3.0 want: 0.0.2
542 silly reify moves {}
543 silly audit bulk request {
543 silly audit   '@babel/code-frame': [ '7.29.0' ],
543 silly audit   '@babel/compat-data': [ '7.29.0' ],
543 silly audit   '@babel/core': [ '7.29.0' ],
543 silly audit   '@babel/generator': [ '7.29.1' ],
543 silly audit   '@babel/helper-compilation-targets': [ '7.28.6' ],
543 silly audit   '@babel/helper-globals': [ '7.28.0' ],
543 silly audit   '@babel/helper-module-imports': [ '7.28.6' ],
543 silly audit   '@babel/helper-module-transforms': [ '7.28.6' ],
543 silly audit   '@babel/helper-string-parser': [ '7.27.1' ],
543 silly audit   '@babel/helper-validator-identifier': [ '7.28.5' ],
543 silly audit   '@babel/helper-validator-option': [ '7.27.1' ],
543 silly audit   '@babel/helpers': [ '7.28.6' ],
543 silly audit   '@babel/parser': [ '7.29.0' ],
543 silly audit   '@babel/template': [ '7.28.6' ],
543 silly audit   '@babel/traverse': [ '7.29.0' ],
543 silly audit   '@babel/types': [ '7.29.0' ],
543 silly audit   '@emnapi/core': [ '1.8.1' ],
543 silly audit   '@emnapi/runtime': [ '1.8.1' ],
543 silly audit   '@emnapi/wasi-threads': [ '1.1.0' ],
543 silly audit   '@eslint-community/eslint-utils': [ '4.9.1' ],
543 silly audit   'eslint-visitor-keys': [ '3.4.3', '5.0.1', '4.2.1' ],
543 silly audit   '@eslint-community/regexpp': [ '4.12.2' ],
543 silly audit   '@eslint/config-array': [ '0.21.1' ],
543 silly audit   '@eslint/config-helpers': [ '0.4.2' ],
543 silly audit   '@eslint/core': [ '0.17.0' ],
543 silly audit   '@eslint/eslintrc': [ '3.3.4' ],
543 silly audit   '@eslint/js': [ '9.39.3' ],
543 silly audit   '@eslint/object-schema': [ '2.1.7' ],
543 silly audit   '@eslint/plugin-kit': [ '0.4.1' ],
543 silly audit   '@humanfs/core': [ '0.19.1' ],
543 silly audit   '@humanfs/node': [ '0.16.7' ],
543 silly audit   '@humanwhocodes/module-importer': [ '1.0.1' ],
543 silly audit   '@humanwhocodes/retry': [ '0.4.3' ],
543 silly audit   '@img/colour': [ '1.0.0' ],
543 silly audit   '@img/sharp-darwin-arm64': [ '0.34.5' ],
543 silly audit   '@img/sharp-darwin-x64': [ '0.34.5' ],
543 silly audit   '@img/sharp-libvips-darwin-arm64': [ '1.2.4' ],
543 silly audit   '@img/sharp-libvips-darwin-x64': [ '1.2.4' ],
543 silly audit   '@img/sharp-libvips-linux-arm': [ '1.2.4' ],
543 silly audit   '@img/sharp-libvips-linux-arm64': [ '1.2.4' ],
543 silly audit   '@img/sharp-libvips-linux-ppc64': [ '1.2.4' ],
543 silly audit   '@img/sharp-libvips-linux-riscv64': [ '1.2.4' ],
543 silly audit   '@img/sharp-libvips-linux-s390x': [ '1.2.4' ],
543 silly audit   '@img/sharp-libvips-linux-x64': [ '1.2.4' ],
543 silly audit   '@img/sharp-libvips-linuxmusl-arm64': [ '1.2.4' ],
543 silly audit   '@img/sharp-libvips-linuxmusl-x64': [ '1.2.4' ],
543 silly audit   '@img/sharp-linux-arm': [ '0.34.5' ],
543 silly audit   '@img/sharp-linux-arm64': [ '0.34.5' ],
543 silly audit   '@img/sharp-linux-ppc64': [ '0.34.5' ],
543 silly audit   '@img/sharp-linux-riscv64': [ '0.34.5' ],
543 silly audit   '@img/sharp-linux-s390x': [ '0.34.5' ],
543 silly audit   '@img/sharp-linux-x64': [ '0.34.5' ],
543 silly audit   '@img/sharp-linuxmusl-arm64': [ '0.34.5' ],
543 silly audit   '@img/sharp-linuxmusl-x64': [ '0.34.5' ],
543 silly audit   '@img/sharp-wasm32': [ '0.34.5' ],
543 silly audit   '@img/sharp-win32-arm64': [ '0.34.5' ],
543 silly audit   '@img/sharp-win32-ia32': [ '0.34.5' ],
543 silly audit   '@img/sharp-win32-x64': [ '0.34.5' ],
543 silly audit   '@jridgewell/gen-mapping': [ '0.3.13' ],
543 silly audit   '@jridgewell/remapping': [ '2.3.5' ],
543 silly audit   '@jridgewell/resolve-uri': [ '3.1.2' ],
543 silly audit   '@jridgewell/sourcemap-codec': [ '1.5.5' ],
543 silly audit   '@jridgewell/trace-mapping': [ '0.3.31' ],
543 silly audit   '@napi-rs/wasm-runtime': [ '0.2.12' ],
543 silly audit   '@next/env': [ '16.1.6' ],
543 silly audit   '@next/eslint-plugin-next': [ '16.1.6' ],
543 silly audit   '@next/swc-darwin-arm64': [ '16.1.6' ],
543 silly audit   '@next/swc-darwin-x64': [ '16.1.6' ],
543 silly audit   '@next/swc-linux-arm64-gnu': [ '16.1.6' ],
543 silly audit   '@next/swc-linux-arm64-musl': [ '16.1.6' ],
543 silly audit   '@next/swc-linux-x64-gnu': [ '16.1.6' ],
543 silly audit   '@next/swc-linux-x64-musl': [ '16.1.6' ],
543 silly audit   '@next/swc-win32-arm64-msvc': [ '16.1.6' ],
543 silly audit   '@next/swc-win32-x64-msvc': [ '16.1.6' ],
543 silly audit   '@nodelib/fs.scandir': [ '2.1.5' ],
543 silly audit   '@nodelib/fs.stat': [ '2.0.5' ],
543 silly audit   '@nodelib/fs.walk': [ '1.2.8' ],
543 silly audit   '@nolyfill/is-core-module': [ '1.0.39' ],
543 silly audit   '@rtsao/scc': [ '1.1.0' ],
543 silly audit   '@supabase/auth-js': [ '2.97.0' ],
543 silly audit   '@supabase/functions-js': [ '2.97.0' ],
543 silly audit   '@supabase/postgrest-js': [ '2.97.0' ],
543 silly audit   '@supabase/realtime-js': [ '2.97.0' ],
543 silly audit   '@supabase/ssr': [ '0.6.1' ],
543 silly audit   '@supabase/storage-js': [ '2.97.0' ],
543 silly audit   '@supabase/supabase-js': [ '2.97.0' ],
543 silly audit   '@swc/helpers': [ '0.5.15' ],
543 silly audit   '@tybys/wasm-util': [ '0.10.1' ],
543 silly audit   '@types/estree': [ '1.0.8' ],
543 silly audit   '@types/json-schema': [ '7.0.15' ],
543 silly audit   '@types/json5': [ '0.0.29' ],
543 silly audit   '@types/node': [ '20.19.34' ],
543 silly audit   '@types/phoenix': [ '1.6.7' ],
543 silly audit   '@types/react': [ '19.2.14' ],
543 silly audit   '@types/react-dom': [ '19.2.3' ],
543 silly audit   '@types/ws': [ '8.18.1' ],
543 silly audit   '@typescript-eslint/eslint-plugin': [ '8.56.1' ],
543 silly audit   ignore: [ '7.0.5', '5.3.2' ],
543 silly audit   '@typescript-eslint/parser': [ '8.56.1' ],
543 silly audit   '@typescript-eslint/project-service': [ '8.56.1' ],
543 silly audit   '@typescript-eslint/scope-manager': [ '8.56.1' ],
543 silly audit   '@typescript-eslint/tsconfig-utils': [ '8.56.1' ],
543 silly audit   '@typescript-eslint/type-utils': [ '8.56.1' ],
543 silly audit   '@typescript-eslint/types': [ '8.56.1' ],
543 silly audit   '@typescript-eslint/typescript-estree': [ '8.56.1' ],
543 silly audit   'balanced-match': [ '4.0.4', '1.0.2' ],
543 silly audit   'brace-expansion': [ '5.0.3', '1.1.12' ],
543 silly audit   minimatch: [ '10.2.4', '3.1.5' ],
543 silly audit   semver: [ '7.7.4', '6.3.1' ],
543 silly audit   '@typescript-eslint/utils': [ '8.56.1' ],
543 silly audit   '@typescript-eslint/visitor-keys': [ '8.56.1' ],
543 silly audit   '@unrs/resolver-binding-android-arm-eabi': [ '1.11.1' ],
543 silly audit   '@unrs/resolver-binding-android-arm64': [ '1.11.1' ],
543 silly audit   '@unrs/resolver-binding-darwin-arm64': [ '1.11.1' ],
543 silly audit   '@unrs/resolver-binding-darwin-x64': [ '1.11.1' ],
543 silly audit   '@unrs/resolver-binding-freebsd-x64': [ '1.11.1' ],
543 silly audit   '@unrs/resolver-binding-linux-arm-gnueabihf': [ '1.11.1' ],
543 silly audit   '@unrs/resolver-binding-linux-arm-musleabihf': [ '1.11.1' ],
543 silly audit   '@unrs/resolver-binding-linux-arm64-gnu': [ '1.11.1' ],
543 silly audit   '@unrs/resolver-binding-linux-arm64-musl': [ '1.11.1' ],
543 silly audit   '@unrs/resolver-binding-linux-ppc64-gnu': [ '1.11.1' ],
543 silly audit   '@unrs/resolver-binding-linux-riscv64-gnu': [ '1.11.1' ],
543 silly audit   '@unrs/resolver-binding-linux-riscv64-musl': [ '1.11.1' ],
543 silly audit   '@unrs/resolver-binding-linux-s390x-gnu': [ '1.11.1' ],
543 silly audit   '@unrs/resolver-binding-linux-x64-gnu': [ '1.11.1' ],
543 silly audit   '@unrs/resolver-binding-linux-x64-musl': [ '1.11.1' ],
543 silly audit   '@unrs/resolver-binding-wasm32-wasi': [ '1.11.1' ],
543 silly audit   '@unrs/resolver-binding-win32-arm64-msvc': [ '1.11.1' ],
543 silly audit   '@unrs/resolver-binding-win32-ia32-msvc': [ '1.11.1' ],
543 silly audit   '@unrs/resolver-binding-win32-x64-msvc': [ '1.11.1' ],
543 silly audit   acorn: [ '8.16.0' ],
543 silly audit   'acorn-jsx': [ '5.3.2' ],
543 silly audit   ajv: [ '6.14.0' ],
543 silly audit   'ansi-styles': [ '4.3.0' ],
543 silly audit   argparse: [ '2.0.1' ],
543 silly audit   'aria-query': [ '5.3.2' ],
543 silly audit   'array-buffer-byte-length': [ '1.0.2' ],
543 silly audit   'array-includes': [ '3.1.9' ],
543 silly audit   'array.prototype.findlast': [ '1.2.5' ],
543 silly audit   'array.prototype.findlastindex': [ '1.2.6' ],
543 silly audit   'array.prototype.flat': [ '1.3.3' ],
543 silly audit   'array.prototype.flatmap': [ '1.3.3' ],
543 silly audit   'array.prototype.tosorted': [ '1.1.4' ],
543 silly audit   'arraybuffer.prototype.slice': [ '1.0.4' ],
543 silly audit   'ast-types-flow': [ '0.0.8' ],
543 silly audit   'async-function': [ '1.0.0' ],
543 silly audit   'available-typed-arrays': [ '1.0.7' ],
543 silly audit   'axe-core': [ '4.11.1' ],
543 silly audit   'axobject-query': [ '4.1.0' ],
543 silly audit   'baseline-browser-mapping': [ '2.10.0' ],
543 silly audit   braces: [ '3.0.3' ],
543 silly audit   browserslist: [ '4.28.1' ],
543 silly audit   'call-bind': [ '1.0.8' ],
543 silly audit   'call-bind-apply-helpers': [ '1.0.2' ],
543 silly audit   'call-bound': [ '1.0.4' ],
543 silly audit   callsites: [ '3.1.0' ],
543 silly audit   'caniuse-lite': [ '1.0.30001774' ],
543 silly audit   chalk: [ '4.1.2' ],
543 silly audit   'client-only': [ '0.0.1' ],
543 silly audit   'color-convert': [ '2.0.1' ],
543 silly audit   'color-name': [ '1.1.4' ],
543 silly audit   'concat-map': [ '0.0.1' ],
543 silly audit   'convert-source-map': [ '2.0.0' ],
543 silly audit   cookie: [ '1.1.1' ],
543 silly audit   'cross-spawn': [ '7.0.6' ],
543 silly audit   csstype: [ '3.2.3' ],
543 silly audit   'damerau-levenshtein': [ '1.0.8' ],
543 silly audit   'data-view-buffer': [ '1.0.2' ],
543 silly audit   'data-view-byte-length': [ '1.0.2' ],
543 silly audit   'data-view-byte-offset': [ '1.0.1' ],
543 silly audit   debug: [ '4.4.3', '3.2.7' ],
543 silly audit   'deep-is': [ '0.1.4' ],
543 silly audit   'define-data-property': [ '1.1.4' ],
543 silly audit   'define-properties': [ '1.2.1' ],
543 silly audit   'detect-libc': [ '2.1.2' ],
543 silly audit   doctrine: [ '2.1.0' ],
543 silly audit   'dunder-proto': [ '1.0.1' ],
543 silly audit   'electron-to-chromium': [ '1.5.302' ],
543 silly audit   'emoji-regex': [ '9.2.2' ],
543 silly audit   'es-abstract': [ '1.24.1' ],
543 silly audit   'es-define-property': [ '1.0.1' ],
543 silly audit   'es-errors': [ '1.3.0' ],
543 silly audit   'es-iterator-helpers': [ '1.2.2' ],
543 silly audit   'es-object-atoms': [ '1.1.1' ],
543 silly audit   'es-set-tostringtag': [ '2.1.0' ],
543 silly audit   'es-shim-unscopables': [ '1.1.0' ],
543 silly audit   'es-to-primitive': [ '1.3.0' ],
543 silly audit   escalade: [ '3.2.0' ],
543 silly audit   'escape-string-regexp': [ '4.0.0' ],
543 silly audit   eslint: [ '9.39.3' ],
543 silly audit   'eslint-config-next': [ '16.1.6' ],
543 silly audit   globals: [ '16.4.0', '14.0.0' ],
543 silly audit   'eslint-import-resolver-node': [ '0.3.9' ],
543 silly audit   'eslint-import-resolver-typescript': [ '3.10.1' ],
543 silly audit   'eslint-module-utils': [ '2.12.1' ],
543 silly audit   'eslint-plugin-import': [ '2.32.0' ],
543 silly audit   'eslint-plugin-jsx-a11y': [ '6.10.2' ],
543 silly audit   'eslint-plugin-react': [ '7.37.5' ],
543 silly audit   'eslint-plugin-react-hooks': [ '7.0.1' ],
543 silly audit   resolve: [ '2.0.0-next.6', '1.22.11' ],
543 silly audit   'eslint-scope': [ '8.4.0' ],
543 silly audit   espree: [ '10.4.0' ],
543 silly audit   esquery: [ '1.7.0' ],
543 silly audit   esrecurse: [ '4.3.0' ],
543 silly audit   estraverse: [ '5.3.0' ],
543 silly audit   esutils: [ '2.0.3' ],
543 silly audit   'fast-deep-equal': [ '3.1.3' ],
543 silly audit   'fast-glob': [ '3.3.1' ],
543 silly audit   'glob-parent': [ '5.1.2', '6.0.2' ],
543 silly audit   'fast-json-stable-stringify': [ '2.1.0' ],
543 silly audit   'fast-levenshtein': [ '2.0.6' ],
543 silly audit   fastq: [ '1.20.1' ],
543 silly audit   'file-entry-cache': [ '8.0.0' ],
543 silly audit   'fill-range': [ '7.1.1' ],
543 silly audit   'find-up': [ '5.0.0' ],
543 silly audit   'flat-cache': [ '4.0.1' ],
543 silly audit   flatted: [ '3.3.3' ],
543 silly audit   'for-each': [ '0.3.5' ],
543 silly audit   'function-bind': [ '1.1.2' ],
543 silly audit   'function.prototype.name': [ '1.1.8' ],
543 silly audit   'functions-have-names': [ '1.2.3' ],
543 silly audit   'generator-function': [ '2.0.1' ],
543 silly audit   gensync: [ '1.0.0-beta.2' ],
543 silly audit   'get-intrinsic': [ '1.3.0' ],
543 silly audit   'get-proto': [ '1.0.1' ],
543 silly audit   'get-symbol-description': [ '1.1.0' ],
543 silly audit   'get-tsconfig': [ '4.13.6' ],
543 silly audit   globalthis: [ '1.0.4' ],
543 silly audit   gopd: [ '1.2.0' ],
543 silly audit   'has-bigints': [ '1.1.0' ],
543 silly audit   'has-flag': [ '4.0.0' ],
543 silly audit   'has-property-descriptors': [ '1.0.2' ],
543 silly audit   'has-proto': [ '1.2.0' ],
543 silly audit   'has-symbols': [ '1.1.0' ],
543 silly audit   'has-tostringtag': [ '1.0.2' ],
543 silly audit   hasown: [ '2.0.2' ],
543 silly audit   'hermes-estree': [ '0.25.1' ],
543 silly audit   'hermes-parser': [ '0.25.1' ],
543 silly audit   'iceberg-js': [ '0.8.1' ],
543 silly audit   'import-fresh': [ '3.3.1' ],
543 silly audit   imurmurhash: [ '0.1.4' ],
543 silly audit   'internal-slot': [ '1.1.0' ],
543 silly audit   'is-array-buffer': [ '3.0.5' ],
543 silly audit   'is-async-function': [ '2.1.1' ],
543 silly audit   'is-bigint': [ '1.1.0' ],
543 silly audit   'is-boolean-object': [ '1.2.2' ],
543 silly audit   'is-bun-module': [ '2.0.0' ],
543 silly audit   'is-callable': [ '1.2.7' ],
543 silly audit   'is-core-module': [ '2.16.1' ],
543 silly audit   'is-data-view': [ '1.0.2' ],
543 silly audit   'is-date-object': [ '1.1.0' ],
543 silly audit   'is-extglob': [ '2.1.1' ],
543 silly audit   'is-finalizationregistry': [ '1.1.1' ],
543 silly audit   'is-generator-function': [ '1.1.2' ],
543 silly audit   'is-glob': [ '4.0.3' ],
543 silly audit   'is-map': [ '2.0.3' ],
543 silly audit   'is-negative-zero': [ '2.0.3' ],
543 silly audit   'is-number': [ '7.0.0' ],
543 silly audit   'is-number-object': [ '1.1.1' ],
543 silly audit   'is-regex': [ '1.2.1' ],
543 silly audit   'is-set': [ '2.0.3' ],
543 silly audit   'is-shared-array-buffer': [ '1.0.4' ],
543 silly audit   'is-string': [ '1.1.1' ],
543 silly audit   'is-symbol': [ '1.1.1' ],
543 silly audit   'is-typed-array': [ '1.1.15' ],
543 silly audit   'is-weakmap': [ '2.0.2' ],
543 silly audit   'is-weakref': [ '1.1.1' ],
543 silly audit   'is-weakset': [ '2.0.4' ],
543 silly audit   isarray: [ '2.0.5' ],
543 silly audit   isexe: [ '2.0.0' ],
543 silly audit   'iterator.prototype': [ '1.1.5' ],
543 silly audit   'js-tokens': [ '4.0.0' ],
543 silly audit   'js-yaml': [ '4.1.1' ],
543 silly audit   jsesc: [ '3.1.0' ],
543 silly audit   'json-buffer': [ '3.0.1' ],
543 silly audit   'json-schema-traverse': [ '0.4.1' ],
543 silly audit   'json-stable-stringify-without-jsonify': [ '1.0.1' ],
543 silly audit   json5: [ '2.2.3', '1.0.2' ],
543 silly audit   'jsx-ast-utils': [ '3.3.5' ],
543 silly audit   keyv: [ '4.5.4' ],
543 silly audit   'language-subtag-registry': [ '0.3.23' ],
543 silly audit   'language-tags': [ '1.0.9' ],
543 silly audit   levn: [ '0.4.1' ],
543 silly audit   'locate-path': [ '6.0.0' ],
543 silly audit   'lodash.merge': [ '4.6.2' ],
543 silly audit   'loose-envify': [ '1.4.0' ],
543 silly audit   'lru-cache': [ '5.1.1' ],
543 silly audit   'math-intrinsics': [ '1.1.0' ],
543 silly audit   merge2: [ '1.4.1' ],
543 silly audit   micromatch: [ '4.0.8' ],
543 silly audit   minimist: [ '1.2.8' ],
543 silly audit   ms: [ '2.1.3' ],
543 silly audit   nanoid: [ '3.3.11' ],
543 silly audit   'napi-postinstall': [ '0.3.4' ],
543 silly audit   'natural-compare': [ '1.4.0' ],
543 silly audit   next: [ '16.1.6' ],
543 silly audit   'node-exports-info': [ '1.6.0' ],
543 silly audit   'node-releases': [ '2.0.27' ],
543 silly audit   'object-assign': [ '4.1.1' ],
543 silly audit   'object-inspect': [ '1.13.4' ],
543 silly audit   'object-keys': [ '1.1.1' ],
543 silly audit   'object.assign': [ '4.1.7' ],
543 silly audit   'object.entries': [ '1.1.9' ],
543 silly audit   'object.fromentries': [ '2.0.8' ],
543 silly audit   'object.groupby': [ '1.0.3' ],
543 silly audit   'object.values': [ '1.2.1' ],
543 silly audit   optionator: [ '0.9.4' ],
543 silly audit   'own-keys': [ '1.0.1' ],
543 silly audit   'p-limit': [ '3.1.0' ],
543 silly audit   'p-locate': [ '5.0.0' ],
543 silly audit   'parent-module': [ '1.0.1' ],
543 silly audit   'path-exists': [ '4.0.0' ],
543 silly audit   'path-key': [ '3.1.1' ],
543 silly audit   'path-parse': [ '1.0.7' ],
543 silly audit   picocolors: [ '1.1.1' ],
543 silly audit   picomatch: [ '2.3.1', '4.0.3' ],
543 silly audit   'possible-typed-array-names': [ '1.1.0' ],
543 silly audit   postcss: [ '8.4.31', '8.5.6' ],
543 silly audit   'prelude-ls': [ '1.2.1' ],
543 silly audit   'prop-types': [ '15.8.1' ],
543 silly audit   punycode: [ '2.3.1' ],
543 silly audit   'queue-microtask': [ '1.2.3' ],
543 silly audit   react: [ '19.2.3' ],
543 silly audit   'react-dom': [ '19.2.3' ],
543 silly audit   'react-is': [ '16.13.1' ],
543 silly audit   'reflect.getprototypeof': [ '1.0.10' ],
543 silly audit   'regexp.prototype.flags': [ '1.5.4' ],
543 silly audit   'resolve-from': [ '4.0.0' ],
543 silly audit   'resolve-pkg-maps': [ '1.0.0' ],
543 silly audit   reusify: [ '1.1.0' ],
543 silly audit   'run-parallel': [ '1.2.0' ],
543 silly audit   'safe-array-concat': [ '1.1.3' ],
543 silly audit   'safe-push-apply': [ '1.0.0' ],
543 silly audit   'safe-regex-test': [ '1.1.0' ],
543 silly audit   scheduler: [ '0.27.0' ],
543 silly audit   'set-function-length': [ '1.2.2' ],
543 silly audit   'set-function-name': [ '2.0.2' ],
543 silly audit   'set-proto': [ '1.0.0' ],
543 silly audit   sharp: [ '0.34.5' ],
543 silly audit   'shebang-command': [ '2.0.0' ],
543 silly audit   'shebang-regex': [ '3.0.0' ],
543 silly audit   'side-channel': [ '1.1.0' ],
543 silly audit   'side-channel-list': [ '1.0.0' ],
543 silly audit   'side-channel-map': [ '1.0.1' ],
543 silly audit   'side-channel-weakmap': [ '1.0.2' ],
543 silly audit   'source-map-js': [ '1.2.1' ],
543 silly audit   'stable-hash': [ '0.0.5' ],
543 silly audit   'stop-iteration-iterator': [ '1.1.0' ],
543 silly audit   'string.prototype.includes': [ '2.0.1' ],
543 silly audit   'string.prototype.matchall': [ '4.0.12' ],
543 silly audit   'string.prototype.repeat': [ '1.0.0' ],
543 silly audit   'string.prototype.trim': [ '1.2.10' ],
543 silly audit   'string.prototype.trimend': [ '1.0.9' ],
543 silly audit   'string.prototype.trimstart': [ '1.0.8' ],
543 silly audit   'strip-bom': [ '3.0.0' ],
543 silly audit   'strip-json-comments': [ '3.1.1' ],
543 silly audit   'styled-jsx': [ '5.1.6' ],
543 silly audit   'supports-color': [ '7.2.0' ],
543 silly audit   'supports-preserve-symlinks-flag': [ '1.0.0' ],
543 silly audit   tinyglobby: [ '0.2.15' ],
543 silly audit   fdir: [ '6.5.0' ],
543 silly audit   'to-regex-range': [ '5.0.1' ],
543 silly audit   'ts-api-utils': [ '2.4.0' ],
543 silly audit   'tsconfig-paths': [ '3.15.0' ],
543 silly audit   tslib: [ '2.8.1' ],
543 silly audit   'type-check': [ '0.4.0' ],
543 silly audit   'typed-array-buffer': [ '1.0.3' ],
543 silly audit   'typed-array-byte-length': [ '1.0.3' ],
543 silly audit   'typed-array-byte-offset': [ '1.0.4' ],
543 silly audit   'typed-array-length': [ '1.0.7' ],
543 silly audit   typescript: [ '5.9.3' ],
543 silly audit   'typescript-eslint': [ '8.56.1' ],
543 silly audit   'unbox-primitive': [ '1.1.0' ],
543 silly audit   'undici-types': [ '6.21.0' ],
543 silly audit   'unrs-resolver': [ '1.11.1' ],
543 silly audit   'update-browserslist-db': [ '1.2.3' ],
543 silly audit   'uri-js': [ '4.4.1' ],
543 silly audit   which: [ '2.0.2' ],
543 silly audit   'which-boxed-primitive': [ '1.1.1' ],
543 silly audit   'which-builtin-type': [ '1.2.1' ],
543 silly audit   'which-collection': [ '1.0.2' ],
543 silly audit   'which-typed-array': [ '1.1.20' ],
543 silly audit   'word-wrap': [ '1.2.5' ],
543 silly audit   ws: [ '8.19.0' ],
543 silly audit   yallist: [ '3.1.1' ],
543 silly audit   'yocto-queue': [ '0.1.0' ],
543 silly audit   zod: [ '4.3.6' ],
543 silly audit   'zod-validation-error': [ '4.0.2' ],
543 silly audit   vitest: [ '4.0.18' ],
543 silly audit   '@vitest/expect': [ '4.0.18' ],
543 silly audit   '@vitest/mocker': [ '4.0.18' ],
543 silly audit   '@vitest/pretty-format': [ '4.0.18' ],
543 silly audit   '@vitest/runner': [ '4.0.18' ],
543 silly audit   '@vitest/snapshot': [ '4.0.18' ],
543 silly audit   '@vitest/spy': [ '4.0.18' ],
543 silly audit   '@vitest/utils': [ '4.0.18' ],
543 silly audit   'es-module-lexer': [ '1.7.0' ],
543 silly audit   'expect-type': [ '1.3.0' ],
543 silly audit   'magic-string': [ '0.30.21' ],
543 silly audit   obug: [ '2.1.1' ],
543 silly audit   pathe: [ '2.0.3' ],
543 silly audit   'std-env': [ '3.10.0' ],
543 silly audit   tinybench: [ '2.9.0' ],
543 silly audit   tinyexec: [ '1.0.2' ],
543 silly audit   tinyrainbow: [ '3.0.3' ],
543 silly audit   vite: [ '7.3.1' ],
543 silly audit   'why-is-node-running': [ '2.3.0' ],
543 silly audit   '@standard-schema/spec': [ '1.1.0' ],
543 silly audit   '@types/chai': [ '5.2.3' ],
543 silly audit   chai: [ '6.2.2' ],
543 silly audit   '@types/deep-eql': [ '4.0.2' ],
543 silly audit   'assertion-error': [ '2.0.1' ],
543 silly audit   'estree-walker': [ '3.0.3' ],
543 silly audit   esbuild: [ '0.27.3' ],
543 silly audit   fsevents: [ '2.3.3' ],
543 silly audit   rollup: [ '4.59.0' ],
543 silly audit   '@esbuild/aix-ppc64': [ '0.27.3' ],
543 silly audit   '@esbuild/android-arm': [ '0.27.3' ],
543 silly audit   '@esbuild/android-arm64': [ '0.27.3' ],
543 silly audit   '@esbuild/android-x64': [ '0.27.3' ],
543 silly audit   '@esbuild/darwin-arm64': [ '0.27.3' ],
543 silly audit   '@esbuild/darwin-x64': [ '0.27.3' ],
543 silly audit   '@esbuild/freebsd-arm64': [ '0.27.3' ],
543 silly audit   '@esbuild/freebsd-x64': [ '0.27.3' ],
543 silly audit   '@esbuild/linux-arm': [ '0.27.3' ],
543 silly audit   '@esbuild/linux-arm64': [ '0.27.3' ],
543 silly audit   '@esbuild/linux-ia32': [ '0.27.3' ],
543 silly audit   '@esbuild/linux-loong64': [ '0.27.3' ],
543 silly audit   '@esbuild/linux-mips64el': [ '0.27.3' ],
543 silly audit   '@esbuild/linux-ppc64': [ '0.27.3' ],
543 silly audit   '@esbuild/linux-riscv64': [ '0.27.3' ],
543 silly audit   '@esbuild/linux-s390x': [ '0.27.3' ],
543 silly audit   '@esbuild/linux-x64': [ '0.27.3' ],
543 silly audit   '@esbuild/netbsd-arm64': [ '0.27.3' ],
543 silly audit   '@esbuild/netbsd-x64': [ '0.27.3' ],
543 silly audit   '@esbuild/openbsd-arm64': [ '0.27.3' ],
543 silly audit   '@esbuild/openbsd-x64': [ '0.27.3' ],
543 silly audit   '@esbuild/openharmony-arm64': [ '0.27.3' ],
543 silly audit   '@esbuild/sunos-x64': [ '0.27.3' ],
543 silly audit   '@esbuild/win32-arm64': [ '0.27.3' ],
543 silly audit   '@esbuild/win32-ia32': [ '0.27.3' ],
543 silly audit   '@esbuild/win32-x64': [ '0.27.3' ],
543 silly audit   '@rollup/rollup-android-arm-eabi': [ '4.59.0' ],
543 silly audit   '@rollup/rollup-android-arm64': [ '4.59.0' ],
543 silly audit   '@rollup/rollup-darwin-arm64': [ '4.59.0' ],
543 silly audit   '@rollup/rollup-darwin-x64': [ '4.59.0' ],
543 silly audit   '@rollup/rollup-freebsd-arm64': [ '4.59.0' ],
543 silly audit   '@rollup/rollup-freebsd-x64': [ '4.59.0' ],
543 silly audit   '@rollup/rollup-linux-arm-gnueabihf': [ '4.59.0' ],
543 silly audit   '@rollup/rollup-linux-arm-musleabihf': [ '4.59.0' ],
543 silly audit   '@rollup/rollup-linux-arm64-gnu': [ '4.59.0' ],
543 silly audit   '@rollup/rollup-linux-arm64-musl': [ '4.59.0' ],
543 silly audit   '@rollup/rollup-linux-loong64-gnu': [ '4.59.0' ],
543 silly audit   '@rollup/rollup-linux-loong64-musl': [ '4.59.0' ],
543 silly audit   '@rollup/rollup-linux-ppc64-gnu': [ '4.59.0' ],
543 silly audit   '@rollup/rollup-linux-ppc64-musl': [ '4.59.0' ],
543 silly audit   '@rollup/rollup-linux-riscv64-gnu': [ '4.59.0' ],
543 silly audit   '@rollup/rollup-linux-riscv64-musl': [ '4.59.0' ],
543 silly audit   '@rollup/rollup-linux-s390x-gnu': [ '4.59.0' ],
543 silly audit   '@rollup/rollup-linux-x64-gnu': [ '4.59.0' ],
543 silly audit   '@rollup/rollup-linux-x64-musl': [ '4.59.0' ],
543 silly audit   '@rollup/rollup-openbsd-x64': [ '4.59.0' ],
543 silly audit   '@rollup/rollup-openharmony-arm64': [ '4.59.0' ],
543 silly audit   '@rollup/rollup-win32-arm64-msvc': [ '4.59.0' ],
543 silly audit   '@rollup/rollup-win32-ia32-msvc': [ '4.59.0' ],
543 silly audit   '@rollup/rollup-win32-x64-gnu': [ '4.59.0' ],
543 silly audit   '@rollup/rollup-win32-x64-msvc': [ '4.59.0' ],
543 silly audit   siginfo: [ '2.0.0' ],
543 silly audit   stackback: [ '0.0.2' ]
543 silly audit }
544 http cache stackback@https://registry.npmjs.org/stackback/-/stackback-0.0.2.tgz 0ms (cache hit)
545 http cache @rollup/rollup-win32-x64-msvc@https://registry.npmjs.org/@rollup/rollup-win32-x64-msvc/-/rollup-win32-x64-msvc-4.59.0.tgz 0ms (cache hit)
546 http cache siginfo@https://registry.npmjs.org/siginfo/-/siginfo-2.0.0.tgz 0ms (cache hit)
547 http cache @rollup/rollup-win32-x64-gnu@https://registry.npmjs.org/@rollup/rollup-win32-x64-gnu/-/rollup-win32-x64-gnu-4.59.0.tgz 0ms (cache hit)
548 http cache @esbuild/win32-x64@https://registry.npmjs.org/@esbuild/win32-x64/-/win32-x64-0.27.3.tgz 0ms (cache hit)
549 http cache rollup@https://registry.npmjs.org/rollup/-/rollup-4.59.0.tgz 0ms (cache hit)
550 http cache @types/deep-eql@https://registry.npmjs.org/@types/deep-eql/-/deep-eql-4.0.2.tgz 0ms (cache hit)
551 http cache @types/chai@https://registry.npmjs.org/@types/chai/-/chai-5.2.3.tgz 0ms (cache hit)
552 http cache assertion-error@https://registry.npmjs.org/assertion-error/-/assertion-error-2.0.1.tgz 0ms (cache hit)
553 http cache estree-walker@https://registry.npmjs.org/estree-walker/-/estree-walker-3.0.3.tgz 0ms (cache hit)
554 http cache esbuild@https://registry.npmjs.org/esbuild/-/esbuild-0.27.3.tgz 0ms (cache hit)
555 http cache @standard-schema/spec@https://registry.npmjs.org/@standard-schema/spec/-/spec-1.1.0.tgz 0ms (cache hit)
556 http cache why-is-node-running@https://registry.npmjs.org/why-is-node-running/-/why-is-node-running-2.3.0.tgz 0ms (cache hit)
557 http cache vite@https://registry.npmjs.org/vite/-/vite-7.3.1.tgz 0ms (cache hit)
558 http cache tinyrainbow@https://registry.npmjs.org/tinyrainbow/-/tinyrainbow-3.0.3.tgz 0ms (cache hit)
559 http cache chai@https://registry.npmjs.org/chai/-/chai-6.2.2.tgz 0ms (cache hit)
560 http cache tinyexec@https://registry.npmjs.org/tinyexec/-/tinyexec-1.0.2.tgz 0ms (cache hit)
561 http cache tinybench@https://registry.npmjs.org/tinybench/-/tinybench-2.9.0.tgz 0ms (cache hit)
562 http cache pathe@https://registry.npmjs.org/pathe/-/pathe-2.0.3.tgz 0ms (cache hit)
563 http cache std-env@https://registry.npmjs.org/std-env/-/std-env-3.10.0.tgz 0ms (cache hit)
564 http cache obug@https://registry.npmjs.org/obug/-/obug-2.1.1.tgz 0ms (cache hit)
565 http cache expect-type@https://registry.npmjs.org/expect-type/-/expect-type-1.3.0.tgz 0ms (cache hit)
566 http cache magic-string@https://registry.npmjs.org/magic-string/-/magic-string-0.30.21.tgz 0ms (cache hit)
567 http cache es-module-lexer@https://registry.npmjs.org/es-module-lexer/-/es-module-lexer-1.7.0.tgz 0ms (cache hit)
568 http cache @vitest/runner@https://registry.npmjs.org/@vitest/runner/-/runner-4.0.18.tgz 0ms (cache hit)
569 http cache @vitest/snapshot@https://registry.npmjs.org/@vitest/snapshot/-/snapshot-4.0.18.tgz 0ms (cache hit)
570 http cache @vitest/spy@https://registry.npmjs.org/@vitest/spy/-/spy-4.0.18.tgz 0ms (cache hit)
571 http cache vitest@https://registry.npmjs.org/vitest/-/vitest-4.0.18.tgz 0ms (cache hit)
572 http cache @vitest/mocker@https://registry.npmjs.org/@vitest/mocker/-/mocker-4.0.18.tgz 0ms (cache hit)
573 http cache postcss@https://registry.npmjs.org/postcss/-/postcss-8.5.6.tgz 0ms (cache hit)
574 http cache picomatch@https://registry.npmjs.org/picomatch/-/picomatch-4.0.3.tgz 0ms (cache hit)
575 http cache fdir@https://registry.npmjs.org/fdir/-/fdir-6.5.0.tgz 0ms (cache hit)
576 http cache picomatch@https://registry.npmjs.org/picomatch/-/picomatch-4.0.3.tgz 0ms (cache hit)
577 http cache @vitest/utils@https://registry.npmjs.org/@vitest/utils/-/utils-4.0.18.tgz 0ms (cache hit)
578 silly tarball no local data for stackback@https://registry.npmjs.org/stackback/-/stackback-0.0.2.tgz. Extracting by manifest.
579 silly tarball no local data for @rollup/rollup-win32-x64-msvc@https://registry.npmjs.org/@rollup/rollup-win32-x64-msvc/-/rollup-win32-x64-msvc-4.59.0.tgz. Extracting by manifest.
580 silly tarball no local data for siginfo@https://registry.npmjs.org/siginfo/-/siginfo-2.0.0.tgz. Extracting by manifest.
581 silly tarball no local data for @rollup/rollup-win32-x64-gnu@https://registry.npmjs.org/@rollup/rollup-win32-x64-gnu/-/rollup-win32-x64-gnu-4.59.0.tgz. Extracting by manifest.
582 silly tarball no local data for @esbuild/win32-x64@https://registry.npmjs.org/@esbuild/win32-x64/-/win32-x64-0.27.3.tgz. Extracting by manifest.
583 http cache @vitest/pretty-format@https://registry.npmjs.org/@vitest/pretty-format/-/pretty-format-4.0.18.tgz 0ms (cache hit)
584 silly tarball no local data for rollup@https://registry.npmjs.org/rollup/-/rollup-4.59.0.tgz. Extracting by manifest.
585 silly tarball no local data for @types/deep-eql@https://registry.npmjs.org/@types/deep-eql/-/deep-eql-4.0.2.tgz. Extracting by manifest.
586 silly tarball no local data for @types/chai@https://registry.npmjs.org/@types/chai/-/chai-5.2.3.tgz. Extracting by manifest.
587 silly tarball no local data for assertion-error@https://registry.npmjs.org/assertion-error/-/assertion-error-2.0.1.tgz. Extracting by manifest.
588 silly tarball no local data for estree-walker@https://registry.npmjs.org/estree-walker/-/estree-walker-3.0.3.tgz. Extracting by manifest.
589 silly tarball no local data for esbuild@https://registry.npmjs.org/esbuild/-/esbuild-0.27.3.tgz. Extracting by manifest.
590 silly tarball no local data for @standard-schema/spec@https://registry.npmjs.org/@standard-schema/spec/-/spec-1.1.0.tgz. Extracting by manifest.
591 silly tarball no local data for why-is-node-running@https://registry.npmjs.org/why-is-node-running/-/why-is-node-running-2.3.0.tgz. Extracting by manifest.
592 silly tarball no local data for vite@https://registry.npmjs.org/vite/-/vite-7.3.1.tgz. Extracting by manifest.
593 silly tarball no local data for tinyrainbow@https://registry.npmjs.org/tinyrainbow/-/tinyrainbow-3.0.3.tgz. Extracting by manifest.
594 silly tarball no local data for chai@https://registry.npmjs.org/chai/-/chai-6.2.2.tgz. Extracting by manifest.
595 silly tarball no local data for tinyexec@https://registry.npmjs.org/tinyexec/-/tinyexec-1.0.2.tgz. Extracting by manifest.
596 silly tarball no local data for tinybench@https://registry.npmjs.org/tinybench/-/tinybench-2.9.0.tgz. Extracting by manifest.
597 silly tarball no local data for pathe@https://registry.npmjs.org/pathe/-/pathe-2.0.3.tgz. Extracting by manifest.
598 silly tarball no local data for std-env@https://registry.npmjs.org/std-env/-/std-env-3.10.0.tgz. Extracting by manifest.
599 http cache @vitest/expect@https://registry.npmjs.org/@vitest/expect/-/expect-4.0.18.tgz 0ms (cache hit)
600 silly tarball no local data for obug@https://registry.npmjs.org/obug/-/obug-2.1.1.tgz. Extracting by manifest.
601 silly tarball no local data for expect-type@https://registry.npmjs.org/expect-type/-/expect-type-1.3.0.tgz. Extracting by manifest.
602 silly tarball no local data for magic-string@https://registry.npmjs.org/magic-string/-/magic-string-0.30.21.tgz. Extracting by manifest.
603 silly tarball no local data for es-module-lexer@https://registry.npmjs.org/es-module-lexer/-/es-module-lexer-1.7.0.tgz. Extracting by manifest.
604 silly tarball no local data for @vitest/runner@https://registry.npmjs.org/@vitest/runner/-/runner-4.0.18.tgz. Extracting by manifest.
605 silly tarball no local data for @vitest/snapshot@https://registry.npmjs.org/@vitest/snapshot/-/snapshot-4.0.18.tgz. Extracting by manifest.
606 silly tarball no local data for @vitest/spy@https://registry.npmjs.org/@vitest/spy/-/spy-4.0.18.tgz. Extracting by manifest.
607 silly tarball no local data for vitest@https://registry.npmjs.org/vitest/-/vitest-4.0.18.tgz. Extracting by manifest.
608 silly tarball no local data for @vitest/mocker@https://registry.npmjs.org/@vitest/mocker/-/mocker-4.0.18.tgz. Extracting by manifest.
609 silly tarball no local data for postcss@https://registry.npmjs.org/postcss/-/postcss-8.5.6.tgz. Extracting by manifest.
610 silly tarball no local data for @vitest/utils@https://registry.npmjs.org/@vitest/utils/-/utils-4.0.18.tgz. Extracting by manifest.
611 silly tarball no local data for @vitest/pretty-format@https://registry.npmjs.org/@vitest/pretty-format/-/pretty-format-4.0.18.tgz. Extracting by manifest.
612 silly tarball no local data for @vitest/expect@https://registry.npmjs.org/@vitest/expect/-/expect-4.0.18.tgz. Extracting by manifest.
613 http fetch GET 200 https://registry.npmjs.org/siginfo/-/siginfo-2.0.0.tgz 92ms (cache miss)
614 http fetch GET 200 https://registry.npmjs.org/assertion-error/-/assertion-error-2.0.1.tgz 98ms (cache miss)
615 http fetch GET 200 https://registry.npmjs.org/estree-walker/-/estree-walker-3.0.3.tgz 99ms (cache miss)
616 http fetch GET 200 https://registry.npmjs.org/stackback/-/stackback-0.0.2.tgz 109ms (cache miss)
617 http fetch GET 200 https://registry.npmjs.org/@types/chai/-/chai-5.2.3.tgz 107ms (cache miss)
618 http fetch GET 200 https://registry.npmjs.org/tinyrainbow/-/tinyrainbow-3.0.3.tgz 104ms (cache miss)
619 http fetch GET 200 https://registry.npmjs.org/esbuild/-/esbuild-0.27.3.tgz 134ms (cache miss)
620 http fetch GET 200 https://registry.npmjs.org/@types/deep-eql/-/deep-eql-4.0.2.tgz 140ms (cache miss)
621 http fetch GET 200 https://registry.npmjs.org/why-is-node-running/-/why-is-node-running-2.3.0.tgz 145ms (cache miss)
622 http fetch GET 200 https://registry.npmjs.org/chai/-/chai-6.2.2.tgz 152ms (cache miss)
623 http fetch GET 200 https://registry.npmjs.org/tinyexec/-/tinyexec-1.0.2.tgz 157ms (cache miss)
624 http fetch GET 200 https://registry.npmjs.org/std-env/-/std-env-3.10.0.tgz 175ms (cache miss)
625 http fetch GET 200 https://registry.npmjs.org/obug/-/obug-2.1.1.tgz 181ms (cache miss)
626 http fetch GET 200 https://registry.npmjs.org/tinybench/-/tinybench-2.9.0.tgz 184ms (cache miss)
627 http fetch POST 200 https://registry.npmjs.org/-/npm/v1/security/advisories/bulk 256ms
628 silly audit report {}
629 http fetch GET 200 https://registry.npmjs.org/pathe/-/pathe-2.0.3.tgz 219ms (cache miss)
630 http fetch GET 200 https://registry.npmjs.org/es-module-lexer/-/es-module-lexer-1.7.0.tgz 272ms (cache miss)
631 http fetch GET 200 https://registry.npmjs.org/expect-type/-/expect-type-1.3.0.tgz 273ms (cache miss)
632 http fetch GET 200 https://registry.npmjs.org/@standard-schema/spec/-/spec-1.1.0.tgz 296ms (cache miss)
633 http fetch GET 200 https://registry.npmjs.org/magic-string/-/magic-string-0.30.21.tgz 303ms (cache miss)
634 http fetch GET 200 https://registry.npmjs.org/@rollup/rollup-win32-x64-msvc/-/rollup-win32-x64-msvc-4.59.0.tgz 337ms (cache miss)
635 http fetch GET 200 https://registry.npmjs.org/rollup/-/rollup-4.59.0.tgz 378ms (cache miss)
636 http fetch GET 200 https://registry.npmjs.org/@vitest/runner/-/runner-4.0.18.tgz 410ms (cache miss)
637 http fetch GET 200 https://registry.npmjs.org/@vitest/snapshot/-/snapshot-4.0.18.tgz 421ms (cache miss)
638 http fetch GET 200 https://registry.npmjs.org/@vitest/expect/-/expect-4.0.18.tgz 432ms (cache miss)
639 http fetch GET 200 https://registry.npmjs.org/postcss/-/postcss-8.5.6.tgz 482ms (cache miss)
640 http fetch GET 200 https://registry.npmjs.org/@vitest/mocker/-/mocker-4.0.18.tgz 483ms (cache miss)
641 http fetch GET 200 https://registry.npmjs.org/vite/-/vite-7.3.1.tgz 529ms (cache miss)
642 http fetch GET 200 https://registry.npmjs.org/@rollup/rollup-win32-x64-gnu/-/rollup-win32-x64-gnu-4.59.0.tgz 605ms (cache miss)
643 http fetch GET 200 https://registry.npmjs.org/vitest/-/vitest-4.0.18.tgz 657ms (cache miss)
644 http fetch GET 200 https://registry.npmjs.org/@vitest/spy/-/spy-4.0.18.tgz 688ms (cache miss)
645 http fetch GET 200 https://registry.npmjs.org/@vitest/pretty-format/-/pretty-format-4.0.18.tgz 734ms (cache miss)
646 http fetch GET 200 https://registry.npmjs.org/@esbuild/win32-x64/-/win32-x64-0.27.3.tgz 787ms (cache miss)
647 http fetch GET 200 https://registry.npmjs.org/@vitest/utils/-/utils-4.0.18.tgz 813ms (cache miss)
648 info run esbuild@0.27.3 postinstall node_modules/esbuild node install.js
649 info run esbuild@0.27.3 postinstall { code: 'EPERM', signal: undefined }
650 verbose stack Error: spawn EPERM
650 verbose stack     at ChildProcess.spawn (node:internal/child_process:420:11)
650 verbose stack     at spawn (node:child_process:762:9)
650 verbose stack     at promiseSpawn (C:\Users\kaspe\AppData\Roaming\npm\node_modules\npm\node_modules\@npmcli\promise-spawn\lib\index.js:39:16)
650 verbose stack     at spawnWithShell (C:\Users\kaspe\AppData\Roaming\npm\node_modules\npm\node_modules\@npmcli\promise-spawn\lib\index.js:124:10)
650 verbose stack     at promiseSpawn (C:\Users\kaspe\AppData\Roaming\npm\node_modules\npm\node_modules\@npmcli\promise-spawn\lib\index.js:12:12)
650 verbose stack     at runScriptPkg (C:\Users\kaspe\AppData\Roaming\npm\node_modules\npm\node_modules\@npmcli\run-script\lib\run-script-pkg.js:79:13)
650 verbose stack     at runScript (C:\Users\kaspe\AppData\Roaming\npm\node_modules\npm\node_modules\@npmcli\run-script\lib\run-script.js:9:12)
650 verbose stack     at C:\Users\kaspe\AppData\Roaming\npm\node_modules\npm\node_modules\@npmcli\arborist\lib\arborist\rebuild.js:332:17
650 verbose stack     at run (C:\Users\kaspe\AppData\Roaming\npm\node_modules\npm\node_modules\promise-call-limit\dist\commonjs\index.js:67:22)
650 verbose stack     at C:\Users\kaspe\AppData\Roaming\npm\node_modules\npm\node_modules\promise-call-limit\dist\commonjs\index.js:84:9
651 error code EPERM
652 error syscall spawn
653 error errno -4048
654 error Error: spawn EPERM
654 error     at ChildProcess.spawn (node:internal/child_process:420:11)
654 error     at spawn (node:child_process:762:9)
654 error     at promiseSpawn (C:\Users\kaspe\AppData\Roaming\npm\node_modules\npm\node_modules\@npmcli\promise-spawn\lib\index.js:39:16)
654 error     at spawnWithShell (C:\Users\kaspe\AppData\Roaming\npm\node_modules\npm\node_modules\@npmcli\promise-spawn\lib\index.js:124:10)
654 error     at promiseSpawn (C:\Users\kaspe\AppData\Roaming\npm\node_modules\npm\node_modules\@npmcli\promise-spawn\lib\index.js:12:12)
654 error     at runScriptPkg (C:\Users\kaspe\AppData\Roaming\npm\node_modules\npm\node_modules\@npmcli\run-script\lib\run-script-pkg.js:79:13)
654 error     at runScript (C:\Users\kaspe\AppData\Roaming\npm\node_modules\npm\node_modules\@npmcli\run-script\lib\run-script.js:9:12)
654 error     at C:\Users\kaspe\AppData\Roaming\npm\node_modules\npm\node_modules\@npmcli\arborist\lib\arborist\rebuild.js:332:17
654 error     at run (C:\Users\kaspe\AppData\Roaming\npm\node_modules\npm\node_modules\promise-call-limit\dist\commonjs\index.js:67:22)
654 error     at C:\Users\kaspe\AppData\Roaming\npm\node_modules\npm\node_modules\promise-call-limit\dist\commonjs\index.js:84:9 {
654 error   errno: -4048,
654 error   code: 'EPERM',
654 error   syscall: 'spawn'
654 error }
655 error
655 error The operation was rejected by your operating system.
655 error It's possible that the file was already in use (by a text editor or antivirus),
655 error or that you lack permissions to access it.
655 error
655 error If you believe this might be a permissions issue, please double-check the
655 error permissions of the file and its containing directories, or try running
655 error the command again as root/Administrator.
656 silly unfinished npm timer reify 1772356616532
657 silly unfinished npm timer reify:build 1772356627668
658 silly unfinished npm timer build 1772356627668
659 silly unfinished npm timer build:deps 1772356627668
660 silly unfinished npm timer build:run:postinstall 1772356627700
661 silly unfinished npm timer build:run:postinstall:node_modules/esbuild 1772356627701
662 verbose cwd C:\dev\Assemblio
663 verbose os Windows_NT 10.0.26200
664 verbose node v20.20.0
665 verbose npm  v11.6.2
666 verbose exit -4048
667 verbose code -4048
668 error A complete log of this run can be found in: C:\dev\Assemblio\.npm-cache\_logs\2026-03-01T09_16_56_030Z-debug-0.log
