0 verbose cli C:\Program Files\nodejs\node.exe C:\Users\kaspe\AppData\Roaming\npm\node_modules\npm\bin\npm-cli.js
1 info using npm@11.6.2
2 info using node@v20.20.0
3 silly config load:file:C:\Users\kaspe\AppData\Roaming\npm\node_modules\npm\npmrc
4 silly config load:file:C:\dev\Assemblio\.npmrc
5 silly config load:file:C:\Users\kaspe\.npmrc
6 silly config load:file:C:\Users\kaspe\AppData\Roaming\npm\etc\npmrc
7 verbose title npm install vitest
8 verbose argv "install" "--save-dev" "vitest" "--ignore-scripts"
9 verbose logfile logs-max:10 dir:C:\dev\Assemblio\.npm-cache\_logs\2026-03-01T09_17_20_802Z-
10 verbose logfile C:\dev\Assemblio\.npm-cache\_logs\2026-03-01T09_17_20_802Z-debug-0.log
11 silly logfile start cleaning logs, removing 1 files
12 silly packumentCache heap:4345298944 maxSize:1086324736 maxEntrySize:543162368
13 silly logfile done cleaning log files
14 verbose shrinkwrap failed to load node_modules/.package-lock.json out of date, updated: node_modules
15 silly idealTree buildDeps
16 silly fetch manifest vitest@*
17 silly packumentCache full:https://registry.npmjs.org/vitest cache-miss
18 http cache https://registry.npmjs.org/vitest 26ms (cache hit)
19 silly packumentCache full:https://registry.npmjs.org/vitest set size:2096967 disposed:false
20 silly fetch manifest @edge-runtime/vm@*
21 silly packumentCache full:https://registry.npmjs.org/@edge-runtime%2fvm cache-miss
22 http cache https://registry.npmjs.org/@edge-runtime%2fvm 97ms (cache hit)
23 silly packumentCache full:https://registry.npmjs.org/@edge-runtime%2fvm set size:269934 disposed:false
24 silly fetch manifest @opentelemetry/api@^1.9.0
25 silly packumentCache full:https://registry.npmjs.org/@opentelemetry%2fapi cache-miss
26 http cache https://registry.npmjs.org/@opentelemetry%2fapi 10ms (cache hit)
27 silly packumentCache full:https://registry.npmjs.org/@opentelemetry%2fapi set size:455567 disposed:false
28 silly fetch manifest @types/node@^20
29 silly packumentCache full:https://registry.npmjs.org/@types%2fnode cache-miss
30 http cache https://registry.npmjs.org/@types%2fnode 31ms (cache hit)
31 silly packumentCache full:https://registry.npmjs.org/@types%2fnode set size:10900244 disposed:false
32 silly fetch manifest @vitest/browser-playwright@4.0.18
33 silly packumentCache full:https://registry.npmjs.org/@vitest%2fbrowser-playwright cache-miss
34 http cache https://registry.npmjs.org/@vitest%2fbrowser-playwright 8ms (cache hit)
35 silly packumentCache full:https://registry.npmjs.org/@vitest%2fbrowser-playwright set size:85618 disposed:false
36 silly fetch manifest playwright@*
37 silly packumentCache full:https://registry.npmjs.org/playwright cache-miss
38 http cache https://registry.npmjs.org/playwright 42ms (cache hit)
39 silly packumentCache full:https://registry.npmjs.org/playwright set size:15788709 disposed:false
40 silly fetch manifest @vitest/browser-preview@4.0.18
41 silly packumentCache full:https://registry.npmjs.org/@vitest%2fbrowser-preview cache-miss
42 http cache https://registry.npmjs.org/@vitest%2fbrowser-preview 7ms (cache hit)
43 silly packumentCache full:https://registry.npmjs.org/@vitest%2fbrowser-preview set size:82083 disposed:false
44 silly fetch manifest @vitest/browser-webdriverio@4.0.18
45 silly packumentCache full:https://registry.npmjs.org/@vitest%2fbrowser-webdriverio cache-miss
46 http cache https://registry.npmjs.org/@vitest%2fbrowser-webdriverio 7ms (cache hit)
47 silly packumentCache full:https://registry.npmjs.org/@vitest%2fbrowser-webdriverio set size:85359 disposed:false
48 silly fetch manifest webdriverio@*
49 silly packumentCache full:https://registry.npmjs.org/webdriverio cache-miss
50 http cache https://registry.npmjs.org/webdriverio 14ms (cache hit)
51 silly packumentCache full:https://registry.npmjs.org/webdriverio set size:3108953 disposed:false
52 silly fetch manifest puppeteer-core@>=22.x || <=24.x
53 silly packumentCache full:https://registry.npmjs.org/puppeteer-core cache-miss
54 http cache https://registry.npmjs.org/puppeteer-core 12ms (cache hit)
55 silly packumentCache full:https://registry.npmjs.org/puppeteer-core set size:1483380 disposed:false
56 silly fetch manifest @vitest/ui@4.0.18
57 silly packumentCache full:https://registry.npmjs.org/@vitest%2fui cache-miss
58 http cache https://registry.npmjs.org/@vitest%2fui 8ms (cache hit)
59 silly packumentCache full:https://registry.npmjs.org/@vitest%2fui set size:1196944 disposed:false
60 silly fetch manifest happy-dom@*
61 silly packumentCache full:https://registry.npmjs.org/happy-dom cache-miss
62 http cache https://registry.npmjs.org/happy-dom 12ms (cache hit)
63 silly packumentCache full:https://registry.npmjs.org/happy-dom set size:2425232 disposed:false
64 silly fetch manifest jsdom@*
65 silly packumentCache full:https://registry.npmjs.org/jsdom cache-miss
66 http cache https://registry.npmjs.org/jsdom 10ms (cache hit)
67 silly packumentCache full:https://registry.npmjs.org/jsdom set size:1042325 disposed:false
68 silly fetch manifest canvas@^3.0.0
69 silly packumentCache full:https://registry.npmjs.org/canvas cache-miss
70 http cache https://registry.npmjs.org/canvas 8ms (cache hit)
71 silly packumentCache full:https://registry.npmjs.org/canvas set size:366497 disposed:false
72 silly placeDep ROOT vitest@4.0.18 OK for: assemblio-app@0.1.0 want: *
73 silly fetch manifest obug@^2.1.1
74 silly packumentCache full:https://registry.npmjs.org/obug cache-miss
75 silly fetch manifest vite@^6.0.0 || ^7.0.0
76 silly packumentCache full:https://registry.npmjs.org/vite cache-miss
77 silly fetch manifest pathe@^2.0.3
78 silly packumentCache full:https://registry.npmjs.org/pathe cache-miss
79 silly fetch manifest std-env@^3.10.0
80 silly packumentCache full:https://registry.npmjs.org/std-env cache-miss
81 silly fetch manifest tinyexec@^1.0.2
82 silly packumentCache full:https://registry.npmjs.org/tinyexec cache-miss
83 silly fetch manifest picomatch@^4.0.3
84 silly packumentCache full:https://registry.npmjs.org/picomatch cache-miss
85 silly fetch manifest tinybench@^2.9.0
86 silly packumentCache full:https://registry.npmjs.org/tinybench cache-miss
87 silly fetch manifest @vitest/spy@4.0.18
88 silly packumentCache full:https://registry.npmjs.org/@vitest%2fspy cache-miss
89 silly fetch manifest expect-type@^1.2.2
90 silly packumentCache full:https://registry.npmjs.org/expect-type cache-miss
91 silly fetch manifest tinyrainbow@^3.0.3
92 silly packumentCache full:https://registry.npmjs.org/tinyrainbow cache-miss
93 silly fetch manifest magic-string@^0.30.21
94 silly packumentCache full:https://registry.npmjs.org/magic-string cache-miss
95 silly fetch manifest @vitest/utils@4.0.18
96 silly packumentCache full:https://registry.npmjs.org/@vitest%2futils cache-miss
97 silly fetch manifest @vitest/expect@4.0.18
98 silly packumentCache full:https://registry.npmjs.org/@vitest%2fexpect cache-miss
99 silly fetch manifest @vitest/mocker@4.0.18
100 silly packumentCache full:https://registry.npmjs.org/@vitest%2fmocker cache-miss
101 silly fetch manifest @vitest/runner@4.0.18
102 silly packumentCache full:https://registry.npmjs.org/@vitest%2frunner cache-miss
103 http cache https://registry.npmjs.org/pathe 43ms (cache hit)
104 silly packumentCache full:https://registry.npmjs.org/pathe set size:68788 disposed:false
105 silly fetch manifest es-module-lexer@^1.7.0
106 silly packumentCache full:https://registry.npmjs.org/es-module-lexer cache-miss
107 http cache https://registry.npmjs.org/obug 49ms (cache hit)
108 silly packumentCache full:https://registry.npmjs.org/obug set size:37457 disposed:false
109 silly fetch manifest @vitest/snapshot@4.0.18
110 silly packumentCache full:https://registry.npmjs.org/@vitest%2fsnapshot cache-miss
111 http cache https://registry.npmjs.org/tinybench 50ms (cache hit)
112 silly packumentCache full:https://registry.npmjs.org/tinybench set size:156830 disposed:false
113 silly fetch manifest why-is-node-running@^2.3.0
114 silly packumentCache full:https://registry.npmjs.org/why-is-node-running cache-miss
115 http cache https://registry.npmjs.org/@vitest%2fspy 55ms (cache hit)
116 silly packumentCache full:https://registry.npmjs.org/@vitest%2fspy set size:399866 disposed:false
117 silly fetch manifest @vitest/pretty-format@4.0.18
118 silly packumentCache full:https://registry.npmjs.org/@vitest%2fpretty-format cache-miss
119 http cache https://registry.npmjs.org/expect-type 58ms (cache hit)
120 silly packumentCache full:https://registry.npmjs.org/expect-type set size:185336 disposed:false
121 http cache https://registry.npmjs.org/tinyexec 63ms (cache hit)
122 silly packumentCache full:https://registry.npmjs.org/tinyexec set size:38584 disposed:false
123 http cache https://registry.npmjs.org/vite 135ms (cache hit)
124 silly packumentCache full:https://registry.npmjs.org/vite set size:38733997 disposed:false
125 http cache https://registry.npmjs.org/std-env 339ms (cache hit)
126 silly packumentCache full:https://registry.npmjs.org/std-env set size:84246 disposed:false
127 http cache https://registry.npmjs.org/@vitest%2fexpect 338ms (cache hit)
128 silly packumentCache full:https://registry.npmjs.org/@vitest%2fexpect set size:431657 disposed:false
129 http cache https://registry.npmjs.org/magic-string 343ms (cache hit)
130 silly packumentCache full:https://registry.npmjs.org/magic-string set size:331817 disposed:false
131 http cache https://registry.npmjs.org/tinyrainbow 348ms (cache hit)
132 silly packumentCache full:https://registry.npmjs.org/tinyrainbow set size:22192 disposed:false
133 http cache https://registry.npmjs.org/@vitest%2futils 348ms (cache hit)
134 silly packumentCache full:https://registry.npmjs.org/@vitest%2futils set size:509648 disposed:false
135 http cache https://registry.npmjs.org/@vitest%2fmocker 351ms (cache hit)
136 silly packumentCache full:https://registry.npmjs.org/@vitest%2fmocker set size:259462 disposed:false
137 http cache https://registry.npmjs.org/picomatch 359ms (cache hit)
138 silly packumentCache full:https://registry.npmjs.org/picomatch set size:118818 disposed:false
139 http cache https://registry.npmjs.org/@vitest%2frunner 356ms (cache hit)
140 silly packumentCache full:https://registry.npmjs.org/@vitest%2frunner set size:419669 disposed:false
141 http cache https://registry.npmjs.org/@vitest%2fpretty-format 316ms (cache hit)
142 silly packumentCache full:https://registry.npmjs.org/@vitest%2fpretty-format set size:229673 disposed:false
143 http cache https://registry.npmjs.org/why-is-node-running 323ms (cache hit)
144 silly packumentCache full:https://registry.npmjs.org/why-is-node-running set size:50482 disposed:false
145 http cache https://registry.npmjs.org/es-module-lexer 332ms (cache hit)
146 silly packumentCache full:https://registry.npmjs.org/es-module-lexer set size:203341 disposed:false
147 http cache https://registry.npmjs.org/@vitest%2fsnapshot 332ms (cache hit)
148 silly packumentCache full:https://registry.npmjs.org/@vitest%2fsnapshot set size:402109 disposed:false
149 silly fetch manifest @types/node@^20.0.0 || ^22.0.0 || >=24.0.0
150 silly packumentCache full:https://registry.npmjs.org/@types%2fnode cache-miss
151 http cache https://registry.npmjs.org/@types%2fnode 30ms (cache hit)
152 silly packumentCache full:https://registry.npmjs.org/@types%2fnode set size:10900244 disposed:false
153 silly fetch manifest jiti@>=1.21.0
154 silly packumentCache full:https://registry.npmjs.org/jiti cache-miss
155 http cache https://registry.npmjs.org/jiti 7ms (cache hit)
156 silly packumentCache full:https://registry.npmjs.org/jiti set size:382310 disposed:false
157 silly fetch manifest less@^4.0.0
158 silly packumentCache full:https://registry.npmjs.org/less cache-miss
159 http cache https://registry.npmjs.org/less 8ms (cache hit)
160 silly packumentCache full:https://registry.npmjs.org/less set size:430648 disposed:false
161 silly fetch manifest lightningcss@^1.21.0
162 silly packumentCache full:https://registry.npmjs.org/lightningcss cache-miss
163 http cache https://registry.npmjs.org/lightningcss 10ms (cache hit)
164 silly packumentCache full:https://registry.npmjs.org/lightningcss set size:182441 disposed:false
165 silly fetch manifest sass@^1.70.0
166 silly packumentCache full:https://registry.npmjs.org/sass cache-miss
167 http cache https://registry.npmjs.org/sass 7ms (cache hit)
168 silly packumentCache full:https://registry.npmjs.org/sass set size:722061 disposed:false
169 silly fetch manifest sass-embedded@^1.70.0
170 silly packumentCache full:https://registry.npmjs.org/sass-embedded cache-miss
171 http cache https://registry.npmjs.org/sass-embedded 11ms (cache hit)
172 silly packumentCache full:https://registry.npmjs.org/sass-embedded set size:407397 disposed:false
173 silly fetch manifest stylus@>=0.54.8
174 silly packumentCache full:https://registry.npmjs.org/stylus cache-miss
175 http cache https://registry.npmjs.org/stylus 7ms (cache hit)
176 silly packumentCache full:https://registry.npmjs.org/stylus set size:286766 disposed:false
177 silly fetch manifest sugarss@^5.0.0
178 silly packumentCache full:https://registry.npmjs.org/sugarss cache-miss
179 http cache https://registry.npmjs.org/sugarss 6ms (cache hit)
180 silly packumentCache full:https://registry.npmjs.org/sugarss set size:44975 disposed:false
181 silly fetch manifest postcss@^8.3.3
182 silly packumentCache full:https://registry.npmjs.org/postcss cache-miss
183 http cache https://registry.npmjs.org/postcss 8ms (cache hit)
184 silly packumentCache full:https://registry.npmjs.org/postcss set size:696248 disposed:false
185 silly fetch manifest terser@^5.16.0
186 silly packumentCache full:https://registry.npmjs.org/terser cache-miss
187 http cache https://registry.npmjs.org/terser 8ms (cache hit)
188 silly packumentCache full:https://registry.npmjs.org/terser set size:786629 disposed:false
189 silly fetch manifest tsx@^4.8.1
190 silly packumentCache full:https://registry.npmjs.org/tsx cache-miss
191 http cache https://registry.npmjs.org/tsx 6ms (cache hit)
192 silly packumentCache full:https://registry.npmjs.org/tsx set size:289592 disposed:false
193 silly fetch manifest yaml@^2.4.2
194 silly packumentCache full:https://registry.npmjs.org/yaml cache-miss
195 http cache https://registry.npmjs.org/yaml 7ms (cache hit)
196 silly packumentCache full:https://registry.npmjs.org/yaml set size:361552 disposed:false
197 silly fetch manifest msw@^2.4.9
198 silly packumentCache full:https://registry.npmjs.org/msw cache-miss
199 http cache https://registry.npmjs.org/msw 12ms (cache hit)
200 silly packumentCache full:https://registry.npmjs.org/msw set size:1872575 disposed:false
201 silly fetch manifest typescript@>= 4.8.x
202 silly packumentCache full:https://registry.npmjs.org/typescript cache-miss
203 http cache https://registry.npmjs.org/typescript 40ms (cache hit)
204 silly packumentCache full:https://registry.npmjs.org/typescript set size:15302714 disposed:false
205 silly placeDep ROOT @vitest/expect@4.0.18 OK for: vitest@4.0.18 want: 4.0.18
206 silly placeDep ROOT @vitest/mocker@4.0.18 OK for: vitest@4.0.18 want: 4.0.18
207 silly placeDep ROOT @vitest/pretty-format@4.0.18 OK for: vitest@4.0.18 want: 4.0.18
208 silly placeDep ROOT @vitest/runner@4.0.18 OK for: vitest@4.0.18 want: 4.0.18
209 silly placeDep ROOT @vitest/snapshot@4.0.18 OK for: vitest@4.0.18 want: 4.0.18
210 silly placeDep ROOT @vitest/spy@4.0.18 OK for: vitest@4.0.18 want: 4.0.18
211 silly placeDep ROOT @vitest/utils@4.0.18 OK for: vitest@4.0.18 want: 4.0.18
212 silly placeDep ROOT es-module-lexer@1.7.0 OK for: vitest@4.0.18 want: ^1.7.0
213 silly placeDep ROOT expect-type@1.3.0 OK for: vitest@4.0.18 want: ^1.2.2
214 silly placeDep ROOT magic-string@0.30.21 OK for: vitest@4.0.18 want: ^0.30.21
215 silly placeDep ROOT obug@2.1.1 OK for: vitest@4.0.18 want: ^2.1.1
216 silly placeDep ROOT pathe@2.0.3 OK for: vitest@4.0.18 want: ^2.0.3
217 silly placeDep node_modules/vitest picomatch@4.0.3 OK for: vitest@4.0.18 want: ^4.0.3
218 silly placeDep ROOT std-env@3.10.0 OK for: vitest@4.0.18 want: ^3.10.0
219 silly placeDep ROOT tinybench@2.9.0 OK for: vitest@4.0.18 want: ^2.9.0
220 silly placeDep ROOT tinyexec@1.0.2 OK for: vitest@4.0.18 want: ^1.0.2
221 silly placeDep ROOT tinyrainbow@3.0.3 OK for: vitest@4.0.18 want: ^3.0.3
222 silly placeDep ROOT vite@7.3.1 OK for: vitest@4.0.18 want: ^6.0.0 || ^7.0.0
223 silly placeDep ROOT why-is-node-running@2.3.0 OK for: vitest@4.0.18 want: ^2.3.0
224 silly fetch manifest chai@^6.2.1
225 silly packumentCache full:https://registry.npmjs.org/chai cache-miss
226 silly fetch manifest @types/chai@^5.2.2
227 silly packumentCache full:https://registry.npmjs.org/@types%2fchai cache-miss
228 silly fetch manifest @standard-schema/spec@^1.0.0
229 silly packumentCache full:https://registry.npmjs.org/@standard-schema%2fspec cache-miss
230 silly fetch manifest estree-walker@^3.0.3
231 silly packumentCache full:https://registry.npmjs.org/estree-walker cache-miss
232 silly fetch manifest fdir@^6.5.0
233 silly packumentCache full:https://registry.npmjs.org/fdir cache-miss
234 silly fetch manifest rollup@^4.43.0
235 silly packumentCache full:https://registry.npmjs.org/rollup cache-miss
236 silly fetch manifest esbuild@^0.27.0
237 silly packumentCache full:https://registry.npmjs.org/esbuild cache-miss
238 silly fetch manifest postcss@^8.5.6
239 silly packumentCache full:https://registry.npmjs.org/postcss cache-hit
240 silly fetch manifest fsevents@~2.3.3
241 silly packumentCache full:https://registry.npmjs.org/fsevents cache-miss
242 silly fetch manifest siginfo@^2.0.0
243 silly packumentCache full:https://registry.npmjs.org/siginfo cache-miss
244 silly fetch manifest stackback@0.0.2
245 silly packumentCache full:https://registry.npmjs.org/stackback cache-miss
246 http cache https://registry.npmjs.org/estree-walker 24ms (cache hit)
247 silly packumentCache full:https://registry.npmjs.org/estree-walker set size:60887 disposed:false
248 http cache https://registry.npmjs.org/chai 28ms (cache hit)
249 silly packumentCache full:https://registry.npmjs.org/chai set size:232540 disposed:false
250 http cache https://registry.npmjs.org/fdir 28ms (cache hit)
251 silly packumentCache full:https://registry.npmjs.org/fdir set size:136182 disposed:false
252 http cache https://registry.npmjs.org/@standard-schema%2fspec 34ms (cache hit)
253 silly packumentCache full:https://registry.npmjs.org/@standard-schema%2fspec set size:27284 disposed:false
254 http cache https://registry.npmjs.org/esbuild 34ms (cache hit)
255 silly packumentCache full:https://registry.npmjs.org/esbuild set size:1242223 disposed:false
256 http cache https://registry.npmjs.org/@types%2fchai 48ms (cache hit)
257 silly packumentCache full:https://registry.npmjs.org/@types%2fchai set size:226260 disposed:false
258 http cache https://registry.npmjs.org/fsevents 46ms (cache hit)
259 silly packumentCache full:https://registry.npmjs.org/fsevents set size:182472 disposed:false
260 http cache https://registry.npmjs.org/siginfo 49ms (cache hit)
261 silly packumentCache full:https://registry.npmjs.org/siginfo set size:8524 disposed:false
262 http cache https://registry.npmjs.org/stackback 51ms (cache hit)
263 silly packumentCache full:https://registry.npmjs.org/stackback set size:4594 disposed:false
264 http cache https://registry.npmjs.org/rollup 75ms (cache hit)
265 silly packumentCache full:https://registry.npmjs.org/rollup set size:6122682 disposed:false
266 silly placeDep ROOT @standard-schema/spec@1.1.0 OK for: @vitest/expect@4.0.18 want: ^1.0.0
267 silly placeDep ROOT @types/chai@5.2.3 OK for: @vitest/expect@4.0.18 want: ^5.2.2
268 silly placeDep ROOT chai@6.2.2 OK for: @vitest/expect@4.0.18 want: ^6.2.1
269 silly fetch manifest @types/deep-eql@*
270 silly packumentCache full:https://registry.npmjs.org/@types%2fdeep-eql cache-miss
271 silly fetch manifest assertion-error@^2.0.1
272 silly packumentCache full:https://registry.npmjs.org/assertion-error cache-miss
273 http cache https://registry.npmjs.org/@types%2fdeep-eql 7ms (cache hit)
274 silly packumentCache full:https://registry.npmjs.org/@types%2fdeep-eql set size:6411 disposed:false
275 http cache https://registry.npmjs.org/assertion-error 7ms (cache hit)
276 silly packumentCache full:https://registry.npmjs.org/assertion-error set size:14438 disposed:false
277 silly placeDep ROOT @types/deep-eql@4.0.2 OK for: @types/chai@5.2.3 want: *
278 silly placeDep ROOT assertion-error@2.0.1 OK for: @types/chai@5.2.3 want: ^2.0.1
279 silly placeDep ROOT estree-walker@3.0.3 OK for: @vitest/mocker@4.0.18 want: ^3.0.3
280 silly placeDep ROOT esbuild@0.27.3 OK for: vite@7.3.1 want: ^0.27.0
281 silly placeDep node_modules/vite fdir@6.5.0 OK for: vite@7.3.1 want: ^6.5.0
282 silly placeDep node_modules/vite picomatch@4.0.3 OK for: fdir@6.5.0 want: ^3 || ^4
283 silly placeDep ROOT fsevents@2.3.3 OK for: vite@7.3.1 want: ~2.3.3
284 silly placeDep node_modules/vite postcss@8.5.6 OK for: vite@7.3.1 want: ^8.5.6
285 silly placeDep ROOT rollup@4.59.0 OK for: vite@7.3.1 want: ^4.43.0
286 silly fetch manifest @esbuild/aix-ppc64@0.27.3
287 silly packumentCache full:https://registry.npmjs.org/@esbuild%2faix-ppc64 cache-miss
288 silly fetch manifest @esbuild/android-arm@0.27.3
289 silly packumentCache full:https://registry.npmjs.org/@esbuild%2fandroid-arm cache-miss
290 silly fetch manifest @esbuild/android-arm64@0.27.3
291 silly packumentCache full:https://registry.npmjs.org/@esbuild%2fandroid-arm64 cache-miss
292 silly fetch manifest @esbuild/android-x64@0.27.3
293 silly packumentCache full:https://registry.npmjs.org/@esbuild%2fandroid-x64 cache-miss
294 silly fetch manifest @esbuild/darwin-arm64@0.27.3
295 silly packumentCache full:https://registry.npmjs.org/@esbuild%2fdarwin-arm64 cache-miss
296 silly fetch manifest @esbuild/darwin-x64@0.27.3
297 silly packumentCache full:https://registry.npmjs.org/@esbuild%2fdarwin-x64 cache-miss
298 silly fetch manifest @esbuild/freebsd-arm64@0.27.3
299 silly packumentCache full:https://registry.npmjs.org/@esbuild%2ffreebsd-arm64 cache-miss
300 silly fetch manifest @esbuild/freebsd-x64@0.27.3
301 silly packumentCache full:https://registry.npmjs.org/@esbuild%2ffreebsd-x64 cache-miss
302 silly fetch manifest @esbuild/linux-arm@0.27.3
303 silly packumentCache full:https://registry.npmjs.org/@esbuild%2flinux-arm cache-miss
304 silly fetch manifest @esbuild/linux-arm64@0.27.3
305 silly packumentCache full:https://registry.npmjs.org/@esbuild%2flinux-arm64 cache-miss
306 silly fetch manifest @esbuild/linux-ia32@0.27.3
307 silly packumentCache full:https://registry.npmjs.org/@esbuild%2flinux-ia32 cache-miss
308 silly fetch manifest @esbuild/linux-loong64@0.27.3
309 silly packumentCache full:https://registry.npmjs.org/@esbuild%2flinux-loong64 cache-miss
310 silly fetch manifest @esbuild/linux-mips64el@0.27.3
311 silly packumentCache full:https://registry.npmjs.org/@esbuild%2flinux-mips64el cache-miss
312 silly fetch manifest @esbuild/linux-ppc64@0.27.3
313 silly packumentCache full:https://registry.npmjs.org/@esbuild%2flinux-ppc64 cache-miss
314 silly fetch manifest @esbuild/linux-riscv64@0.27.3
315 silly packumentCache full:https://registry.npmjs.org/@esbuild%2flinux-riscv64 cache-miss
316 http cache https://registry.npmjs.org/@esbuild%2fandroid-arm64 37ms (cache hit)
317 silly packumentCache full:https://registry.npmjs.org/@esbuild%2fandroid-arm64 set size:192279 disposed:false
318 silly fetch manifest @esbuild/linux-s390x@0.27.3
319 silly packumentCache full:https://registry.npmjs.org/@esbuild%2flinux-s390x cache-miss
320 http cache https://registry.npmjs.org/@esbuild%2faix-ppc64 41ms (cache hit)
321 silly packumentCache full:https://registry.npmjs.org/@esbuild%2faix-ppc64 set size:56029 disposed:false
322 silly fetch manifest @esbuild/linux-x64@0.27.3
323 silly packumentCache full:https://registry.npmjs.org/@esbuild%2flinux-x64 cache-miss
324 http cache https://registry.npmjs.org/@esbuild%2fdarwin-x64 40ms (cache hit)
325 silly packumentCache full:https://registry.npmjs.org/@esbuild%2fdarwin-x64 set size:187924 disposed:false
326 silly fetch manifest @esbuild/netbsd-arm64@0.27.3
327 silly packumentCache full:https://registry.npmjs.org/@esbuild%2fnetbsd-arm64 cache-miss
328 http cache https://registry.npmjs.org/@esbuild%2fandroid-x64 44ms (cache hit)
329 silly packumentCache full:https://registry.npmjs.org/@esbuild%2fandroid-x64 set size:187307 disposed:false
330 silly fetch manifest @esbuild/netbsd-x64@0.27.3
331 silly packumentCache full:https://registry.npmjs.org/@esbuild%2fnetbsd-x64 cache-miss
332 http cache https://registry.npmjs.org/@esbuild%2ffreebsd-arm64 46ms (cache hit)
333 silly packumentCache full:https://registry.npmjs.org/@esbuild%2ffreebsd-arm64 set size:190447 disposed:false
334 silly fetch manifest @esbuild/openbsd-arm64@0.27.3
335 silly packumentCache full:https://registry.npmjs.org/@esbuild%2fopenbsd-arm64 cache-miss
336 http cache https://registry.npmjs.org/@esbuild%2fdarwin-arm64 49ms (cache hit)
337 silly packumentCache full:https://registry.npmjs.org/@esbuild%2fdarwin-arm64 set size:189596 disposed:false
338 silly fetch manifest @esbuild/openbsd-x64@0.27.3
339 silly packumentCache full:https://registry.npmjs.org/@esbuild%2fopenbsd-x64 cache-miss
340 http cache https://registry.npmjs.org/@esbuild%2fandroid-arm 54ms (cache hit)
341 silly packumentCache full:https://registry.npmjs.org/@esbuild%2fandroid-arm set size:213504 disposed:false
342 silly fetch manifest @esbuild/openharmony-arm64@0.27.3
343 silly packumentCache full:https://registry.npmjs.org/@esbuild%2fopenharmony-arm64 cache-miss
344 http cache https://registry.npmjs.org/@esbuild%2flinux-arm 52ms (cache hit)
345 silly packumentCache full:https://registry.npmjs.org/@esbuild%2flinux-arm set size:186917 disposed:false
346 silly fetch manifest @esbuild/sunos-x64@0.27.3
347 silly packumentCache full:https://registry.npmjs.org/@esbuild%2fsunos-x64 cache-miss
348 http cache https://registry.npmjs.org/@esbuild%2flinux-ia32 54ms (cache hit)
349 silly packumentCache full:https://registry.npmjs.org/@esbuild%2flinux-ia32 set size:187877 disposed:false
350 silly fetch manifest @esbuild/win32-arm64@0.27.3
351 silly packumentCache full:https://registry.npmjs.org/@esbuild%2fwin32-arm64 cache-miss
352 http cache https://registry.npmjs.org/@esbuild%2flinux-arm64 57ms (cache hit)
353 silly packumentCache full:https://registry.npmjs.org/@esbuild%2flinux-arm64 set size:188948 disposed:false
354 silly fetch manifest @esbuild/win32-ia32@0.27.3
355 silly packumentCache full:https://registry.npmjs.org/@esbuild%2fwin32-ia32 cache-miss
356 http cache https://registry.npmjs.org/@esbuild%2flinux-riscv64 54ms (cache hit)
357 silly packumentCache full:https://registry.npmjs.org/@esbuild%2flinux-riscv64 set size:190569 disposed:false
358 silly fetch manifest @esbuild/win32-x64@0.27.3
359 silly packumentCache full:https://registry.npmjs.org/@esbuild%2fwin32-x64 cache-miss
360 http cache https://registry.npmjs.org/@esbuild%2ffreebsd-x64 63ms (cache hit)
361 silly packumentCache full:https://registry.npmjs.org/@esbuild%2ffreebsd-x64 set size:188756 disposed:false
362 silly fetch manifest @rollup/rollup-darwin-arm64@4.59.0
363 silly packumentCache full:https://registry.npmjs.org/@rollup%2frollup-darwin-arm64 cache-miss
364 http cache https://registry.npmjs.org/@esbuild%2flinux-mips64el 66ms (cache hit)
365 silly packumentCache full:https://registry.npmjs.org/@esbuild%2flinux-mips64el set size:192558 disposed:false
366 silly fetch manifest @rollup/rollup-android-arm64@4.59.0
367 silly packumentCache full:https://registry.npmjs.org/@rollup%2frollup-android-arm64 cache-miss
368 http cache https://registry.npmjs.org/@esbuild%2flinux-ppc64 66ms (cache hit)
369 silly packumentCache full:https://registry.npmjs.org/@esbuild%2flinux-ppc64 set size:190895 disposed:false
370 silly fetch manifest @rollup/rollup-win32-arm64-msvc@4.59.0
371 silly packumentCache full:https://registry.npmjs.org/@rollup%2frollup-win32-arm64-msvc cache-miss
372 http cache https://registry.npmjs.org/@esbuild%2flinux-loong64 72ms (cache hit)
373 silly packumentCache full:https://registry.npmjs.org/@esbuild%2flinux-loong64 set size:243782 disposed:false
374 silly fetch manifest @rollup/rollup-freebsd-arm64@4.59.0
375 silly packumentCache full:https://registry.npmjs.org/@rollup%2frollup-freebsd-arm64 cache-miss
376 http cache https://registry.npmjs.org/@esbuild%2fnetbsd-x64 57ms (cache hit)
377 silly packumentCache full:https://registry.npmjs.org/@esbuild%2fnetbsd-x64 set size:185730 disposed:false
378 silly fetch manifest @rollup/rollup-linux-arm64-gnu@4.59.0
379 silly packumentCache full:https://registry.npmjs.org/@rollup%2frollup-linux-arm64-gnu cache-miss
380 http cache https://registry.npmjs.org/@esbuild%2flinux-x64 67ms (cache hit)
381 silly packumentCache full:https://registry.npmjs.org/@esbuild%2flinux-x64 set size:187244 disposed:false
382 silly fetch manifest @rollup/rollup-linux-arm64-musl@4.59.0
383 silly packumentCache full:https://registry.npmjs.org/@rollup%2frollup-linux-arm64-musl cache-miss
384 http cache https://registry.npmjs.org/@esbuild%2flinux-s390x 71ms (cache hit)
385 silly packumentCache full:https://registry.npmjs.org/@esbuild%2flinux-s390x set size:190391 disposed:false
386 silly fetch manifest @rollup/rollup-android-arm-eabi@4.59.0
387 silly packumentCache full:https://registry.npmjs.org/@rollup%2frollup-android-arm-eabi cache-miss
388 http cache https://registry.npmjs.org/@esbuild%2fnetbsd-arm64 70ms (cache hit)
389 silly packumentCache full:https://registry.npmjs.org/@esbuild%2fnetbsd-arm64 set size:32428 disposed:false
390 silly fetch manifest @rollup/rollup-linux-arm-gnueabihf@4.59.0
391 silly packumentCache full:https://registry.npmjs.org/@rollup%2frollup-linux-arm-gnueabihf cache-miss
392 http cache https://registry.npmjs.org/@esbuild%2fopenbsd-arm64 66ms (cache hit)
393 silly packumentCache full:https://registry.npmjs.org/@esbuild%2fopenbsd-arm64 set size:37704 disposed:false
394 silly fetch manifest @rollup/rollup-linux-arm-musleabihf@4.59.0
395 silly packumentCache full:https://registry.npmjs.org/@rollup%2frollup-linux-arm-musleabihf cache-miss
396 http cache https://registry.npmjs.org/@esbuild%2fopenbsd-x64 66ms (cache hit)
397 silly packumentCache full:https://registry.npmjs.org/@esbuild%2fopenbsd-x64 set size:188762 disposed:false
398 silly fetch manifest @rollup/rollup-win32-ia32-msvc@4.59.0
399 silly packumentCache full:https://registry.npmjs.org/@rollup%2frollup-win32-ia32-msvc cache-miss
400 http cache https://registry.npmjs.org/@esbuild%2fopenharmony-arm64 66ms (cache hit)
401 silly packumentCache full:https://registry.npmjs.org/@esbuild%2fopenharmony-arm64 set size:21007 disposed:false
402 silly fetch manifest @rollup/rollup-linux-loong64-gnu@4.59.0
403 silly packumentCache full:https://registry.npmjs.org/@rollup%2frollup-linux-loong64-gnu cache-miss
404 http cache https://registry.npmjs.org/@esbuild%2fsunos-x64 66ms (cache hit)
405 silly packumentCache full:https://registry.npmjs.org/@esbuild%2fsunos-x64 set size:187474 disposed:false
406 silly fetch manifest @rollup/rollup-linux-loong64-musl@4.59.0
407 silly packumentCache full:https://registry.npmjs.org/@rollup%2frollup-linux-loong64-musl cache-miss
408 http cache https://registry.npmjs.org/@esbuild%2fwin32-ia32 64ms (cache hit)
409 silly packumentCache full:https://registry.npmjs.org/@esbuild%2fwin32-ia32 set size:188094 disposed:false
410 silly fetch manifest @rollup/rollup-linux-riscv64-gnu@4.59.0
411 silly packumentCache full:https://registry.npmjs.org/@rollup%2frollup-linux-riscv64-gnu cache-miss
412 http cache https://registry.npmjs.org/@rollup%2frollup-darwin-arm64 63ms (cache hit)
413 silly packumentCache full:https://registry.npmjs.org/@rollup%2frollup-darwin-arm64 set size:326593 disposed:false
414 silly fetch manifest @rollup/rollup-linux-riscv64-musl@4.59.0
415 silly packumentCache full:https://registry.npmjs.org/@rollup%2frollup-linux-riscv64-musl cache-miss
416 http cache https://registry.npmjs.org/@esbuild%2fwin32-arm64 74ms (cache hit)
417 silly packumentCache full:https://registry.npmjs.org/@esbuild%2fwin32-arm64 set size:189169 disposed:false
418 silly fetch manifest @rollup/rollup-linux-ppc64-gnu@4.59.0
419 silly packumentCache full:https://registry.npmjs.org/@rollup%2frollup-linux-ppc64-gnu cache-miss
420 http cache https://registry.npmjs.org/@esbuild%2fwin32-x64 72ms (cache hit)
421 silly packumentCache full:https://registry.npmjs.org/@esbuild%2fwin32-x64 set size:187476 disposed:false
422 silly fetch manifest @rollup/rollup-linux-ppc64-musl@4.59.0
423 silly packumentCache full:https://registry.npmjs.org/@rollup%2frollup-linux-ppc64-musl cache-miss
424 http cache https://registry.npmjs.org/@rollup%2frollup-android-arm64 67ms (cache hit)
425 silly packumentCache full:https://registry.npmjs.org/@rollup%2frollup-android-arm64 set size:328041 disposed:false
426 silly fetch manifest @rollup/rollup-linux-s390x-gnu@4.59.0
427 silly packumentCache full:https://registry.npmjs.org/@rollup%2frollup-linux-s390x-gnu cache-miss
428 http cache https://registry.npmjs.org/@rollup%2frollup-win32-arm64-msvc 68ms (cache hit)
429 silly packumentCache full:https://registry.npmjs.org/@rollup%2frollup-win32-arm64-msvc set size:331325 disposed:false
430 silly fetch manifest @rollup/rollup-darwin-x64@4.59.0
431 silly packumentCache full:https://registry.npmjs.org/@rollup%2frollup-darwin-x64 cache-miss
432 http cache https://registry.npmjs.org/@rollup%2frollup-freebsd-arm64 72ms (cache hit)
433 silly packumentCache full:https://registry.npmjs.org/@rollup%2frollup-freebsd-arm64 set size:176248 disposed:false
434 silly fetch manifest @rollup/rollup-win32-x64-gnu@4.59.0
435 silly packumentCache full:https://registry.npmjs.org/@rollup%2frollup-win32-x64-gnu cache-miss
436 http cache https://registry.npmjs.org/@rollup%2frollup-linux-arm64-gnu 67ms (cache hit)
437 silly packumentCache full:https://registry.npmjs.org/@rollup%2frollup-linux-arm64-gnu set size:333515 disposed:false
438 silly fetch manifest @rollup/rollup-win32-x64-msvc@4.59.0
439 silly packumentCache full:https://registry.npmjs.org/@rollup%2frollup-win32-x64-msvc cache-miss
440 http cache https://registry.npmjs.org/@rollup%2frollup-linux-arm-gnueabihf 67ms (cache hit)
441 silly packumentCache full:https://registry.npmjs.org/@rollup%2frollup-linux-arm-gnueabihf set size:336850 disposed:false
442 silly fetch manifest @rollup/rollup-freebsd-x64@4.59.0
443 silly packumentCache full:https://registry.npmjs.org/@rollup%2frollup-freebsd-x64 cache-miss
444 http cache https://registry.npmjs.org/@rollup%2frollup-linux-arm64-musl 75ms (cache hit)
445 silly packumentCache full:https://registry.npmjs.org/@rollup%2frollup-linux-arm64-musl set size:288863 disposed:false
446 silly fetch manifest @rollup/rollup-linux-x64-gnu@4.59.0
447 silly packumentCache full:https://registry.npmjs.org/@rollup%2frollup-linux-x64-gnu cache-miss
448 http cache https://registry.npmjs.org/@rollup%2frollup-android-arm-eabi 77ms (cache hit)
449 silly packumentCache full:https://registry.npmjs.org/@rollup%2frollup-android-arm-eabi set size:331331 disposed:false
450 silly fetch manifest @rollup/rollup-linux-x64-musl@4.59.0
451 silly packumentCache full:https://registry.npmjs.org/@rollup%2frollup-linux-x64-musl cache-miss
452 http cache https://registry.npmjs.org/@rollup%2frollup-linux-arm-musleabihf 77ms (cache hit)
453 silly packumentCache full:https://registry.npmjs.org/@rollup%2frollup-linux-arm-musleabihf set size:230992 disposed:false
454 silly fetch manifest @rollup/rollup-openbsd-x64@4.59.0
455 silly packumentCache full:https://registry.npmjs.org/@rollup%2frollup-openbsd-x64 cache-miss
456 http cache https://registry.npmjs.org/@rollup%2frollup-linux-loong64-gnu 74ms (cache hit)
457 silly packumentCache full:https://registry.npmjs.org/@rollup%2frollup-linux-loong64-gnu set size:57876 disposed:false
458 silly fetch manifest @rollup/rollup-openharmony-arm64@4.59.0
459 silly packumentCache full:https://registry.npmjs.org/@rollup%2frollup-openharmony-arm64 cache-miss
460 http cache https://registry.npmjs.org/@rollup%2frollup-linux-loong64-musl 73ms (cache hit)
461 silly packumentCache full:https://registry.npmjs.org/@rollup%2frollup-linux-loong64-musl set size:19845 disposed:false
462 http cache https://registry.npmjs.org/@rollup%2frollup-win32-ia32-msvc 80ms (cache hit)
463 silly packumentCache full:https://registry.npmjs.org/@rollup%2frollup-win32-ia32-msvc set size:329889 disposed:false
464 http cache https://registry.npmjs.org/@rollup%2frollup-linux-riscv64-gnu 74ms (cache hit)
465 silly packumentCache full:https://registry.npmjs.org/@rollup%2frollup-linux-riscv64-gnu set size:259562 disposed:false
466 http cache https://registry.npmjs.org/@rollup%2frollup-linux-riscv64-musl 73ms (cache hit)
467 silly packumentCache full:https://registry.npmjs.org/@rollup%2frollup-linux-riscv64-musl set size:105510 disposed:false
468 http cache https://registry.npmjs.org/@rollup%2frollup-linux-ppc64-gnu 73ms (cache hit)
469 silly packumentCache full:https://registry.npmjs.org/@rollup%2frollup-linux-ppc64-gnu set size:78190 disposed:false
470 http cache https://registry.npmjs.org/@rollup%2frollup-linux-ppc64-musl 71ms (cache hit)
471 silly packumentCache full:https://registry.npmjs.org/@rollup%2frollup-linux-ppc64-musl set size:19680 disposed:false
472 http cache https://registry.npmjs.org/@rollup%2frollup-linux-s390x-gnu 69ms (cache hit)
473 silly packumentCache full:https://registry.npmjs.org/@rollup%2frollup-linux-s390x-gnu set size:233358 disposed:false
474 http cache https://registry.npmjs.org/@rollup%2frollup-darwin-x64 68ms (cache hit)
475 silly packumentCache full:https://registry.npmjs.org/@rollup%2frollup-darwin-x64 set size:321884 disposed:false
476 http cache https://registry.npmjs.org/@rollup%2frollup-win32-x64-gnu 64ms (cache hit)
477 silly packumentCache full:https://registry.npmjs.org/@rollup%2frollup-win32-x64-gnu set size:49709 disposed:false
478 http cache https://registry.npmjs.org/@rollup%2frollup-linux-x64-gnu 44ms (cache hit)
479 silly packumentCache full:https://registry.npmjs.org/@rollup%2frollup-linux-x64-gnu set size:328744 disposed:false
480 http cache https://registry.npmjs.org/@rollup%2frollup-linux-x64-musl 44ms (cache hit)
481 silly packumentCache full:https://registry.npmjs.org/@rollup%2frollup-linux-x64-musl set size:328061 disposed:false
482 http cache https://registry.npmjs.org/@rollup%2frollup-freebsd-x64 55ms (cache hit)
483 silly packumentCache full:https://registry.npmjs.org/@rollup%2frollup-freebsd-x64 set size:174438 disposed:false
484 http cache https://registry.npmjs.org/@rollup%2frollup-win32-x64-msvc 65ms (cache hit)
485 silly packumentCache full:https://registry.npmjs.org/@rollup%2frollup-win32-x64-msvc set size:326588 disposed:false
486 http cache https://registry.npmjs.org/@rollup%2frollup-openbsd-x64 48ms (cache hit)
487 silly packumentCache full:https://registry.npmjs.org/@rollup%2frollup-openbsd-x64 set size:19171 disposed:false
488 http cache https://registry.npmjs.org/@rollup%2frollup-openharmony-arm64 46ms (cache hit)
489 silly packumentCache full:https://registry.npmjs.org/@rollup%2frollup-openharmony-arm64 set size:58833 disposed:false
490 silly placeDep ROOT @esbuild/aix-ppc64@0.27.3 OK for: esbuild@0.27.3 want: 0.27.3
491 silly placeDep ROOT @esbuild/android-arm@0.27.3 OK for: esbuild@0.27.3 want: 0.27.3
492 silly placeDep ROOT @esbuild/android-arm64@0.27.3 OK for: esbuild@0.27.3 want: 0.27.3
493 silly placeDep ROOT @esbuild/android-x64@0.27.3 OK for: esbuild@0.27.3 want: 0.27.3
494 silly placeDep ROOT @esbuild/darwin-arm64@0.27.3 OK for: esbuild@0.27.3 want: 0.27.3
495 silly placeDep ROOT @esbuild/darwin-x64@0.27.3 OK for: esbuild@0.27.3 want: 0.27.3
496 silly placeDep ROOT @esbuild/freebsd-arm64@0.27.3 OK for: esbuild@0.27.3 want: 0.27.3
497 silly placeDep ROOT @esbuild/freebsd-x64@0.27.3 OK for: esbuild@0.27.3 want: 0.27.3
498 silly placeDep ROOT @esbuild/linux-arm@0.27.3 OK for: esbuild@0.27.3 want: 0.27.3
499 silly placeDep ROOT @esbuild/linux-arm64@0.27.3 OK for: esbuild@0.27.3 want: 0.27.3
500 silly placeDep ROOT @esbuild/linux-ia32@0.27.3 OK for: esbuild@0.27.3 want: 0.27.3
501 silly placeDep ROOT @esbuild/linux-loong64@0.27.3 OK for: esbuild@0.27.3 want: 0.27.3
502 silly placeDep ROOT @esbuild/linux-mips64el@0.27.3 OK for: esbuild@0.27.3 want: 0.27.3
503 silly placeDep ROOT @esbuild/linux-ppc64@0.27.3 OK for: esbuild@0.27.3 want: 0.27.3
504 silly placeDep ROOT @esbuild/linux-riscv64@0.27.3 OK for: esbuild@0.27.3 want: 0.27.3
505 silly placeDep ROOT @esbuild/linux-s390x@0.27.3 OK for: esbuild@0.27.3 want: 0.27.3
506 silly placeDep ROOT @esbuild/linux-x64@0.27.3 OK for: esbuild@0.27.3 want: 0.27.3
507 silly placeDep ROOT @esbuild/netbsd-arm64@0.27.3 OK for: esbuild@0.27.3 want: 0.27.3
508 silly placeDep ROOT @esbuild/netbsd-x64@0.27.3 OK for: esbuild@0.27.3 want: 0.27.3
509 silly placeDep ROOT @esbuild/openbsd-arm64@0.27.3 OK for: esbuild@0.27.3 want: 0.27.3
510 silly placeDep ROOT @esbuild/openbsd-x64@0.27.3 OK for: esbuild@0.27.3 want: 0.27.3
511 silly placeDep ROOT @esbuild/openharmony-arm64@0.27.3 OK for: esbuild@0.27.3 want: 0.27.3
512 silly placeDep ROOT @esbuild/sunos-x64@0.27.3 OK for: esbuild@0.27.3 want: 0.27.3
513 silly placeDep ROOT @esbuild/win32-arm64@0.27.3 OK for: esbuild@0.27.3 want: 0.27.3
514 silly placeDep ROOT @esbuild/win32-ia32@0.27.3 OK for: esbuild@0.27.3 want: 0.27.3
515 silly placeDep ROOT @esbuild/win32-x64@0.27.3 OK for: esbuild@0.27.3 want: 0.27.3
516 silly placeDep ROOT @rollup/rollup-android-arm-eabi@4.59.0 OK for: rollup@4.59.0 want: 4.59.0
517 silly placeDep ROOT @rollup/rollup-android-arm64@4.59.0 OK for: rollup@4.59.0 want: 4.59.0
518 silly placeDep ROOT @rollup/rollup-darwin-arm64@4.59.0 OK for: rollup@4.59.0 want: 4.59.0
519 silly placeDep ROOT @rollup/rollup-darwin-x64@4.59.0 OK for: rollup@4.59.0 want: 4.59.0
520 silly placeDep ROOT @rollup/rollup-freebsd-arm64@4.59.0 OK for: rollup@4.59.0 want: 4.59.0
521 silly placeDep ROOT @rollup/rollup-freebsd-x64@4.59.0 OK for: rollup@4.59.0 want: 4.59.0
522 silly placeDep ROOT @rollup/rollup-linux-arm-gnueabihf@4.59.0 OK for: rollup@4.59.0 want: 4.59.0
523 silly placeDep ROOT @rollup/rollup-linux-arm-musleabihf@4.59.0 OK for: rollup@4.59.0 want: 4.59.0
524 silly placeDep ROOT @rollup/rollup-linux-arm64-gnu@4.59.0 OK for: rollup@4.59.0 want: 4.59.0
525 silly placeDep ROOT @rollup/rollup-linux-arm64-musl@4.59.0 OK for: rollup@4.59.0 want: 4.59.0
526 silly placeDep ROOT @rollup/rollup-linux-loong64-gnu@4.59.0 OK for: rollup@4.59.0 want: 4.59.0
527 silly placeDep ROOT @rollup/rollup-linux-loong64-musl@4.59.0 OK for: rollup@4.59.0 want: 4.59.0
528 silly placeDep ROOT @rollup/rollup-linux-ppc64-gnu@4.59.0 OK for: rollup@4.59.0 want: 4.59.0
529 silly placeDep ROOT @rollup/rollup-linux-ppc64-musl@4.59.0 OK for: rollup@4.59.0 want: 4.59.0
530 silly placeDep ROOT @rollup/rollup-linux-riscv64-gnu@4.59.0 OK for: rollup@4.59.0 want: 4.59.0
531 silly placeDep ROOT @rollup/rollup-linux-riscv64-musl@4.59.0 OK for: rollup@4.59.0 want: 4.59.0
532 silly placeDep ROOT @rollup/rollup-linux-s390x-gnu@4.59.0 OK for: rollup@4.59.0 want: 4.59.0
533 silly placeDep ROOT @rollup/rollup-linux-x64-gnu@4.59.0 OK for: rollup@4.59.0 want: 4.59.0
534 silly placeDep ROOT @rollup/rollup-linux-x64-musl@4.59.0 OK for: rollup@4.59.0 want: 4.59.0
535 silly placeDep ROOT @rollup/rollup-openbsd-x64@4.59.0 OK for: rollup@4.59.0 want: 4.59.0
536 silly placeDep ROOT @rollup/rollup-openharmony-arm64@4.59.0 OK for: rollup@4.59.0 want: 4.59.0
537 silly placeDep ROOT @rollup/rollup-win32-arm64-msvc@4.59.0 OK for: rollup@4.59.0 want: 4.59.0
538 silly placeDep ROOT @rollup/rollup-win32-ia32-msvc@4.59.0 OK for: rollup@4.59.0 want: 4.59.0
539 silly placeDep ROOT @rollup/rollup-win32-x64-gnu@4.59.0 OK for: rollup@4.59.0 want: 4.59.0
540 silly placeDep ROOT @rollup/rollup-win32-x64-msvc@4.59.0 OK for: rollup@4.59.0 want: 4.59.0
541 silly placeDep ROOT siginfo@2.0.0 OK for: why-is-node-running@2.3.0 want: ^2.0.0
542 silly placeDep ROOT stackback@0.0.2 OK for: why-is-node-running@2.3.0 want: 0.0.2
543 silly reify moves {}
544 silly audit bulk request {
544 silly audit   '@babel/code-frame': [ '7.29.0' ],
544 silly audit   '@babel/compat-data': [ '7.29.0' ],
544 silly audit   '@babel/core': [ '7.29.0' ],
544 silly audit   '@babel/generator': [ '7.29.1' ],
544 silly audit   '@babel/helper-compilation-targets': [ '7.28.6' ],
544 silly audit   '@babel/helper-globals': [ '7.28.0' ],
544 silly audit   '@babel/helper-module-imports': [ '7.28.6' ],
544 silly audit   '@babel/helper-module-transforms': [ '7.28.6' ],
544 silly audit   '@babel/helper-string-parser': [ '7.27.1' ],
544 silly audit   '@babel/helper-validator-identifier': [ '7.28.5' ],
544 silly audit   '@babel/helper-validator-option': [ '7.27.1' ],
544 silly audit   '@babel/helpers': [ '7.28.6' ],
544 silly audit   '@babel/parser': [ '7.29.0' ],
544 silly audit   '@babel/template': [ '7.28.6' ],
544 silly audit   '@babel/traverse': [ '7.29.0' ],
544 silly audit   '@babel/types': [ '7.29.0' ],
544 silly audit   '@emnapi/core': [ '1.8.1' ],
544 silly audit   '@emnapi/runtime': [ '1.8.1' ],
544 silly audit   '@emnapi/wasi-threads': [ '1.1.0' ],
544 silly audit   '@eslint-community/eslint-utils': [ '4.9.1' ],
544 silly audit   'eslint-visitor-keys': [ '3.4.3', '5.0.1', '4.2.1' ],
544 silly audit   '@eslint-community/regexpp': [ '4.12.2' ],
544 silly audit   '@eslint/config-array': [ '0.21.1' ],
544 silly audit   '@eslint/config-helpers': [ '0.4.2' ],
544 silly audit   '@eslint/core': [ '0.17.0' ],
544 silly audit   '@eslint/eslintrc': [ '3.3.4' ],
544 silly audit   '@eslint/js': [ '9.39.3' ],
544 silly audit   '@eslint/object-schema': [ '2.1.7' ],
544 silly audit   '@eslint/plugin-kit': [ '0.4.1' ],
544 silly audit   '@humanfs/core': [ '0.19.1' ],
544 silly audit   '@humanfs/node': [ '0.16.7' ],
544 silly audit   '@humanwhocodes/module-importer': [ '1.0.1' ],
544 silly audit   '@humanwhocodes/retry': [ '0.4.3' ],
544 silly audit   '@img/colour': [ '1.0.0' ],
544 silly audit   '@img/sharp-darwin-arm64': [ '0.34.5' ],
544 silly audit   '@img/sharp-darwin-x64': [ '0.34.5' ],
544 silly audit   '@img/sharp-libvips-darwin-arm64': [ '1.2.4' ],
544 silly audit   '@img/sharp-libvips-darwin-x64': [ '1.2.4' ],
544 silly audit   '@img/sharp-libvips-linux-arm': [ '1.2.4' ],
544 silly audit   '@img/sharp-libvips-linux-arm64': [ '1.2.4' ],
544 silly audit   '@img/sharp-libvips-linux-ppc64': [ '1.2.4' ],
544 silly audit   '@img/sharp-libvips-linux-riscv64': [ '1.2.4' ],
544 silly audit   '@img/sharp-libvips-linux-s390x': [ '1.2.4' ],
544 silly audit   '@img/sharp-libvips-linux-x64': [ '1.2.4' ],
544 silly audit   '@img/sharp-libvips-linuxmusl-arm64': [ '1.2.4' ],
544 silly audit   '@img/sharp-libvips-linuxmusl-x64': [ '1.2.4' ],
544 silly audit   '@img/sharp-linux-arm': [ '0.34.5' ],
544 silly audit   '@img/sharp-linux-arm64': [ '0.34.5' ],
544 silly audit   '@img/sharp-linux-ppc64': [ '0.34.5' ],
544 silly audit   '@img/sharp-linux-riscv64': [ '0.34.5' ],
544 silly audit   '@img/sharp-linux-s390x': [ '0.34.5' ],
544 silly audit   '@img/sharp-linux-x64': [ '0.34.5' ],
544 silly audit   '@img/sharp-linuxmusl-arm64': [ '0.34.5' ],
544 silly audit   '@img/sharp-linuxmusl-x64': [ '0.34.5' ],
544 silly audit   '@img/sharp-wasm32': [ '0.34.5' ],
544 silly audit   '@img/sharp-win32-arm64': [ '0.34.5' ],
544 silly audit   '@img/sharp-win32-ia32': [ '0.34.5' ],
544 silly audit   '@img/sharp-win32-x64': [ '0.34.5' ],
544 silly audit   '@jridgewell/gen-mapping': [ '0.3.13' ],
544 silly audit   '@jridgewell/remapping': [ '2.3.5' ],
544 silly audit   '@jridgewell/resolve-uri': [ '3.1.2' ],
544 silly audit   '@jridgewell/sourcemap-codec': [ '1.5.5' ],
544 silly audit   '@jridgewell/trace-mapping': [ '0.3.31' ],
544 silly audit   '@napi-rs/wasm-runtime': [ '0.2.12' ],
544 silly audit   '@next/env': [ '16.1.6' ],
544 silly audit   '@next/eslint-plugin-next': [ '16.1.6' ],
544 silly audit   '@next/swc-darwin-arm64': [ '16.1.6' ],
544 silly audit   '@next/swc-darwin-x64': [ '16.1.6' ],
544 silly audit   '@next/swc-linux-arm64-gnu': [ '16.1.6' ],
544 silly audit   '@next/swc-linux-arm64-musl': [ '16.1.6' ],
544 silly audit   '@next/swc-linux-x64-gnu': [ '16.1.6' ],
544 silly audit   '@next/swc-linux-x64-musl': [ '16.1.6' ],
544 silly audit   '@next/swc-win32-arm64-msvc': [ '16.1.6' ],
544 silly audit   '@next/swc-win32-x64-msvc': [ '16.1.6' ],
544 silly audit   '@nodelib/fs.scandir': [ '2.1.5' ],
544 silly audit   '@nodelib/fs.stat': [ '2.0.5' ],
544 silly audit   '@nodelib/fs.walk': [ '1.2.8' ],
544 silly audit   '@nolyfill/is-core-module': [ '1.0.39' ],
544 silly audit   '@rtsao/scc': [ '1.1.0' ],
544 silly audit   '@supabase/auth-js': [ '2.97.0' ],
544 silly audit   '@supabase/functions-js': [ '2.97.0' ],
544 silly audit   '@supabase/postgrest-js': [ '2.97.0' ],
544 silly audit   '@supabase/realtime-js': [ '2.97.0' ],
544 silly audit   '@supabase/ssr': [ '0.6.1' ],
544 silly audit   '@supabase/storage-js': [ '2.97.0' ],
544 silly audit   '@supabase/supabase-js': [ '2.97.0' ],
544 silly audit   '@swc/helpers': [ '0.5.15' ],
544 silly audit   '@tybys/wasm-util': [ '0.10.1' ],
544 silly audit   '@types/estree': [ '1.0.8' ],
544 silly audit   '@types/json-schema': [ '7.0.15' ],
544 silly audit   '@types/json5': [ '0.0.29' ],
544 silly audit   '@types/node': [ '20.19.34' ],
544 silly audit   '@types/phoenix': [ '1.6.7' ],
544 silly audit   '@types/react': [ '19.2.14' ],
544 silly audit   '@types/react-dom': [ '19.2.3' ],
544 silly audit   '@types/ws': [ '8.18.1' ],
544 silly audit   '@typescript-eslint/eslint-plugin': [ '8.56.1' ],
544 silly audit   ignore: [ '7.0.5', '5.3.2' ],
544 silly audit   '@typescript-eslint/parser': [ '8.56.1' ],
544 silly audit   '@typescript-eslint/project-service': [ '8.56.1' ],
544 silly audit   '@typescript-eslint/scope-manager': [ '8.56.1' ],
544 silly audit   '@typescript-eslint/tsconfig-utils': [ '8.56.1' ],
544 silly audit   '@typescript-eslint/type-utils': [ '8.56.1' ],
544 silly audit   '@typescript-eslint/types': [ '8.56.1' ],
544 silly audit   '@typescript-eslint/typescript-estree': [ '8.56.1' ],
544 silly audit   'balanced-match': [ '4.0.4', '1.0.2' ],
544 silly audit   'brace-expansion': [ '5.0.3', '1.1.12' ],
544 silly audit   minimatch: [ '10.2.4', '3.1.5' ],
544 silly audit   semver: [ '7.7.4', '6.3.1' ],
544 silly audit   '@typescript-eslint/utils': [ '8.56.1' ],
544 silly audit   '@typescript-eslint/visitor-keys': [ '8.56.1' ],
544 silly audit   '@unrs/resolver-binding-android-arm-eabi': [ '1.11.1' ],
544 silly audit   '@unrs/resolver-binding-android-arm64': [ '1.11.1' ],
544 silly audit   '@unrs/resolver-binding-darwin-arm64': [ '1.11.1' ],
544 silly audit   '@unrs/resolver-binding-darwin-x64': [ '1.11.1' ],
544 silly audit   '@unrs/resolver-binding-freebsd-x64': [ '1.11.1' ],
544 silly audit   '@unrs/resolver-binding-linux-arm-gnueabihf': [ '1.11.1' ],
544 silly audit   '@unrs/resolver-binding-linux-arm-musleabihf': [ '1.11.1' ],
544 silly audit   '@unrs/resolver-binding-linux-arm64-gnu': [ '1.11.1' ],
544 silly audit   '@unrs/resolver-binding-linux-arm64-musl': [ '1.11.1' ],
544 silly audit   '@unrs/resolver-binding-linux-ppc64-gnu': [ '1.11.1' ],
544 silly audit   '@unrs/resolver-binding-linux-riscv64-gnu': [ '1.11.1' ],
544 silly audit   '@unrs/resolver-binding-linux-riscv64-musl': [ '1.11.1' ],
544 silly audit   '@unrs/resolver-binding-linux-s390x-gnu': [ '1.11.1' ],
544 silly audit   '@unrs/resolver-binding-linux-x64-gnu': [ '1.11.1' ],
544 silly audit   '@unrs/resolver-binding-linux-x64-musl': [ '1.11.1' ],
544 silly audit   '@unrs/resolver-binding-wasm32-wasi': [ '1.11.1' ],
544 silly audit   '@unrs/resolver-binding-win32-arm64-msvc': [ '1.11.1' ],
544 silly audit   '@unrs/resolver-binding-win32-ia32-msvc': [ '1.11.1' ],
544 silly audit   '@unrs/resolver-binding-win32-x64-msvc': [ '1.11.1' ],
544 silly audit   acorn: [ '8.16.0' ],
544 silly audit   'acorn-jsx': [ '5.3.2' ],
544 silly audit   ajv: [ '6.14.0' ],
544 silly audit   'ansi-styles': [ '4.3.0' ],
544 silly audit   argparse: [ '2.0.1' ],
544 silly audit   'aria-query': [ '5.3.2' ],
544 silly audit   'array-buffer-byte-length': [ '1.0.2' ],
544 silly audit   'array-includes': [ '3.1.9' ],
544 silly audit   'array.prototype.findlast': [ '1.2.5' ],
544 silly audit   'array.prototype.findlastindex': [ '1.2.6' ],
544 silly audit   'array.prototype.flat': [ '1.3.3' ],
544 silly audit   'array.prototype.flatmap': [ '1.3.3' ],
544 silly audit   'array.prototype.tosorted': [ '1.1.4' ],
544 silly audit   'arraybuffer.prototype.slice': [ '1.0.4' ],
544 silly audit   'ast-types-flow': [ '0.0.8' ],
544 silly audit   'async-function': [ '1.0.0' ],
544 silly audit   'available-typed-arrays': [ '1.0.7' ],
544 silly audit   'axe-core': [ '4.11.1' ],
544 silly audit   'axobject-query': [ '4.1.0' ],
544 silly audit   'baseline-browser-mapping': [ '2.10.0' ],
544 silly audit   braces: [ '3.0.3' ],
544 silly audit   browserslist: [ '4.28.1' ],
544 silly audit   'call-bind': [ '1.0.8' ],
544 silly audit   'call-bind-apply-helpers': [ '1.0.2' ],
544 silly audit   'call-bound': [ '1.0.4' ],
544 silly audit   callsites: [ '3.1.0' ],
544 silly audit   'caniuse-lite': [ '1.0.30001774' ],
544 silly audit   chalk: [ '4.1.2' ],
544 silly audit   'client-only': [ '0.0.1' ],
544 silly audit   'color-convert': [ '2.0.1' ],
544 silly audit   'color-name': [ '1.1.4' ],
544 silly audit   'concat-map': [ '0.0.1' ],
544 silly audit   'convert-source-map': [ '2.0.0' ],
544 silly audit   cookie: [ '1.1.1' ],
544 silly audit   'cross-spawn': [ '7.0.6' ],
544 silly audit   csstype: [ '3.2.3' ],
544 silly audit   'damerau-levenshtein': [ '1.0.8' ],
544 silly audit   'data-view-buffer': [ '1.0.2' ],
544 silly audit   'data-view-byte-length': [ '1.0.2' ],
544 silly audit   'data-view-byte-offset': [ '1.0.1' ],
544 silly audit   debug: [ '4.4.3', '3.2.7' ],
544 silly audit   'deep-is': [ '0.1.4' ],
544 silly audit   'define-data-property': [ '1.1.4' ],
544 silly audit   'define-properties': [ '1.2.1' ],
544 silly audit   'detect-libc': [ '2.1.2' ],
544 silly audit   doctrine: [ '2.1.0' ],
544 silly audit   'dunder-proto': [ '1.0.1' ],
544 silly audit   'electron-to-chromium': [ '1.5.302' ],
544 silly audit   'emoji-regex': [ '9.2.2' ],
544 silly audit   'es-abstract': [ '1.24.1' ],
544 silly audit   'es-define-property': [ '1.0.1' ],
544 silly audit   'es-errors': [ '1.3.0' ],
544 silly audit   'es-iterator-helpers': [ '1.2.2' ],
544 silly audit   'es-object-atoms': [ '1.1.1' ],
544 silly audit   'es-set-tostringtag': [ '2.1.0' ],
544 silly audit   'es-shim-unscopables': [ '1.1.0' ],
544 silly audit   'es-to-primitive': [ '1.3.0' ],
544 silly audit   escalade: [ '3.2.0' ],
544 silly audit   'escape-string-regexp': [ '4.0.0' ],
544 silly audit   eslint: [ '9.39.3' ],
544 silly audit   'eslint-config-next': [ '16.1.6' ],
544 silly audit   globals: [ '16.4.0', '14.0.0' ],
544 silly audit   'eslint-import-resolver-node': [ '0.3.9' ],
544 silly audit   'eslint-import-resolver-typescript': [ '3.10.1' ],
544 silly audit   'eslint-module-utils': [ '2.12.1' ],
544 silly audit   'eslint-plugin-import': [ '2.32.0' ],
544 silly audit   'eslint-plugin-jsx-a11y': [ '6.10.2' ],
544 silly audit   'eslint-plugin-react': [ '7.37.5' ],
544 silly audit   'eslint-plugin-react-hooks': [ '7.0.1' ],
544 silly audit   resolve: [ '2.0.0-next.6', '1.22.11' ],
544 silly audit   'eslint-scope': [ '8.4.0' ],
544 silly audit   espree: [ '10.4.0' ],
544 silly audit   esquery: [ '1.7.0' ],
544 silly audit   esrecurse: [ '4.3.0' ],
544 silly audit   estraverse: [ '5.3.0' ],
544 silly audit   esutils: [ '2.0.3' ],
544 silly audit   'fast-deep-equal': [ '3.1.3' ],
544 silly audit   'fast-glob': [ '3.3.1' ],
544 silly audit   'glob-parent': [ '5.1.2', '6.0.2' ],
544 silly audit   'fast-json-stable-stringify': [ '2.1.0' ],
544 silly audit   'fast-levenshtein': [ '2.0.6' ],
544 silly audit   fastq: [ '1.20.1' ],
544 silly audit   'file-entry-cache': [ '8.0.0' ],
544 silly audit   'fill-range': [ '7.1.1' ],
544 silly audit   'find-up': [ '5.0.0' ],
544 silly audit   'flat-cache': [ '4.0.1' ],
544 silly audit   flatted: [ '3.3.3' ],
544 silly audit   'for-each': [ '0.3.5' ],
544 silly audit   'function-bind': [ '1.1.2' ],
544 silly audit   'function.prototype.name': [ '1.1.8' ],
544 silly audit   'functions-have-names': [ '1.2.3' ],
544 silly audit   'generator-function': [ '2.0.1' ],
544 silly audit   gensync: [ '1.0.0-beta.2' ],
544 silly audit   'get-intrinsic': [ '1.3.0' ],
544 silly audit   'get-proto': [ '1.0.1' ],
544 silly audit   'get-symbol-description': [ '1.1.0' ],
544 silly audit   'get-tsconfig': [ '4.13.6' ],
544 silly audit   globalthis: [ '1.0.4' ],
544 silly audit   gopd: [ '1.2.0' ],
544 silly audit   'has-bigints': [ '1.1.0' ],
544 silly audit   'has-flag': [ '4.0.0' ],
544 silly audit   'has-property-descriptors': [ '1.0.2' ],
544 silly audit   'has-proto': [ '1.2.0' ],
544 silly audit   'has-symbols': [ '1.1.0' ],
544 silly audit   'has-tostringtag': [ '1.0.2' ],
544 silly audit   hasown: [ '2.0.2' ],
544 silly audit   'hermes-estree': [ '0.25.1' ],
544 silly audit   'hermes-parser': [ '0.25.1' ],
544 silly audit   'iceberg-js': [ '0.8.1' ],
544 silly audit   'import-fresh': [ '3.3.1' ],
544 silly audit   imurmurhash: [ '0.1.4' ],
544 silly audit   'internal-slot': [ '1.1.0' ],
544 silly audit   'is-array-buffer': [ '3.0.5' ],
544 silly audit   'is-async-function': [ '2.1.1' ],
544 silly audit   'is-bigint': [ '1.1.0' ],
544 silly audit   'is-boolean-object': [ '1.2.2' ],
544 silly audit   'is-bun-module': [ '2.0.0' ],
544 silly audit   'is-callable': [ '1.2.7' ],
544 silly audit   'is-core-module': [ '2.16.1' ],
544 silly audit   'is-data-view': [ '1.0.2' ],
544 silly audit   'is-date-object': [ '1.1.0' ],
544 silly audit   'is-extglob': [ '2.1.1' ],
544 silly audit   'is-finalizationregistry': [ '1.1.1' ],
544 silly audit   'is-generator-function': [ '1.1.2' ],
544 silly audit   'is-glob': [ '4.0.3' ],
544 silly audit   'is-map': [ '2.0.3' ],
544 silly audit   'is-negative-zero': [ '2.0.3' ],
544 silly audit   'is-number': [ '7.0.0' ],
544 silly audit   'is-number-object': [ '1.1.1' ],
544 silly audit   'is-regex': [ '1.2.1' ],
544 silly audit   'is-set': [ '2.0.3' ],
544 silly audit   'is-shared-array-buffer': [ '1.0.4' ],
544 silly audit   'is-string': [ '1.1.1' ],
544 silly audit   'is-symbol': [ '1.1.1' ],
544 silly audit   'is-typed-array': [ '1.1.15' ],
544 silly audit   'is-weakmap': [ '2.0.2' ],
544 silly audit   'is-weakref': [ '1.1.1' ],
544 silly audit   'is-weakset': [ '2.0.4' ],
544 silly audit   isarray: [ '2.0.5' ],
544 silly audit   isexe: [ '2.0.0' ],
544 silly audit   'iterator.prototype': [ '1.1.5' ],
544 silly audit   'js-tokens': [ '4.0.0' ],
544 silly audit   'js-yaml': [ '4.1.1' ],
544 silly audit   jsesc: [ '3.1.0' ],
544 silly audit   'json-buffer': [ '3.0.1' ],
544 silly audit   'json-schema-traverse': [ '0.4.1' ],
544 silly audit   'json-stable-stringify-without-jsonify': [ '1.0.1' ],
544 silly audit   json5: [ '2.2.3', '1.0.2' ],
544 silly audit   'jsx-ast-utils': [ '3.3.5' ],
544 silly audit   keyv: [ '4.5.4' ],
544 silly audit   'language-subtag-registry': [ '0.3.23' ],
544 silly audit   'language-tags': [ '1.0.9' ],
544 silly audit   levn: [ '0.4.1' ],
544 silly audit   'locate-path': [ '6.0.0' ],
544 silly audit   'lodash.merge': [ '4.6.2' ],
544 silly audit   'loose-envify': [ '1.4.0' ],
544 silly audit   'lru-cache': [ '5.1.1' ],
544 silly audit   'math-intrinsics': [ '1.1.0' ],
544 silly audit   merge2: [ '1.4.1' ],
544 silly audit   micromatch: [ '4.0.8' ],
544 silly audit   minimist: [ '1.2.8' ],
544 silly audit   ms: [ '2.1.3' ],
544 silly audit   nanoid: [ '3.3.11' ],
544 silly audit   'napi-postinstall': [ '0.3.4' ],
544 silly audit   'natural-compare': [ '1.4.0' ],
544 silly audit   next: [ '16.1.6' ],
544 silly audit   'node-exports-info': [ '1.6.0' ],
544 silly audit   'node-releases': [ '2.0.27' ],
544 silly audit   'object-assign': [ '4.1.1' ],
544 silly audit   'object-inspect': [ '1.13.4' ],
544 silly audit   'object-keys': [ '1.1.1' ],
544 silly audit   'object.assign': [ '4.1.7' ],
544 silly audit   'object.entries': [ '1.1.9' ],
544 silly audit   'object.fromentries': [ '2.0.8' ],
544 silly audit   'object.groupby': [ '1.0.3' ],
544 silly audit   'object.values': [ '1.2.1' ],
544 silly audit   optionator: [ '0.9.4' ],
544 silly audit   'own-keys': [ '1.0.1' ],
544 silly audit   'p-limit': [ '3.1.0' ],
544 silly audit   'p-locate': [ '5.0.0' ],
544 silly audit   'parent-module': [ '1.0.1' ],
544 silly audit   'path-exists': [ '4.0.0' ],
544 silly audit   'path-key': [ '3.1.1' ],
544 silly audit   'path-parse': [ '1.0.7' ],
544 silly audit   picocolors: [ '1.1.1' ],
544 silly audit   picomatch: [ '2.3.1', '4.0.3' ],
544 silly audit   'possible-typed-array-names': [ '1.1.0' ],
544 silly audit   postcss: [ '8.4.31', '8.5.6' ],
544 silly audit   'prelude-ls': [ '1.2.1' ],
544 silly audit   'prop-types': [ '15.8.1' ],
544 silly audit   punycode: [ '2.3.1' ],
544 silly audit   'queue-microtask': [ '1.2.3' ],
544 silly audit   react: [ '19.2.3' ],
544 silly audit   'react-dom': [ '19.2.3' ],
544 silly audit   'react-is': [ '16.13.1' ],
544 silly audit   'reflect.getprototypeof': [ '1.0.10' ],
544 silly audit   'regexp.prototype.flags': [ '1.5.4' ],
544 silly audit   'resolve-from': [ '4.0.0' ],
544 silly audit   'resolve-pkg-maps': [ '1.0.0' ],
544 silly audit   reusify: [ '1.1.0' ],
544 silly audit   'run-parallel': [ '1.2.0' ],
544 silly audit   'safe-array-concat': [ '1.1.3' ],
544 silly audit   'safe-push-apply': [ '1.0.0' ],
544 silly audit   'safe-regex-test': [ '1.1.0' ],
544 silly audit   scheduler: [ '0.27.0' ],
544 silly audit   'set-function-length': [ '1.2.2' ],
544 silly audit   'set-function-name': [ '2.0.2' ],
544 silly audit   'set-proto': [ '1.0.0' ],
544 silly audit   sharp: [ '0.34.5' ],
544 silly audit   'shebang-command': [ '2.0.0' ],
544 silly audit   'shebang-regex': [ '3.0.0' ],
544 silly audit   'side-channel': [ '1.1.0' ],
544 silly audit   'side-channel-list': [ '1.0.0' ],
544 silly audit   'side-channel-map': [ '1.0.1' ],
544 silly audit   'side-channel-weakmap': [ '1.0.2' ],
544 silly audit   'source-map-js': [ '1.2.1' ],
544 silly audit   'stable-hash': [ '0.0.5' ],
544 silly audit   'stop-iteration-iterator': [ '1.1.0' ],
544 silly audit   'string.prototype.includes': [ '2.0.1' ],
544 silly audit   'string.prototype.matchall': [ '4.0.12' ],
544 silly audit   'string.prototype.repeat': [ '1.0.0' ],
544 silly audit   'string.prototype.trim': [ '1.2.10' ],
544 silly audit   'string.prototype.trimend': [ '1.0.9' ],
544 silly audit   'string.prototype.trimstart': [ '1.0.8' ],
544 silly audit   'strip-bom': [ '3.0.0' ],
544 silly audit   'strip-json-comments': [ '3.1.1' ],
544 silly audit   'styled-jsx': [ '5.1.6' ],
544 silly audit   'supports-color': [ '7.2.0' ],
544 silly audit   'supports-preserve-symlinks-flag': [ '1.0.0' ],
544 silly audit   tinyglobby: [ '0.2.15' ],
544 silly audit   fdir: [ '6.5.0' ],
544 silly audit   'to-regex-range': [ '5.0.1' ],
544 silly audit   'ts-api-utils': [ '2.4.0' ],
544 silly audit   'tsconfig-paths': [ '3.15.0' ],
544 silly audit   tslib: [ '2.8.1' ],
544 silly audit   'type-check': [ '0.4.0' ],
544 silly audit   'typed-array-buffer': [ '1.0.3' ],
544 silly audit   'typed-array-byte-length': [ '1.0.3' ],
544 silly audit   'typed-array-byte-offset': [ '1.0.4' ],
544 silly audit   'typed-array-length': [ '1.0.7' ],
544 silly audit   typescript: [ '5.9.3' ],
544 silly audit   'typescript-eslint': [ '8.56.1' ],
544 silly audit   'unbox-primitive': [ '1.1.0' ],
544 silly audit   'undici-types': [ '6.21.0' ],
544 silly audit   'unrs-resolver': [ '1.11.1' ],
544 silly audit   'update-browserslist-db': [ '1.2.3' ],
544 silly audit   'uri-js': [ '4.4.1' ],
544 silly audit   which: [ '2.0.2' ],
544 silly audit   'which-boxed-primitive': [ '1.1.1' ],
544 silly audit   'which-builtin-type': [ '1.2.1' ],
544 silly audit   'which-collection': [ '1.0.2' ],
544 silly audit   'which-typed-array': [ '1.1.20' ],
544 silly audit   'word-wrap': [ '1.2.5' ],
544 silly audit   ws: [ '8.19.0' ],
544 silly audit   yallist: [ '3.1.1' ],
544 silly audit   'yocto-queue': [ '0.1.0' ],
544 silly audit   zod: [ '4.3.6' ],
544 silly audit   'zod-validation-error': [ '4.0.2' ],
544 silly audit   vitest: [ '4.0.18' ],
544 silly audit   '@vitest/expect': [ '4.0.18' ],
544 silly audit   '@vitest/mocker': [ '4.0.18' ],
544 silly audit   '@vitest/pretty-format': [ '4.0.18' ],
544 silly audit   '@vitest/runner': [ '4.0.18' ],
544 silly audit   '@vitest/snapshot': [ '4.0.18' ],
544 silly audit   '@vitest/spy': [ '4.0.18' ],
544 silly audit   '@vitest/utils': [ '4.0.18' ],
544 silly audit   'es-module-lexer': [ '1.7.0' ],
544 silly audit   'expect-type': [ '1.3.0' ],
544 silly audit   'magic-string': [ '0.30.21' ],
544 silly audit   obug: [ '2.1.1' ],
544 silly audit   pathe: [ '2.0.3' ],
544 silly audit   'std-env': [ '3.10.0' ],
544 silly audit   tinybench: [ '2.9.0' ],
544 silly audit   tinyexec: [ '1.0.2' ],
544 silly audit   tinyrainbow: [ '3.0.3' ],
544 silly audit   vite: [ '7.3.1' ],
544 silly audit   'why-is-node-running': [ '2.3.0' ],
544 silly audit   '@standard-schema/spec': [ '1.1.0' ],
544 silly audit   '@types/chai': [ '5.2.3' ],
544 silly audit   chai: [ '6.2.2' ],
544 silly audit   '@types/deep-eql': [ '4.0.2' ],
544 silly audit   'assertion-error': [ '2.0.1' ],
544 silly audit   'estree-walker': [ '3.0.3' ],
544 silly audit   esbuild: [ '0.27.3' ],
544 silly audit   fsevents: [ '2.3.3' ],
544 silly audit   rollup: [ '4.59.0' ],
544 silly audit   '@esbuild/aix-ppc64': [ '0.27.3' ],
544 silly audit   '@esbuild/android-arm': [ '0.27.3' ],
544 silly audit   '@esbuild/android-arm64': [ '0.27.3' ],
544 silly audit   '@esbuild/android-x64': [ '0.27.3' ],
544 silly audit   '@esbuild/darwin-arm64': [ '0.27.3' ],
544 silly audit   '@esbuild/darwin-x64': [ '0.27.3' ],
544 silly audit   '@esbuild/freebsd-arm64': [ '0.27.3' ],
544 silly audit   '@esbuild/freebsd-x64': [ '0.27.3' ],
544 silly audit   '@esbuild/linux-arm': [ '0.27.3' ],
544 silly audit   '@esbuild/linux-arm64': [ '0.27.3' ],
544 silly audit   '@esbuild/linux-ia32': [ '0.27.3' ],
544 silly audit   '@esbuild/linux-loong64': [ '0.27.3' ],
544 silly audit   '@esbuild/linux-mips64el': [ '0.27.3' ],
544 silly audit   '@esbuild/linux-ppc64': [ '0.27.3' ],
544 silly audit   '@esbuild/linux-riscv64': [ '0.27.3' ],
544 silly audit   '@esbuild/linux-s390x': [ '0.27.3' ],
544 silly audit   '@esbuild/linux-x64': [ '0.27.3' ],
544 silly audit   '@esbuild/netbsd-arm64': [ '0.27.3' ],
544 silly audit   '@esbuild/netbsd-x64': [ '0.27.3' ],
544 silly audit   '@esbuild/openbsd-arm64': [ '0.27.3' ],
544 silly audit   '@esbuild/openbsd-x64': [ '0.27.3' ],
544 silly audit   '@esbuild/openharmony-arm64': [ '0.27.3' ],
544 silly audit   '@esbuild/sunos-x64': [ '0.27.3' ],
544 silly audit   '@esbuild/win32-arm64': [ '0.27.3' ],
544 silly audit   '@esbuild/win32-ia32': [ '0.27.3' ],
544 silly audit   '@esbuild/win32-x64': [ '0.27.3' ],
544 silly audit   '@rollup/rollup-android-arm-eabi': [ '4.59.0' ],
544 silly audit   '@rollup/rollup-android-arm64': [ '4.59.0' ],
544 silly audit   '@rollup/rollup-darwin-arm64': [ '4.59.0' ],
544 silly audit   '@rollup/rollup-darwin-x64': [ '4.59.0' ],
544 silly audit   '@rollup/rollup-freebsd-arm64': [ '4.59.0' ],
544 silly audit   '@rollup/rollup-freebsd-x64': [ '4.59.0' ],
544 silly audit   '@rollup/rollup-linux-arm-gnueabihf': [ '4.59.0' ],
544 silly audit   '@rollup/rollup-linux-arm-musleabihf': [ '4.59.0' ],
544 silly audit   '@rollup/rollup-linux-arm64-gnu': [ '4.59.0' ],
544 silly audit   '@rollup/rollup-linux-arm64-musl': [ '4.59.0' ],
544 silly audit   '@rollup/rollup-linux-loong64-gnu': [ '4.59.0' ],
544 silly audit   '@rollup/rollup-linux-loong64-musl': [ '4.59.0' ],
544 silly audit   '@rollup/rollup-linux-ppc64-gnu': [ '4.59.0' ],
544 silly audit   '@rollup/rollup-linux-ppc64-musl': [ '4.59.0' ],
544 silly audit   '@rollup/rollup-linux-riscv64-gnu': [ '4.59.0' ],
544 silly audit   '@rollup/rollup-linux-riscv64-musl': [ '4.59.0' ],
544 silly audit   '@rollup/rollup-linux-s390x-gnu': [ '4.59.0' ],
544 silly audit   '@rollup/rollup-linux-x64-gnu': [ '4.59.0' ],
544 silly audit   '@rollup/rollup-linux-x64-musl': [ '4.59.0' ],
544 silly audit   '@rollup/rollup-openbsd-x64': [ '4.59.0' ],
544 silly audit   '@rollup/rollup-openharmony-arm64': [ '4.59.0' ],
544 silly audit   '@rollup/rollup-win32-arm64-msvc': [ '4.59.0' ],
544 silly audit   '@rollup/rollup-win32-ia32-msvc': [ '4.59.0' ],
544 silly audit   '@rollup/rollup-win32-x64-gnu': [ '4.59.0' ],
544 silly audit   '@rollup/rollup-win32-x64-msvc': [ '4.59.0' ],
544 silly audit   siginfo: [ '2.0.0' ],
544 silly audit   stackback: [ '0.0.2' ]
544 silly audit }
545 http cache stackback@https://registry.npmjs.org/stackback/-/stackback-0.0.2.tgz 0ms (cache hit)
546 http cache siginfo@https://registry.npmjs.org/siginfo/-/siginfo-2.0.0.tgz 0ms (cache hit)
547 http cache @rollup/rollup-win32-x64-msvc@https://registry.npmjs.org/@rollup/rollup-win32-x64-msvc/-/rollup-win32-x64-msvc-4.59.0.tgz 0ms (cache hit)
548 http cache @esbuild/win32-x64@https://registry.npmjs.org/@esbuild/win32-x64/-/win32-x64-0.27.3.tgz 0ms (cache hit)
549 http cache @rollup/rollup-win32-x64-gnu@https://registry.npmjs.org/@rollup/rollup-win32-x64-gnu/-/rollup-win32-x64-gnu-4.59.0.tgz 0ms (cache hit)
550 http cache rollup@https://registry.npmjs.org/rollup/-/rollup-4.59.0.tgz 0ms (cache hit)
551 http cache @types/chai@https://registry.npmjs.org/@types/chai/-/chai-5.2.3.tgz 0ms (cache hit)
552 http cache esbuild@https://registry.npmjs.org/esbuild/-/esbuild-0.27.3.tgz 0ms (cache hit)
553 http cache @standard-schema/spec@https://registry.npmjs.org/@standard-schema/spec/-/spec-1.1.0.tgz 0ms (cache hit)
554 http cache @types/deep-eql@https://registry.npmjs.org/@types/deep-eql/-/deep-eql-4.0.2.tgz 0ms (cache hit)
555 http cache estree-walker@https://registry.npmjs.org/estree-walker/-/estree-walker-3.0.3.tgz 0ms (cache hit)
556 http cache chai@https://registry.npmjs.org/chai/-/chai-6.2.2.tgz 0ms (cache hit)
557 http cache assertion-error@https://registry.npmjs.org/assertion-error/-/assertion-error-2.0.1.tgz 0ms (cache hit)
558 http cache tinyrainbow@https://registry.npmjs.org/tinyrainbow/-/tinyrainbow-3.0.3.tgz 0ms (cache hit)
559 http cache why-is-node-running@https://registry.npmjs.org/why-is-node-running/-/why-is-node-running-2.3.0.tgz 0ms (cache hit)
560 http cache tinyexec@https://registry.npmjs.org/tinyexec/-/tinyexec-1.0.2.tgz 0ms (cache hit)
561 http cache vite@https://registry.npmjs.org/vite/-/vite-7.3.1.tgz 0ms (cache hit)
562 http cache pathe@https://registry.npmjs.org/pathe/-/pathe-2.0.3.tgz 0ms (cache hit)
563 http cache tinybench@https://registry.npmjs.org/tinybench/-/tinybench-2.9.0.tgz 1ms (cache hit)
564 http cache std-env@https://registry.npmjs.org/std-env/-/std-env-3.10.0.tgz 0ms (cache hit)
565 http cache obug@https://registry.npmjs.org/obug/-/obug-2.1.1.tgz 0ms (cache hit)
566 http cache @vitest/utils@https://registry.npmjs.org/@vitest/utils/-/utils-4.0.18.tgz 0ms (cache hit)
567 http cache @vitest/snapshot@https://registry.npmjs.org/@vitest/snapshot/-/snapshot-4.0.18.tgz 0ms (cache hit)
568 http cache magic-string@https://registry.npmjs.org/magic-string/-/magic-string-0.30.21.tgz 0ms (cache hit)
569 http cache @vitest/spy@https://registry.npmjs.org/@vitest/spy/-/spy-4.0.18.tgz 0ms (cache hit)
570 http cache expect-type@https://registry.npmjs.org/expect-type/-/expect-type-1.3.0.tgz 0ms (cache hit)
571 http cache es-module-lexer@https://registry.npmjs.org/es-module-lexer/-/es-module-lexer-1.7.0.tgz 0ms (cache hit)
572 http cache @vitest/pretty-format@https://registry.npmjs.org/@vitest/pretty-format/-/pretty-format-4.0.18.tgz 0ms (cache hit)
573 http cache @vitest/runner@https://registry.npmjs.org/@vitest/runner/-/runner-4.0.18.tgz 0ms (cache hit)
574 http cache @vitest/mocker@https://registry.npmjs.org/@vitest/mocker/-/mocker-4.0.18.tgz 0ms (cache hit)
575 http cache vitest@https://registry.npmjs.org/vitest/-/vitest-4.0.18.tgz 0ms (cache hit)
576 http cache picomatch@https://registry.npmjs.org/picomatch/-/picomatch-4.0.3.tgz 0ms (cache hit)
577 http cache postcss@https://registry.npmjs.org/postcss/-/postcss-8.5.6.tgz 0ms (cache hit)
578 http cache @vitest/expect@https://registry.npmjs.org/@vitest/expect/-/expect-4.0.18.tgz 0ms (cache hit)
579 http cache picomatch@https://registry.npmjs.org/picomatch/-/picomatch-4.0.3.tgz 0ms (cache hit)
580 http cache fdir@https://registry.npmjs.org/fdir/-/fdir-6.5.0.tgz 0ms (cache hit)
581 http fetch POST 200 https://registry.npmjs.org/-/npm/v1/security/advisories/bulk 433ms
582 silly audit report {}
583 silly ADD node_modules/stackback
584 silly ADD node_modules/siginfo
585 silly ADD node_modules/@rollup/rollup-win32-x64-msvc
586 silly ADD node_modules/@rollup/rollup-win32-x64-gnu
587 silly ADD node_modules/@esbuild/win32-x64
588 silly ADD node_modules/rollup
589 silly ADD node_modules/esbuild
590 silly ADD node_modules/estree-walker
591 silly ADD node_modules/assertion-error
592 silly ADD node_modules/@types/deep-eql
593 silly ADD node_modules/chai
594 silly ADD node_modules/@types/chai
595 silly ADD node_modules/@standard-schema/spec
596 silly ADD node_modules/why-is-node-running
597 silly ADD node_modules/vite
598 silly ADD node_modules/vite/node_modules/postcss
599 silly ADD node_modules/vite/node_modules/picomatch
600 silly ADD node_modules/vite/node_modules/fdir
601 silly ADD node_modules/tinyrainbow
602 silly ADD node_modules/tinyexec
603 silly ADD node_modules/tinybench
604 silly ADD node_modules/std-env
605 silly ADD node_modules/pathe
606 silly ADD node_modules/obug
607 silly ADD node_modules/magic-string
608 silly ADD node_modules/expect-type
609 silly ADD node_modules/es-module-lexer
610 silly ADD node_modules/@vitest/utils
611 silly ADD node_modules/@vitest/spy
612 silly ADD node_modules/@vitest/snapshot
613 silly ADD node_modules/@vitest/runner
614 silly ADD node_modules/@vitest/pretty-format
615 silly ADD node_modules/@vitest/mocker
616 silly ADD node_modules/@vitest/expect
617 silly ADD node_modules/vitest
618 silly ADD node_modules/vitest/node_modules/picomatch
619 verbose cwd C:\dev\Assemblio
620 verbose os Windows_NT 10.0.26200
621 verbose node v20.20.0
622 verbose npm  v11.6.2
623 verbose exit 0
624 info ok
